Archive member included to satisfy reference by file (symbol)

/home/javastral/st/stm32cubeclt_1.17.0/GNU-tools-for-STM32/bin/../lib/gcc/arm-none-eabi/12.3.1/../../../../arm-none-eabi/lib/thumb/v7e-m+fp/hard/libc_nano.a(libc_a-exit.o)
                              /home/javastral/st/stm32cubeclt_1.17.0/GNU-tools-for-STM32/bin/../lib/gcc/arm-none-eabi/12.3.1/../../../../arm-none-eabi/lib/thumb/v7e-m+fp/hard/crt0.o (exit)
/home/javastral/st/stm32cubeclt_1.17.0/GNU-tools-for-STM32/bin/../lib/gcc/arm-none-eabi/12.3.1/../../../../arm-none-eabi/lib/thumb/v7e-m+fp/hard/libc_nano.a(libc_a-findfp.o)
                              /home/javastral/st/stm32cubeclt_1.17.0/GNU-tools-for-STM32/bin/../lib/gcc/arm-none-eabi/12.3.1/../../../../arm-none-eabi/lib/thumb/v7e-m+fp/hard/libc_nano.a(libc_a-exit.o) (__stdio_exit_handler)
/home/javastral/st/stm32cubeclt_1.17.0/GNU-tools-for-STM32/bin/../lib/gcc/arm-none-eabi/12.3.1/../../../../arm-none-eabi/lib/thumb/v7e-m+fp/hard/libc_nano.a(libc_a-fwalk.o)
                              /home/javastral/st/stm32cubeclt_1.17.0/GNU-tools-for-STM32/bin/../lib/gcc/arm-none-eabi/12.3.1/../../../../arm-none-eabi/lib/thumb/v7e-m+fp/hard/libc_nano.a(libc_a-findfp.o) (_fwalk_sglue)
/home/javastral/st/stm32cubeclt_1.17.0/GNU-tools-for-STM32/bin/../lib/gcc/arm-none-eabi/12.3.1/../../../../arm-none-eabi/lib/thumb/v7e-m+fp/hard/libc_nano.a(libc_a-stdio.o)
                              /home/javastral/st/stm32cubeclt_1.17.0/GNU-tools-for-STM32/bin/../lib/gcc/arm-none-eabi/12.3.1/../../../../arm-none-eabi/lib/thumb/v7e-m+fp/hard/libc_nano.a(libc_a-findfp.o) (__sread)
/home/javastral/st/stm32cubeclt_1.17.0/GNU-tools-for-STM32/bin/../lib/gcc/arm-none-eabi/12.3.1/../../../../arm-none-eabi/lib/thumb/v7e-m+fp/hard/libc_nano.a(libc_a-memset.o)
                              /home/javastral/st/stm32cubeclt_1.17.0/GNU-tools-for-STM32/bin/../lib/gcc/arm-none-eabi/12.3.1/../../../../arm-none-eabi/lib/thumb/v7e-m+fp/hard/crt0.o (memset)
/home/javastral/st/stm32cubeclt_1.17.0/GNU-tools-for-STM32/bin/../lib/gcc/arm-none-eabi/12.3.1/../../../../arm-none-eabi/lib/thumb/v7e-m+fp/hard/libc_nano.a(libc_a-closer.o)
                              /home/javastral/st/stm32cubeclt_1.17.0/GNU-tools-for-STM32/bin/../lib/gcc/arm-none-eabi/12.3.1/../../../../arm-none-eabi/lib/thumb/v7e-m+fp/hard/libc_nano.a(libc_a-stdio.o) (_close_r)
/home/javastral/st/stm32cubeclt_1.17.0/GNU-tools-for-STM32/bin/../lib/gcc/arm-none-eabi/12.3.1/../../../../arm-none-eabi/lib/thumb/v7e-m+fp/hard/libc_nano.a(libc_a-reent.o)
                              /home/javastral/st/stm32cubeclt_1.17.0/GNU-tools-for-STM32/bin/../lib/gcc/arm-none-eabi/12.3.1/../../../../arm-none-eabi/lib/thumb/v7e-m+fp/hard/libc_nano.a(libc_a-closer.o) (errno)
/home/javastral/st/stm32cubeclt_1.17.0/GNU-tools-for-STM32/bin/../lib/gcc/arm-none-eabi/12.3.1/../../../../arm-none-eabi/lib/thumb/v7e-m+fp/hard/libc_nano.a(libc_a-impure.o)
                              /home/javastral/st/stm32cubeclt_1.17.0/GNU-tools-for-STM32/bin/../lib/gcc/arm-none-eabi/12.3.1/../../../../arm-none-eabi/lib/thumb/v7e-m+fp/hard/libc_nano.a(libc_a-reent.o) (_impure_ptr)
/home/javastral/st/stm32cubeclt_1.17.0/GNU-tools-for-STM32/bin/../lib/gcc/arm-none-eabi/12.3.1/../../../../arm-none-eabi/lib/thumb/v7e-m+fp/hard/libc_nano.a(libc_a-lseekr.o)
                              /home/javastral/st/stm32cubeclt_1.17.0/GNU-tools-for-STM32/bin/../lib/gcc/arm-none-eabi/12.3.1/../../../../arm-none-eabi/lib/thumb/v7e-m+fp/hard/libc_nano.a(libc_a-stdio.o) (_lseek_r)
/home/javastral/st/stm32cubeclt_1.17.0/GNU-tools-for-STM32/bin/../lib/gcc/arm-none-eabi/12.3.1/../../../../arm-none-eabi/lib/thumb/v7e-m+fp/hard/libc_nano.a(libc_a-readr.o)
                              /home/javastral/st/stm32cubeclt_1.17.0/GNU-tools-for-STM32/bin/../lib/gcc/arm-none-eabi/12.3.1/../../../../arm-none-eabi/lib/thumb/v7e-m+fp/hard/libc_nano.a(libc_a-stdio.o) (_read_r)
/home/javastral/st/stm32cubeclt_1.17.0/GNU-tools-for-STM32/bin/../lib/gcc/arm-none-eabi/12.3.1/../../../../arm-none-eabi/lib/thumb/v7e-m+fp/hard/libc_nano.a(libc_a-writer.o)
                              /home/javastral/st/stm32cubeclt_1.17.0/GNU-tools-for-STM32/bin/../lib/gcc/arm-none-eabi/12.3.1/../../../../arm-none-eabi/lib/thumb/v7e-m+fp/hard/libc_nano.a(libc_a-stdio.o) (_write_r)
/home/javastral/st/stm32cubeclt_1.17.0/GNU-tools-for-STM32/bin/../lib/gcc/arm-none-eabi/12.3.1/../../../../arm-none-eabi/lib/thumb/v7e-m+fp/hard/libc_nano.a(libc_a-init.o)
                              /home/javastral/st/stm32cubeclt_1.17.0/GNU-tools-for-STM32/bin/../lib/gcc/arm-none-eabi/12.3.1/../../../../arm-none-eabi/lib/thumb/v7e-m+fp/hard/crt0.o (__libc_init_array)
/home/javastral/st/stm32cubeclt_1.17.0/GNU-tools-for-STM32/bin/../lib/gcc/arm-none-eabi/12.3.1/../../../../arm-none-eabi/lib/thumb/v7e-m+fp/hard/libc_nano.a(libc_a-lock.o)
[...]
Memory Configuration

Name             Origin             Length             Attributes
RAM              0x20000000         0x00018000         xrw
RAM2             0x10000000         0x00008000         xrw
FLASH            0x08000000         0x00100000         xr
*default*        0x00000000         0xffffffff

Linker script and memory map

LOAD /home/javastral/st/stm32cubeclt_1.17.0/GNU-tools-for-STM32/bin/../lib/gcc/arm-none-eabi/12.3.1/thumb/v7e-m+fp/hard/crti.o
LOAD /home/javastral/st/stm32cubeclt_1.17.0/GNU-tools-for-STM32/bin/../lib/gcc/arm-none-eabi/12.3.1/thumb/v7e-m+fp/hard/crtbegin.o
LOAD /home/javastral/st/stm32cubeclt_1.17.0/GNU-tools-for-STM32/bin/../lib/gcc/arm-none-eabi/12.3.1/../../../../arm-none-eabi/lib/thumb/v7e-m+fp/hard/crt0.o
START GROUP
LOAD /home/javastral/st/stm32cubeclt_1.17.0/GNU-tools-for-STM32/bin/../lib/gcc/arm-none-eabi/12.3.1/../../../../arm-none-eabi/lib/thumb/v7e-m+fp/hard/libc_nano.a
LOAD /home/javastral/st/stm32cubeclt_1.17.0/GNU-tools-for-STM32/bin/../lib/gcc/arm-none-eabi/12.3.1/../../../../arm-none-eabi/lib/thumb/v7e-m+fp/hard/libm.a
END GROUP
LOAD CMakeFiles/Plantilla-final.dir/Core/Src/ring_buffer.c.obj
LOAD CMakeFiles/Plantilla-final.dir/Drivers/ssd1306/ssd1306.c.obj
LOAD CMakeFiles/Plantilla-final.dir/Drivers/ssd1306/ssd1306_fonts.c.obj
LOAD CMakeFiles/Plantilla-final.dir/Drivers/keypad/keypad.c.obj
LOAD CMakeFiles/Plantilla-final.dir/Core/Src/system.c.obj
LOAD CMakeFiles/Plantilla-final.dir/Core/Src/main.c.obj
LOAD CMakeFiles/Plantilla-final.dir/Core/Src/stm32l4xx_it.c.obj
LOAD CMakeFiles/Plantilla-final.dir/Core/Src/stm32l4xx_hal_msp.c.obj
LOAD CMakeFiles/Plantilla-final.dir/Drivers/STM32L4xx_HAL_Driver/Src/stm32l4xx_hal_i2c.c.obj
LOAD CMakeFiles/Plantilla-final.dir/Drivers/STM32L4xx_HAL_Driver/Src/stm32l4xx_hal_i2c_ex.c.obj
LOAD CMakeFiles/Plantilla-final.dir/Drivers/STM32L4xx_HAL_Driver/Src/stm32l4xx_hal.c.obj
LOAD CMakeFiles/Plantilla-final.dir/Drivers/STM32L4xx_HAL_Driver/Src/stm32l4xx_hal_rcc.c.obj
LOAD CMakeFiles/Plantilla-final.dir/Drivers/STM32L4xx_HAL_Driver/Src/stm32l4xx_hal_rcc_ex.c.obj
LOAD CMakeFiles/Plantilla-final.dir/Drivers/STM32L4xx_HAL_Driver/Src/stm32l4xx_hal_flash.c.obj
LOAD CMakeFiles/Plantilla-final.dir/Drivers/STM32L4xx_HAL_Driver/Src/stm32l4xx_hal_flash_ex.c.obj
LOAD CMakeFiles/Plantilla-final.dir/Drivers/STM32L4xx_HAL_Driver/Src/stm32l4xx_hal_flash_ramfunc.c.obj
LOAD CMakeFiles/Plantilla-final.dir/Drivers/STM32L4xx_HAL_Driver/Src/stm32l4xx_hal_gpio.c.obj
LOAD CMakeFiles/Plantilla-final.dir/Drivers/STM32L4xx_HAL_Driver/Src/stm32l4xx_hal_dma.c.obj
LOAD CMakeFiles/Plantilla-final.dir/Drivers/STM32L4xx_HAL_Driver/Src/stm32l4xx_hal_dma_ex.c.obj
LOAD CMakeFiles/Plantilla-final.dir/Drivers/STM32L4xx_HAL_Driver/Src/stm32l4xx_hal_pwr.c.obj
LOAD CMakeFiles/Plantilla-final.dir/Drivers/STM32L4xx_HAL_Driver/Src/stm32l4xx_hal_pwr_ex.c.obj
LOAD CMakeFiles/Plantilla-final.dir/Drivers/STM32L4xx_HAL_Driver/Src/stm32l4xx_hal_cortex.c.obj
LOAD CMakeFiles/Plantilla-final.dir/Drivers/STM32L4xx_HAL_Driver/Src/stm32l4xx_hal_exti.c.obj
LOAD CMakeFiles/Plantilla-final.dir/Drivers/STM32L4xx_HAL_Driver/Src/stm32l4xx_hal_uart.c.obj
LOAD CMakeFiles/Plantilla-final.dir/Drivers/STM32L4xx_HAL_Driver/Src/stm32l4xx_hal_uart_ex.c.obj
LOAD CMakeFiles/Plantilla-final.dir/Core/Src/system_stm32l4xx.c.obj
LOAD CMakeFiles/Plantilla-final.dir/Core/Src/sysmem.c.obj
LOAD CMakeFiles/Plantilla-final.dir/Core/Src/syscalls.c.obj
LOAD CMakeFiles/Plantilla-final.dir/startup_stm32l476xx.s.obj
START GROUP
LOAD /home/javastral/st/stm32cubeclt_1.17.0/GNU-tools-for-STM32/bin/../lib/gcc/arm-none-eabi/12.3.1/thumb/v7e-m+fp/hard/libgcc.a
LOAD /home/javastral/st/stm32cubeclt_1.17.0/GNU-tools-for-STM32/bin/../lib/gcc/arm-none-eabi/12.3.1/../../../../arm-none-eabi/lib/thumb/v7e-m+fp/hard/libg_nano.a
LOAD /home/javastral/st/stm32cubeclt_1.17.0/GNU-tools-for-STM32/bin/../lib/gcc/arm-none-eabi/12.3.1/../../../../arm-none-eabi/lib/thumb/v7e-m+fp/hard/libc_nano.a
END GROUP
START GROUP
LOAD /home/javastral/st/stm32cubeclt_1.17.0/GNU-tools-for-STM32/bin/../lib/gcc/arm-none-eabi/12.3.1/thumb/v7e-m+fp/hard/libgcc.a
LOAD /home/javastral/st/stm32cubeclt_1.17.0/GNU-tools-for-STM32/bin/../lib/gcc/arm-none-eabi/12.3.1/../../../../arm-none-eabi/lib/thumb/v7e-m+fp/hard/libc_nano.a
END GROUP
LOAD /home/javastral/st/stm32cubeclt_1.17.0/GNU-tools-for-STM32/bin/../lib/gcc/arm-none-eabi/12.3.1/thumb/v7e-m+fp/hard/crtend.o
LOAD /home/javastral/st/stm32cubeclt_1.17.0/GNU-tools-for-STM32/bin/../lib/gcc/arm-none-eabi/12.3.1/thumb/v7e-m+fp/hard/crtn.o
                0x20018000                        _estack = (ORIGIN (RAM) + LENGTH (RAM))
                0x00000200                        _Min_Heap_Size = 0x200
                0x00000400                        _Min_Stack_Size = 0x400

.isr_vector     0x08000000      0x188
                0x08000000                        . = ALIGN (0x8)
 *(.isr_vector)
 .isr_vector    0x08000000      0x188 CMakeFiles/Plantilla-final.dir/startup_stm32l476xx.s.obj
                0x08000000                g_pfnVectors
                0x08000188                        . = ALIGN (0x8)

.text           0x08000190     0x7508
                0x08000190                        . = ALIGN (0x8)
 *(.text)
 .text          0x08000190       0x40 /home/javastral/st/stm32cubeclt_1.17.0/GNU-tools-for-STM32/bin/../lib/gcc/arm-none-eabi/12.3.1/thumb/v7e-m+fp/hard/crtbegin.o
 .text          0x080001d0       0x30 /home/javastral/st/stm32cubeclt_1.17.0/GNU-tools-for-STM32/bin/../lib/gcc/arm-none-eabi/12.3.1/thumb/v7e-m+fp/hard/libgcc.a(_aeabi_uldivmod.o)
                0x080001d0                __aeabi_uldivmod
 .text          0x08000200      0x2bc /home/javastral/st/stm32cubeclt_1.17.0/GNU-tools-for-STM32/bin/../lib/gcc/arm-none-eabi/12.3.1/thumb/v7e-m+fp/hard/libgcc.a(_udivmoddi4.o)
                0x08000200                __udivmoddi4
 .text          0x080004bc        0x4 /home/javastral/st/stm32cubeclt_1.17.0/GNU-tools-for-STM32/bin/../lib/gcc/arm-none-eabi/12.3.1/thumb/v7e-m+fp/hard/libgcc.a(_dvmd_tls.o)
                0x080004bc                __aeabi_ldiv0
                0x080004bc                __aeabi_idiv0
 .text          0x080004c0       0x14 /home/javastral/st/stm32cubeclt_1.17.0/GNU-tools-for-STM32/bin/../lib/gcc/arm-none-eabi/12.3.1/../../../../arm-none-eabi/lib/thumb/v7e-m+fp/hard/libg_nano.a(libc_a-strcmp.o)
                0x080004c0                strcmp
 *fill*         0x080004d4        0xc 
 .text          0x080004e0       0xa0 /home/javastral/st/stm32cubeclt_1.17.0/GNU-tools-for-STM32/bin/../lib/gcc/arm-none-eabi/12.3.1/../../../../arm-none-eabi/lib/thumb/v7e-m+fp/hard/libg_nano.a(libc_a-memchr.o)
                0x080004e0                memchr
 *(.text*)
 .text.std      0x08000580       0x6c /home/javastral/st/stm32cubeclt_1.17.0/GNU-tools-for-STM32/bin/../lib/gcc/arm-none-eabi/12.3.1/../../../../arm-none-eabi/lib/thumb/v7e-m+fp/hard/libc_nano.a(libc_a-findfp.o)
 .text.stdio_exit_handler
                0x080005ec       0x18 /home/javastral/st/stm32cubeclt_1.17.0/GNU-tools-for-STM32/bin/../lib/gcc/arm-none-eabi/12.3.1/../../../../arm-none-eabi/lib/thumb/v7e-m+fp/hard/libc_nano.a(libc_a-findfp.o)
 .text.cleanup_stdio
                0x08000604       0x40 /home/javastral/st/stm32cubeclt_1.17.0/GNU-tools-for-STM32/bin/../lib/gcc/arm-none-eabi/12.3.1/../../../../arm-none-eabi/lib/thumb/v7e-m+fp/hard/libc_nano.a(libc_a-findfp.o)
 .text.global_stdio_init.part.0
                0x08000644       0x3c /home/javastral/st/stm32cubeclt_1.17.0/GNU-tools-for-STM32/bin/../lib/gcc/arm-none-eabi/12.3.1/../../../../arm-none-eabi/lib/thumb/v7e-m+fp/hard/libc_nano.a(libc_a-findfp.o)
 .text.__sfp_lock_acquire
                0x08000680        0xc /home/javastral/st/stm32cubeclt_1.17.0/GNU-tools-for-STM32/bin/../lib/gcc/arm-none-eabi/12.3.1/../../../../arm-none-eabi/lib/thumb/v7e-m+fp/hard/libc_nano.a(libc_a-findfp.o)
                0x08000680                __sfp_lock_acquire
 .text.__sfp_lock_release
                0x0800068c        0xc /home/javastral/st/stm32cubeclt_1.17.0/GNU-tools-for-STM32/bin/../lib/gcc/arm-none-eabi/12.3.1/../../../../arm-none-eabi/lib/thumb/v7e-m+fp/hard/libc_nano.a(libc_a-findfp.o)
                0x0800068c                __sfp_lock_release
 .text.__sinit  0x08000698       0x30 /home/javastral/st/stm32cubeclt_1.17.0/GNU-tools-for-STM32/bin/../lib/gcc/arm-none-eabi/12.3.1/../../../../arm-none-eabi/lib/thumb/v7e-m+fp/hard/libc_nano.a(libc_a-findfp.o)
                0x08000698                __sinit
 .text._fwalk_sglue
                0x080006c8       0x3c /home/javastral/st/stm32cubeclt_1.17.0/GNU-tools-for-STM32/bin/../lib/gcc/arm-none-eabi/12.3.1/../../../../arm-none-eabi/lib/thumb/v7e-m+fp/hard/libc_nano.a(libc_a-fwalk.o)
                0x080006c8                _fwalk_sglue
 .text.__sread  0x08000704       0x22 /home/javastral/st/stm32cubeclt_1.17.0/GNU-tools-for-STM32/bin/../lib/gcc/arm-none-eabi/12.3.1/../../../../arm-none-eabi/lib/thumb/v7e-m+fp/hard/libc_nano.a(libc_a-stdio.o)
                0x08000704                __sread
 .text.__swrite
                0x08000726       0x38 /home/javastral/st/stm32cubeclt_1.17.0/GNU-tools-for-STM32/bin/../lib/gcc/arm-none-eabi/12.3.1/../../../../arm-none-eabi/lib/thumb/v7e-m+fp/hard/libc_nano.a(libc_a-stdio.o)
                0x08000726                __swrite
 .text.__sseek  0x0800075e       0x24 /home/javastral/st/stm32cubeclt_1.17.0/GNU-tools-for-STM32/bin/../lib/gcc/arm-none-eabi/12.3.1/../../../../arm-none-eabi/lib/thumb/v7e-m+fp/hard/libc_nano.a(libc_a-stdio.o)
                0x0800075e                __sseek
 .text.__sclose
                0x08000782        0x8 /home/javastral/st/stm32cubeclt_1.17.0/GNU-tools-for-STM32/bin/../lib/gcc/arm-none-eabi/12.3.1/../../../../arm-none-eabi/lib/thumb/v7e-m+fp/hard/libc_nano.a(libc_a-stdio.o)
                0x08000782                __sclose
 .text.memset   0x0800078a       0x10 /home/javastral/st/stm32cubeclt_1.17.0/GNU-tools-for-STM32/bin/../lib/gcc/arm-none-eabi/12.3.1/../../../../arm-none-eabi/lib/thumb/v7e-m+fp/hard/libc_nano.a(libc_a-memset.o)
                0x0800078a                memset
 *fill*         0x0800079a        0x2 
 .text._close_r
                0x0800079c       0x20 /home/javastral/st/stm32cubeclt_1.17.0/GNU-tools-for-STM32/bin/../lib/gcc/arm-none-eabi/12.3.1/../../../../arm-none-eabi/lib/thumb/v7e-m+fp/hard/libc_nano.a(libc_a-closer.o)
                0x0800079c                _close_r
 .text._lseek_r
                0x080007bc       0x24 /home/javastral/st/stm32cubeclt_1.17.0/GNU-tools-for-STM32/bin/../lib/gcc/arm-none-eabi/12.3.1/../../../../arm-none-eabi/lib/thumb/v7e-m+fp/hard/libc_nano.a(libc_a-lseekr.o)
                0x080007bc                _lseek_r
 .text._read_r  0x080007e0       0x24 /home/javastral/st/stm32cubeclt_1.17.0/GNU-tools-for-STM32/bin/../lib/gcc/arm-none-eabi/12.3.1/../../../../arm-none-eabi/lib/thumb/v7e-m+fp/hard/libc_nano.a(libc_a-readr.o)
                0x080007e0                _read_r
 .text._write_r
                0x08000804       0x24 /home/javastral/st/stm32cubeclt_1.17.0/GNU-tools-for-STM32/bin/../lib/gcc/arm-none-eabi/12.3.1/../../../../arm-none-eabi/lib/thumb/v7e-m+fp/hard/libc_nano.a(libc_a-writer.o)
                0x08000804                _write_r
 .text.__libc_init_array
                0x08000828       0x48 /home/javastral/st/stm32cubeclt_1.17.0/GNU-tools-for-STM32/bin/../lib/gcc/arm-none-eabi/12.3.1/../../../../arm-none-eabi/lib/thumb/v7e-m+fp/hard/libc_nano.a(libc_a-init.o)
                0x08000828                __libc_init_array
 .text.__retarget_lock_init_recursive
                0x08000870        0x2 /home/javastral/st/stm32cubeclt_1.17.0/GNU-tools-for-STM32/bin/../lib/gcc/arm-none-eabi/12.3.1/../../../../arm-none-eabi/lib/thumb/v7e-m+fp/hard/libc_nano.a(libc_a-lock.o)
                0x08000870                __retarget_lock_init_recursive
 .text.__retarget_lock_acquire_recursive
                0x08000872        0x2 /home/javastral/st/stm32cubeclt_1.17.0/GNU-tools-for-STM32/bin/../lib/gcc/arm-none-eabi/12.3.1/../../../../arm-none-eabi/lib/thumb/v7e-m+fp/hard/libc_nano.a(libc_a-lock.o)
                0x08000872                __retarget_lock_acquire_recursive
 .text.__retarget_lock_release_recursive
                0x08000874        0x2 /home/javastral/st/stm32cubeclt_1.17.0/GNU-tools-for-STM32/bin/../lib/gcc/arm-none-eabi/12.3.1/../../../../arm-none-eabi/lib/thumb/v7e-m+fp/hard/libc_nano.a(libc_a-lock.o)
                0x08000874                __retarget_lock_release_recursive
 *fill*         0x08000876        0x2 
 .text._free_r  0x08000878       0x94 /home/javastral/st/stm32cubeclt_1.17.0/GNU-tools-for-STM32/bin/../lib/gcc/arm-none-eabi/12.3.1/../../../../arm-none-eabi/lib/thumb/v7e-m+fp/hard/libc_nano.a(libc_a-freer.o)
                0x08000878                _free_r
 .text.sbrk_aligned
                0x0800090c       0x44 /home/javastral/st/stm32cubeclt_1.17.0/GNU-tools-for-STM32/bin/../lib/gcc/arm-none-eabi/12.3.1/../../../../arm-none-eabi/lib/thumb/v7e-m+fp/hard/libc_nano.a(libc_a-mallocr.o)
 .text._malloc_r
                0x08000950      0x100 /home/javastral/st/stm32cubeclt_1.17.0/GNU-tools-for-STM32/bin/../lib/gcc/arm-none-eabi/12.3.1/../../../../arm-none-eabi/lib/thumb/v7e-m+fp/hard/libc_nano.a(libc_a-mallocr.o)
                0x08000950                _malloc_r
 .text.__malloc_lock
                0x08000a50        0xc /home/javastral/st/stm32cubeclt_1.17.0/GNU-tools-for-STM32/bin/../lib/gcc/arm-none-eabi/12.3.1/../../../../arm-none-eabi/lib/thumb/v7e-m+fp/hard/libc_nano.a(libc_a-mlock.o)
                0x08000a50                __malloc_lock
 .text.__malloc_unlock
                0x08000a5c        0xc /home/javastral/st/stm32cubeclt_1.17.0/GNU-tools-for-STM32/bin/../lib/gcc/arm-none-eabi/12.3.1/../../../../arm-none-eabi/lib/thumb/v7e-m+fp/hard/libc_nano.a(libc_a-mlock.o)
                0x08000a5c                __malloc_unlock
 .text.__sflush_r
                0x08000a68      0x108 /home/javastral/st/stm32cubeclt_1.17.0/GNU-tools-for-STM32/bin/../lib/gcc/arm-none-eabi/12.3.1/../../../../arm-none-eabi/lib/thumb/v7e-m+fp/hard/libc_nano.a(libc_a-fflush.o)
                0x08000a68                __sflush_r
 .text._fflush_r
                0x08000b70       0x50 /home/javastral/st/stm32cubeclt_1.17.0/GNU-tools-for-STM32/bin/../lib/gcc/arm-none-eabi/12.3.1/../../../../arm-none-eabi/lib/thumb/v7e-m+fp/hard/libc_nano.a(libc_a-fflush.o)
                0x08000b70                _fflush_r
 .text._sbrk_r  0x08000bc0       0x20 /home/javastral/st/stm32cubeclt_1.17.0/GNU-tools-for-STM32/bin/../lib/gcc/arm-none-eabi/12.3.1/../../../../arm-none-eabi/lib/thumb/v7e-m+fp/hard/libc_nano.a(libc_a-sbrkr.o)
                0x08000bc0                _sbrk_r
 .text.ring_buffer_init
                0x08000be0       0x38 CMakeFiles/Plantilla-final.dir/Core/Src/ring_buffer.c.obj
                0x08000be0                ring_buffer_init
 .text.ring_buffer_size
                0x08000c18       0x50 CMakeFiles/Plantilla-final.dir/Core/Src/ring_buffer.c.obj
                0x08000c18                ring_buffer_size
 .text.ring_buffer_is_empty
                0x08000c68       0x30 CMakeFiles/Plantilla-final.dir/Core/Src/ring_buffer.c.obj
                0x08000c68                ring_buffer_is_empty
 .text.ring_buffer_write
                0x08000c98       0x7a CMakeFiles/Plantilla-final.dir/Core/Src/ring_buffer.c.obj
                0x08000c98                ring_buffer_write
 .text.ring_buffer_read
                0x08000d12       0x54 CMakeFiles/Plantilla-final.dir/Core/Src/ring_buffer.c.obj
                0x08000d12                ring_buffer_read
 .text.ssd1306_Reset
                0x08000d66        0xe CMakeFiles/Plantilla-final.dir/Drivers/ssd1306/ssd1306.c.obj
                0x08000d66                ssd1306_Reset
 .text.ssd1306_WriteCommand
                0x08000d74       0x30 CMakeFiles/Plantilla-final.dir/Drivers/ssd1306/ssd1306.c.obj
                0x08000d74                ssd1306_WriteCommand
 .text.ssd1306_WriteData
                0x08000da4       0x34 CMakeFiles/Plantilla-final.dir/Drivers/ssd1306/ssd1306.c.obj
                0x08000da4                ssd1306_WriteData
 .text.ssd1306_Init
                0x08000dd8       0xd4 CMakeFiles/Plantilla-final.dir/Drivers/ssd1306/ssd1306.c.obj
                0x08000dd8                ssd1306_Init
 .text.ssd1306_Fill
                0x08000eac       0x30 CMakeFiles/Plantilla-final.dir/Drivers/ssd1306/ssd1306.c.obj
                0x08000eac                ssd1306_Fill
 .text.ssd1306_UpdateScreen
                0x08000edc       0x50 CMakeFiles/Plantilla-final.dir/Drivers/ssd1306/ssd1306.c.obj
                0x08000edc                ssd1306_UpdateScreen
 .text.ssd1306_DrawPixel
                0x08000f2c       0xa8 CMakeFiles/Plantilla-final.dir/Drivers/ssd1306/ssd1306.c.obj
                0x08000f2c                ssd1306_DrawPixel
 .text.ssd1306_WriteChar
                0x08000fd4      0x124 CMakeFiles/Plantilla-final.dir/Drivers/ssd1306/ssd1306.c.obj
                0x08000fd4                ssd1306_WriteChar
 .text.ssd1306_WriteString
                0x080010f8       0x4c CMakeFiles/Plantilla-final.dir/Drivers/ssd1306/ssd1306.c.obj
                0x080010f8                ssd1306_WriteString
 .text.ssd1306_SetCursor
                0x08001144       0x30 CMakeFiles/Plantilla-final.dir/Drivers/ssd1306/ssd1306.c.obj
                0x08001144                ssd1306_SetCursor
 .text.ssd1306_SetContrast
                0x08001174       0x26 CMakeFiles/Plantilla-final.dir/Drivers/ssd1306/ssd1306.c.obj
                0x08001174                ssd1306_SetContrast
 *fill*         0x0800119a        0x2 
 .text.ssd1306_SetDisplayOn
                0x0800119c       0x3c CMakeFiles/Plantilla-final.dir/Drivers/ssd1306/ssd1306.c.obj
                0x0800119c                ssd1306_SetDisplayOn
 .text.keypad_init
                0x080011d8       0x38 CMakeFiles/Plantilla-final.dir/Drivers/keypad/keypad.c.obj
                0x080011d8                keypad_init
 .text.keypad_scan_rows
                0x08001210       0xf4 CMakeFiles/Plantilla-final.dir/Drivers/keypad/keypad.c.obj
 .text.keypad_scan
                0x08001304       0xdc CMakeFiles/Plantilla-final.dir/Drivers/keypad/keypad.c.obj
                0x08001304                keypad_scan
 .text.system_state_machine
                0x080013e0       0x7c CMakeFiles/Plantilla-final.dir/Core/Src/system.c.obj
                0x080013e0                system_state_machine
 .text.system_events_handler_button
                0x0800145c       0x74 CMakeFiles/Plantilla-final.dir/Core/Src/system.c.obj
                0x0800145c                system_events_handler_button
 .text.system_events_handler_key
                0x080014d0       0xe8 CMakeFiles/Plantilla-final.dir/Core/Src/system.c.obj
                0x080014d0                system_events_handler_key
 .text.system_events_handler_cmd
                0x080015b8       0x98 CMakeFiles/Plantilla-final.dir/Core/Src/system.c.obj
                0x080015b8                system_events_handler_cmd
 .text.process_uart_commands
                0x08001650       0x82 CMakeFiles/Plantilla-final.dir/Core/Src/system.c.obj
                0x08001650                process_uart_commands
 *fill*         0x080016d2        0x2 
 .text.heartbeat
                0x080016d4       0x34 CMakeFiles/Plantilla-final.dir/Core/Src/system.c.obj
                0x080016d4                heartbeat
 .text.HAL_GPIO_EXTI_Callback
                0x08001708       0x54 CMakeFiles/Plantilla-final.dir/Core/Src/main.c.obj
                0x08001708                HAL_GPIO_EXTI_Callback
 .text.HAL_UART_RxCpltCallback
                0x0800175c       0x8c CMakeFiles/Plantilla-final.dir/Core/Src/main.c.obj
                0x0800175c                HAL_UART_RxCpltCallback
 .text._write   0x080017e8       0x28 CMakeFiles/Plantilla-final.dir/Core/Src/main.c.obj
                0x080017e8                _write
 .text.main     0x08001810      0x160 CMakeFiles/Plantilla-final.dir/Core/Src/main.c.obj
                0x08001810                main
 .text.SystemClock_Config
                0x08001970       0xa2 CMakeFiles/Plantilla-final.dir/Core/Src/main.c.obj
                0x08001970                SystemClock_Config
 *fill*         0x08001a12        0x2 
 .text.MX_I2C1_Init
                0x08001a14       0x80 CMakeFiles/Plantilla-final.dir/Core/Src/main.c.obj
 .text.MX_USART2_UART_Init
                0x08001a94       0x60 CMakeFiles/Plantilla-final.dir/Core/Src/main.c.obj
 .text.MX_USART3_UART_Init
                0x08001af4       0x60 CMakeFiles/Plantilla-final.dir/Core/Src/main.c.obj
 .text.MX_GPIO_Init
                0x08001b54      0x18c CMakeFiles/Plantilla-final.dir/Core/Src/main.c.obj
 .text.Error_Handler
                0x08001ce0        0xc CMakeFiles/Plantilla-final.dir/Core/Src/main.c.obj
                0x08001ce0                Error_Handler
 .text.NMI_Handler
                0x08001cec        0x8 CMakeFiles/Plantilla-final.dir/Core/Src/stm32l4xx_it.c.obj
                0x08001cec                NMI_Handler
 .text.HardFault_Handler
                0x08001cf4        0x8 CMakeFiles/Plantilla-final.dir/Core/Src/stm32l4xx_it.c.obj
                0x08001cf4                HardFault_Handler
 .text.MemManage_Handler
                0x08001cfc        0x8 CMakeFiles/Plantilla-final.dir/Core/Src/stm32l4xx_it.c.obj
                0x08001cfc                MemManage_Handler
 .text.BusFault_Handler
                0x08001d04        0x8 CMakeFiles/Plantilla-final.dir/Core/Src/stm32l4xx_it.c.obj
                0x08001d04                BusFault_Handler
 .text.UsageFault_Handler
                0x08001d0c        0x8 CMakeFiles/Plantilla-final.dir/Core/Src/stm32l4xx_it.c.obj
                0x08001d0c                UsageFault_Handler
 .text.SVC_Handler
                0x08001d14        0xe CMakeFiles/Plantilla-final.dir/Core/Src/stm32l4xx_it.c.obj
                0x08001d14                SVC_Handler
 .text.DebugMon_Handler
                0x08001d22        0xe CMakeFiles/Plantilla-final.dir/Core/Src/stm32l4xx_it.c.obj
                0x08001d22                DebugMon_Handler
 .text.PendSV_Handler
                0x08001d30        0xe CMakeFiles/Plantilla-final.dir/Core/Src/stm32l4xx_it.c.obj
                0x08001d30                PendSV_Handler
 .text.SysTick_Handler
                0x08001d3e        0xc CMakeFiles/Plantilla-final.dir/Core/Src/stm32l4xx_it.c.obj
                0x08001d3e                SysTick_Handler
 .text.RCC_IRQHandler
                0x08001d4a        0xe CMakeFiles/Plantilla-final.dir/Core/Src/stm32l4xx_it.c.obj
                0x08001d4a                RCC_IRQHandler
 .text.EXTI9_5_IRQHandler
                0x08001d58       0x1e CMakeFiles/Plantilla-final.dir/Core/Src/stm32l4xx_it.c.obj
                0x08001d58                EXTI9_5_IRQHandler
 *fill*         0x08001d76        0x2 
 .text.I2C1_EV_IRQHandler
                0x08001d78       0x14 CMakeFiles/Plantilla-final.dir/Core/Src/stm32l4xx_it.c.obj
                0x08001d78                I2C1_EV_IRQHandler
 .text.I2C1_ER_IRQHandler
                0x08001d8c       0x14 CMakeFiles/Plantilla-final.dir/Core/Src/stm32l4xx_it.c.obj
                0x08001d8c                I2C1_ER_IRQHandler
 .text.USART2_IRQHandler
                0x08001da0       0x14 CMakeFiles/Plantilla-final.dir/Core/Src/stm32l4xx_it.c.obj
                0x08001da0                USART2_IRQHandler
 .text.USART3_IRQHandler
                0x08001db4       0x14 CMakeFiles/Plantilla-final.dir/Core/Src/stm32l4xx_it.c.obj
                0x08001db4                USART3_IRQHandler
 .text.EXTI15_10_IRQHandler
                0x08001dc8       0x18 CMakeFiles/Plantilla-final.dir/Core/Src/stm32l4xx_it.c.obj
                0x08001dc8                EXTI15_10_IRQHandler
 .text.HAL_MspInit
                0x08001de0       0x54 CMakeFiles/Plantilla-final.dir/Core/Src/stm32l4xx_hal_msp.c.obj
                0x08001de0                HAL_MspInit
 .text.HAL_I2C_MspInit
                0x08001e34       0xdc CMakeFiles/Plantilla-final.dir/Core/Src/stm32l4xx_hal_msp.c.obj
                0x08001e34                HAL_I2C_MspInit
 .text.HAL_UART_MspInit
                0x08001f10      0x164 CMakeFiles/Plantilla-final.dir/Core/Src/stm32l4xx_hal_msp.c.obj
                0x08001f10                HAL_UART_MspInit
 .text.HAL_I2C_Init
                0x08002074      0x136 CMakeFiles/Plantilla-final.dir/Drivers/STM32L4xx_HAL_Driver/Src/stm32l4xx_hal_i2c.c.obj
                0x08002074                HAL_I2C_Init
 *fill*         0x080021aa        0x2 
 .text.HAL_I2C_Mem_Write
                0x080021ac      0x228 CMakeFiles/Plantilla-final.dir/Drivers/STM32L4xx_HAL_Driver/Src/stm32l4xx_hal_i2c.c.obj
                0x080021ac                HAL_I2C_Mem_Write
 .text.HAL_I2C_EV_IRQHandler
                0x080023d4       0x34 CMakeFiles/Plantilla-final.dir/Drivers/STM32L4xx_HAL_Driver/Src/stm32l4xx_hal_i2c.c.obj
                0x080023d4                HAL_I2C_EV_IRQHandler
 .text.HAL_I2C_ER_IRQHandler
                0x08002408       0xb6 CMakeFiles/Plantilla-final.dir/Drivers/STM32L4xx_HAL_Driver/Src/stm32l4xx_hal_i2c.c.obj
                0x08002408                HAL_I2C_ER_IRQHandler
 .text.HAL_I2C_SlaveTxCpltCallback
                0x080024be       0x14 CMakeFiles/Plantilla-final.dir/Drivers/STM32L4xx_HAL_Driver/Src/stm32l4xx_hal_i2c.c.obj
                0x080024be                HAL_I2C_SlaveTxCpltCallback
 .text.HAL_I2C_SlaveRxCpltCallback
                0x080024d2       0x14 CMakeFiles/Plantilla-final.dir/Drivers/STM32L4xx_HAL_Driver/Src/stm32l4xx_hal_i2c.c.obj
                0x080024d2                HAL_I2C_SlaveRxCpltCallback
 .text.HAL_I2C_AddrCallback
                0x080024e6       0x1c CMakeFiles/Plantilla-final.dir/Drivers/STM32L4xx_HAL_Driver/Src/stm32l4xx_hal_i2c.c.obj
                0x080024e6                HAL_I2C_AddrCallback
 .text.HAL_I2C_ListenCpltCallback
                0x08002502       0x14 CMakeFiles/Plantilla-final.dir/Drivers/STM32L4xx_HAL_Driver/Src/stm32l4xx_hal_i2c.c.obj
                0x08002502                HAL_I2C_ListenCpltCallback
 .text.HAL_I2C_ErrorCallback
                0x08002516       0x14 CMakeFiles/Plantilla-final.dir/Drivers/STM32L4xx_HAL_Driver/Src/stm32l4xx_hal_i2c.c.obj
                0x08002516                HAL_I2C_ErrorCallback
 .text.HAL_I2C_AbortCpltCallback
                0x0800252a       0x14 CMakeFiles/Plantilla-final.dir/Drivers/STM32L4xx_HAL_Driver/Src/stm32l4xx_hal_i2c.c.obj
                0x0800252a                HAL_I2C_AbortCpltCallback
 .text.I2C_Slave_ISR_IT
                0x0800253e      0x1f2 CMakeFiles/Plantilla-final.dir/Drivers/STM32L4xx_HAL_Driver/Src/stm32l4xx_hal_i2c.c.obj
 .text.I2C_RequestMemoryWrite
                0x08002730       0xa8 CMakeFiles/Plantilla-final.dir/Drivers/STM32L4xx_HAL_Driver/Src/stm32l4xx_hal_i2c.c.obj
 .text.I2C_ITAddrCplt
                0x080027d8      0x108 CMakeFiles/Plantilla-final.dir/Drivers/STM32L4xx_HAL_Driver/Src/stm32l4xx_hal_i2c.c.obj
 .text.I2C_ITSlaveSeqCplt
                0x080028e0       0xb8 CMakeFiles/Plantilla-final.dir/Drivers/STM32L4xx_HAL_Driver/Src/stm32l4xx_hal_i2c.c.obj
 .text.I2C_ITSlaveCplt
                0x08002998      0x2c8 CMakeFiles/Plantilla-final.dir/Drivers/STM32L4xx_HAL_Driver/Src/stm32l4xx_hal_i2c.c.obj
 .text.I2C_ITListenCplt
                0x08002c60       0xa8 CMakeFiles/Plantilla-final.dir/Drivers/STM32L4xx_HAL_Driver/Src/stm32l4xx_hal_i2c.c.obj
 .text.I2C_ITError
                0x08002d08      0x1e0 CMakeFiles/Plantilla-final.dir/Drivers/STM32L4xx_HAL_Driver/Src/stm32l4xx_hal_i2c.c.obj
 .text.I2C_TreatErrorCallback
                0x08002ee8       0x4e CMakeFiles/Plantilla-final.dir/Drivers/STM32L4xx_HAL_Driver/Src/stm32l4xx_hal_i2c.c.obj
 .text.I2C_Flush_TXDR
                0x08002f36       0x48 CMakeFiles/Plantilla-final.dir/Drivers/STM32L4xx_HAL_Driver/Src/stm32l4xx_hal_i2c.c.obj
 .text.I2C_DMAAbort
                0x08002f7e       0x3c CMakeFiles/Plantilla-final.dir/Drivers/STM32L4xx_HAL_Driver/Src/stm32l4xx_hal_i2c.c.obj
 .text.I2C_WaitOnFlagUntilTimeout
                0x08002fba       0xb2 CMakeFiles/Plantilla-final.dir/Drivers/STM32L4xx_HAL_Driver/Src/stm32l4xx_hal_i2c.c.obj
 .text.I2C_WaitOnTXISFlagUntilTimeout
                0x0800306c       0x8e CMakeFiles/Plantilla-final.dir/Drivers/STM32L4xx_HAL_Driver/Src/stm32l4xx_hal_i2c.c.obj
 .text.I2C_WaitOnSTOPFlagUntilTimeout
                0x080030fa       0x86 CMakeFiles/Plantilla-final.dir/Drivers/STM32L4xx_HAL_Driver/Src/stm32l4xx_hal_i2c.c.obj
 .text.I2C_IsErrorOccurred
                0x08003180      0x1c0 CMakeFiles/Plantilla-final.dir/Drivers/STM32L4xx_HAL_Driver/Src/stm32l4xx_hal_i2c.c.obj
 .text.I2C_TransferConfig
                0x08003340       0x64 CMakeFiles/Plantilla-final.dir/Drivers/STM32L4xx_HAL_Driver/Src/stm32l4xx_hal_i2c.c.obj
 .text.I2C_Disable_IRQ
                0x080033a4       0xbc CMakeFiles/Plantilla-final.dir/Drivers/STM32L4xx_HAL_Driver/Src/stm32l4xx_hal_i2c.c.obj
 .text.HAL_I2CEx_ConfigAnalogFilter
                0x08003460       0x96 CMakeFiles/Plantilla-final.dir/Drivers/STM32L4xx_HAL_Driver/Src/stm32l4xx_hal_i2c_ex.c.obj
                0x08003460                HAL_I2CEx_ConfigAnalogFilter
 .text.HAL_I2CEx_ConfigDigitalFilter
                0x080034f6       0x98 CMakeFiles/Plantilla-final.dir/Drivers/STM32L4xx_HAL_Driver/Src/stm32l4xx_hal_i2c_ex.c.obj
                0x080034f6                HAL_I2CEx_ConfigDigitalFilter
 *fill*         0x0800358e        0x2 
 .text.HAL_Init
                0x08003590       0x40 CMakeFiles/Plantilla-final.dir/Drivers/STM32L4xx_HAL_Driver/Src/stm32l4xx_hal.c.obj
                0x08003590                HAL_Init
 .text.HAL_InitTick
                0x080035d0       0x78 CMakeFiles/Plantilla-final.dir/Drivers/STM32L4xx_HAL_Driver/Src/stm32l4xx_hal.c.obj
                0x080035d0                HAL_InitTick
 .text.HAL_IncTick
                0x08003648       0x28 CMakeFiles/Plantilla-final.dir/Drivers/STM32L4xx_HAL_Driver/Src/stm32l4xx_hal.c.obj
                0x08003648                HAL_IncTick
 .text.HAL_GetTick
                0x08003670       0x18 CMakeFiles/Plantilla-final.dir/Drivers/STM32L4xx_HAL_Driver/Src/stm32l4xx_hal.c.obj
                0x08003670                HAL_GetTick
 .text.HAL_Delay
                0x08003688       0x48 CMakeFiles/Plantilla-final.dir/Drivers/STM32L4xx_HAL_Driver/Src/stm32l4xx_hal.c.obj
                0x08003688                HAL_Delay
 .text.HAL_RCC_OscConfig
                0x080036d0      0x7b8 CMakeFiles/Plantilla-final.dir/Drivers/STM32L4xx_HAL_Driver/Src/stm32l4xx_hal_rcc.c.obj
                0x080036d0                HAL_RCC_OscConfig
 .text.HAL_RCC_ClockConfig
                0x08003e88      0x200 CMakeFiles/Plantilla-final.dir/Drivers/STM32L4xx_HAL_Driver/Src/stm32l4xx_hal_rcc.c.obj
                0x08003e88                HAL_RCC_ClockConfig
 .text.HAL_RCC_GetSysClockFreq
                0x08004088      0x118 CMakeFiles/Plantilla-final.dir/Drivers/STM32L4xx_HAL_Driver/Src/stm32l4xx_hal_rcc.c.obj
                0x08004088                HAL_RCC_GetSysClockFreq
 .text.HAL_RCC_GetHCLKFreq
                0x080041a0       0x18 CMakeFiles/Plantilla-final.dir/Drivers/STM32L4xx_HAL_Driver/Src/stm32l4xx_hal_rcc.c.obj
                0x080041a0                HAL_RCC_GetHCLKFreq
 .text.HAL_RCC_GetPCLK1Freq
                0x080041b8       0x2c CMakeFiles/Plantilla-final.dir/Drivers/STM32L4xx_HAL_Driver/Src/stm32l4xx_hal_rcc.c.obj
                0x080041b8                HAL_RCC_GetPCLK1Freq
 .text.HAL_RCC_GetPCLK2Freq
                0x080041e4       0x2c CMakeFiles/Plantilla-final.dir/Drivers/STM32L4xx_HAL_Driver/Src/stm32l4xx_hal_rcc.c.obj
                0x080041e4                HAL_RCC_GetPCLK2Freq
 .text.RCC_SetFlashLatencyFromMSIRange
                0x08004210       0xc0 CMakeFiles/Plantilla-final.dir/Drivers/STM32L4xx_HAL_Driver/Src/stm32l4xx_hal_rcc.c.obj
 .text.HAL_RCCEx_PeriphCLKConfig
                0x080042d0      0x5d4 CMakeFiles/Plantilla-final.dir/Drivers/STM32L4xx_HAL_Driver/Src/stm32l4xx_hal_rcc_ex.c.obj
                0x080042d0                HAL_RCCEx_PeriphCLKConfig
 .text.RCCEx_PLLSAI1_Config
                0x080048a4      0x1e8 CMakeFiles/Plantilla-final.dir/Drivers/STM32L4xx_HAL_Driver/Src/stm32l4xx_hal_rcc_ex.c.obj
 .text.RCCEx_PLLSAI2_Config
                0x08004a8c      0x1bc CMakeFiles/Plantilla-final.dir/Drivers/STM32L4xx_HAL_Driver/Src/stm32l4xx_hal_rcc_ex.c.obj
 .text.HAL_GPIO_Init
                0x08004c48      0x354 CMakeFiles/Plantilla-final.dir/Drivers/STM32L4xx_HAL_Driver/Src/stm32l4xx_hal_gpio.c.obj
                0x08004c48                HAL_GPIO_Init
 .text.HAL_GPIO_ReadPin
                0x08004f9c       0x30 CMakeFiles/Plantilla-final.dir/Drivers/STM32L4xx_HAL_Driver/Src/stm32l4xx_hal_gpio.c.obj
                0x08004f9c                HAL_GPIO_ReadPin
 .text.HAL_GPIO_WritePin
                0x08004fcc       0x30 CMakeFiles/Plantilla-final.dir/Drivers/STM32L4xx_HAL_Driver/Src/stm32l4xx_hal_gpio.c.obj
                0x08004fcc                HAL_GPIO_WritePin
 .text.HAL_GPIO_TogglePin
                0x08004ffc       0x34 CMakeFiles/Plantilla-final.dir/Drivers/STM32L4xx_HAL_Driver/Src/stm32l4xx_hal_gpio.c.obj
                0x08004ffc                HAL_GPIO_TogglePin
 .text.HAL_GPIO_EXTI_IRQHandler
                0x08005030       0x30 CMakeFiles/Plantilla-final.dir/Drivers/STM32L4xx_HAL_Driver/Src/stm32l4xx_hal_gpio.c.obj
                0x08005030                HAL_GPIO_EXTI_IRQHandler
 .text.HAL_DMA_Abort
                0x08005060       0x7c CMakeFiles/Plantilla-final.dir/Drivers/STM32L4xx_HAL_Driver/Src/stm32l4xx_hal_dma.c.obj
                0x08005060                HAL_DMA_Abort
 .text.HAL_DMA_Abort_IT
                0x080050dc       0x82 CMakeFiles/Plantilla-final.dir/Drivers/STM32L4xx_HAL_Driver/Src/stm32l4xx_hal_dma.c.obj
                0x080050dc                HAL_DMA_Abort_IT
 .text.HAL_DMA_GetState
                0x0800515e       0x1c CMakeFiles/Plantilla-final.dir/Drivers/STM32L4xx_HAL_Driver/Src/stm32l4xx_hal_dma.c.obj
                0x0800515e                HAL_DMA_GetState
 *fill*         0x0800517a        0x2 
 .text.HAL_PWREx_GetVoltageRange
                0x0800517c       0x1c CMakeFiles/Plantilla-final.dir/Drivers/STM32L4xx_HAL_Driver/Src/stm32l4xx_hal_pwr_ex.c.obj
                0x0800517c                HAL_PWREx_GetVoltageRange
 .text.HAL_PWREx_ControlVoltageScaling
                0x08005198       0xac CMakeFiles/Plantilla-final.dir/Drivers/STM32L4xx_HAL_Driver/Src/stm32l4xx_hal_pwr_ex.c.obj
                0x08005198                HAL_PWREx_ControlVoltageScaling
 .text.__NVIC_SetPriorityGrouping
                0x08005244       0x48 CMakeFiles/Plantilla-final.dir/Drivers/STM32L4xx_HAL_Driver/Src/stm32l4xx_hal_cortex.c.obj
 .text.__NVIC_GetPriorityGrouping
                0x0800528c       0x1c CMakeFiles/Plantilla-final.dir/Drivers/STM32L4xx_HAL_Driver/Src/stm32l4xx_hal_cortex.c.obj
 .text.__NVIC_EnableIRQ
                0x080052a8       0x3c CMakeFiles/Plantilla-final.dir/Drivers/STM32L4xx_HAL_Driver/Src/stm32l4xx_hal_cortex.c.obj
 .text.__NVIC_SetPriority
                0x080052e4       0x54 CMakeFiles/Plantilla-final.dir/Drivers/STM32L4xx_HAL_Driver/Src/stm32l4xx_hal_cortex.c.obj
 .text.NVIC_EncodePriority
                0x08005338       0x66 CMakeFiles/Plantilla-final.dir/Drivers/STM32L4xx_HAL_Driver/Src/stm32l4xx_hal_cortex.c.obj
 *fill*         0x0800539e        0x2 
 .text.SysTick_Config
                0x080053a0       0x44 CMakeFiles/Plantilla-final.dir/Drivers/STM32L4xx_HAL_Driver/Src/stm32l4xx_hal_cortex.c.obj
 .text.HAL_NVIC_SetPriorityGrouping
                0x080053e4       0x16 CMakeFiles/Plantilla-final.dir/Drivers/STM32L4xx_HAL_Driver/Src/stm32l4xx_hal_cortex.c.obj
                0x080053e4                HAL_NVIC_SetPriorityGrouping
 .text.HAL_NVIC_SetPriority
                0x080053fa       0x38 CMakeFiles/Plantilla-final.dir/Drivers/STM32L4xx_HAL_Driver/Src/stm32l4xx_hal_cortex.c.obj
                0x080053fa                HAL_NVIC_SetPriority
 .text.HAL_NVIC_EnableIRQ
                0x08005432       0x1c CMakeFiles/Plantilla-final.dir/Drivers/STM32L4xx_HAL_Driver/Src/stm32l4xx_hal_cortex.c.obj
                0x08005432                HAL_NVIC_EnableIRQ
 .text.HAL_SYSTICK_Config
                0x0800544e       0x18 CMakeFiles/Plantilla-final.dir/Drivers/STM32L4xx_HAL_Driver/Src/stm32l4xx_hal_cortex.c.obj
                0x0800544e                HAL_SYSTICK_Config
 .text.HAL_UART_Init
                0x08005466       0x9c CMakeFiles/Plantilla-final.dir/Drivers/STM32L4xx_HAL_Driver/Src/stm32l4xx_hal_uart.c.obj
                0x08005466                HAL_UART_Init
 .text.HAL_UART_Transmit
                0x08005502      0x112 CMakeFiles/Plantilla-final.dir/Drivers/STM32L4xx_HAL_Driver/Src/stm32l4xx_hal_uart.c.obj
                0x08005502                HAL_UART_Transmit
 .text.HAL_UART_Receive_IT
                0x08005614       0x98 CMakeFiles/Plantilla-final.dir/Drivers/STM32L4xx_HAL_Driver/Src/stm32l4xx_hal_uart.c.obj
                0x08005614                HAL_UART_Receive_IT
 .text.HAL_UART_IRQHandler
                0x080056ac      0x60c CMakeFiles/Plantilla-final.dir/Drivers/STM32L4xx_HAL_Driver/Src/stm32l4xx_hal_uart.c.obj
                0x080056ac                HAL_UART_IRQHandler
 .text.HAL_UART_TxCpltCallback
                0x08005cb8       0x14 CMakeFiles/Plantilla-final.dir/Drivers/STM32L4xx_HAL_Driver/Src/stm32l4xx_hal_uart.c.obj
                0x08005cb8                HAL_UART_TxCpltCallback
 .text.HAL_UART_ErrorCallback
                0x08005ccc       0x14 CMakeFiles/Plantilla-final.dir/Drivers/STM32L4xx_HAL_Driver/Src/stm32l4xx_hal_uart.c.obj
                0x08005ccc                HAL_UART_ErrorCallback
 .text.HAL_UARTEx_RxEventCallback
                0x08005ce0       0x18 CMakeFiles/Plantilla-final.dir/Drivers/STM32L4xx_HAL_Driver/Src/stm32l4xx_hal_uart.c.obj
                0x08005ce0                HAL_UARTEx_RxEventCallback
 .text.UART_SetConfig
                0x08005cf8      0x570 CMakeFiles/Plantilla-final.dir/Drivers/STM32L4xx_HAL_Driver/Src/stm32l4xx_hal_uart.c.obj
                0x08005cf8                UART_SetConfig
 .text.UART_AdvFeatureConfig
                0x08006268      0x144 CMakeFiles/Plantilla-final.dir/Drivers/STM32L4xx_HAL_Driver/Src/stm32l4xx_hal_uart.c.obj
                0x08006268                UART_AdvFeatureConfig
 .text.UART_CheckIdleState
                0x080063ac      0x150 CMakeFiles/Plantilla-final.dir/Drivers/STM32L4xx_HAL_Driver/Src/stm32l4xx_hal_uart.c.obj
                0x080063ac                UART_CheckIdleState
 .text.UART_WaitOnFlagUntilTimeout
                0x080064fc       0xda CMakeFiles/Plantilla-final.dir/Drivers/STM32L4xx_HAL_Driver/Src/stm32l4xx_hal_uart.c.obj
                0x080064fc                UART_WaitOnFlagUntilTimeout
 *fill*         0x080065d6        0x2 
 .text.UART_Start_Receive_IT
                0x080065d8      0x18c CMakeFiles/Plantilla-final.dir/Drivers/STM32L4xx_HAL_Driver/Src/stm32l4xx_hal_uart.c.obj
                0x080065d8                UART_Start_Receive_IT
 .text.UART_EndRxTransfer
                0x08006764       0xc8 CMakeFiles/Plantilla-final.dir/Drivers/STM32L4xx_HAL_Driver/Src/stm32l4xx_hal_uart.c.obj
 .text.UART_DMAAbortOnError
                0x0800682c       0x2c CMakeFiles/Plantilla-final.dir/Drivers/STM32L4xx_HAL_Driver/Src/stm32l4xx_hal_uart.c.obj
 .text.UART_EndTransmit_IT
                0x08006858       0x54 CMakeFiles/Plantilla-final.dir/Drivers/STM32L4xx_HAL_Driver/Src/stm32l4xx_hal_uart.c.obj
 .text.UART_RxISR_8BIT
                0x080068ac      0x1bc CMakeFiles/Plantilla-final.dir/Drivers/STM32L4xx_HAL_Driver/Src/stm32l4xx_hal_uart.c.obj
 .text.UART_RxISR_16BIT
                0x08006a68      0x1bc CMakeFiles/Plantilla-final.dir/Drivers/STM32L4xx_HAL_Driver/Src/stm32l4xx_hal_uart.c.obj
 .text.HAL_UARTEx_WakeupCallback
                0x08006c24       0x14 CMakeFiles/Plantilla-final.dir/Drivers/STM32L4xx_HAL_Driver/Src/stm32l4xx_hal_uart_ex.c.obj
                0x08006c24                HAL_UARTEx_WakeupCallback
 .text.SystemInit
                0x08006c38       0x24 CMakeFiles/Plantilla-final.dir/Core/Src/system_stm32l4xx.c.obj
                0x08006c38                SystemInit
 .text._sbrk    0x08006c5c       0x6c CMakeFiles/Plantilla-final.dir/Core/Src/sysmem.c.obj
                0x08006c5c                _sbrk
 .text._read    0x08006cc8       0x3a CMakeFiles/Plantilla-final.dir/Core/Src/syscalls.c.obj
                0x08006cc8                _read
 .text._close   0x08006d02       0x18 CMakeFiles/Plantilla-final.dir/Core/Src/syscalls.c.obj
                0x08006d02                _close
 .text._fstat   0x08006d1a       0x20 CMakeFiles/Plantilla-final.dir/Core/Src/syscalls.c.obj
                0x08006d1a                _fstat
 .text._isatty  0x08006d3a       0x16 CMakeFiles/Plantilla-final.dir/Core/Src/syscalls.c.obj
                0x08006d3a                _isatty
 .text._lseek   0x08006d50       0x1a CMakeFiles/Plantilla-final.dir/Core/Src/syscalls.c.obj
                0x08006d50                _lseek
 *fill*         0x08006d6a        0x2 
 .text.Reset_Handler
                0x08006d6c       0x50 CMakeFiles/Plantilla-final.dir/startup_stm32l476xx.s.obj
                0x08006d6c                Reset_Handler
 .text.Default_Handler
                0x08006dbc        0x2 CMakeFiles/Plantilla-final.dir/startup_stm32l476xx.s.obj
                0x08006dbc                RTC_Alarm_IRQHandler
                0x08006dbc                EXTI2_IRQHandler
                0x08006dbc                TIM8_TRG_COM_IRQHandler
                0x08006dbc                TIM8_CC_IRQHandler
                0x08006dbc                TIM1_CC_IRQHandler
                0x08006dbc                TSC_IRQHandler
                0x08006dbc                TAMP_STAMP_IRQHandler
                0x08006dbc                EXTI3_IRQHandler
                0x08006dbc                LPTIM2_IRQHandler
                0x08006dbc                DFSDM1_FLT1_IRQHandler
                0x08006dbc                I2C3_ER_IRQHandler
                0x08006dbc                DFSDM1_FLT2_IRQHandler
                0x08006dbc                EXTI0_IRQHandler
                0x08006dbc                I2C2_EV_IRQHandler
                0x08006dbc                CAN1_RX0_IRQHandler
                0x08006dbc                FPU_IRQHandler
                0x08006dbc                TIM1_UP_TIM16_IRQHandler
                0x08006dbc                ADC1_2_IRQHandler
                0x08006dbc                SPI1_IRQHandler
                0x08006dbc                TIM6_DAC_IRQHandler
                0x08006dbc                TIM8_UP_IRQHandler
                0x08006dbc                DMA2_Channel2_IRQHandler
                0x08006dbc                DMA1_Channel4_IRQHandler
                0x08006dbc                SAI2_IRQHandler
                0x08006dbc                DFSDM1_FLT3_IRQHandler
                0x08006dbc                DMA1_Channel7_IRQHandler
                0x08006dbc                CAN1_RX1_IRQHandler
                0x08006dbc                LCD_IRQHandler
                0x08006dbc                UART5_IRQHandler
                0x08006dbc                ADC3_IRQHandler
                0x08006dbc                TIM4_IRQHandler
                0x08006dbc                DMA2_Channel1_IRQHandler
                0x08006dbc                QUADSPI_IRQHandler
                0x08006dbc                DMA1_Channel6_IRQHandler
                0x08006dbc                UART4_IRQHandler
                0x08006dbc                DMA2_Channel4_IRQHandler
                0x08006dbc                TIM3_IRQHandler
                0x08006dbc                DMA1_Channel1_IRQHandler
                0x08006dbc                Default_Handler
                0x08006dbc                DMA2_Channel7_IRQHandler
                0x08006dbc                TIM7_IRQHandler
                0x08006dbc                SDMMC1_IRQHandler
                0x08006dbc                TIM5_IRQHandler
                0x08006dbc                I2C3_EV_IRQHandler
                0x08006dbc                RTC_WKUP_IRQHandler
                0x08006dbc                PVD_PVM_IRQHandler
                0x08006dbc                SPI2_IRQHandler
                0x08006dbc                CAN1_TX_IRQHandler
                0x08006dbc                DMA2_Channel5_IRQHandler
                0x08006dbc                DMA1_Channel5_IRQHandler
                0x08006dbc                EXTI4_IRQHandler
                0x08006dbc                RNG_IRQHandler
                0x08006dbc                TIM1_TRG_COM_TIM17_IRQHandler
                0x08006dbc                DMA1_Channel3_IRQHandler
                0x08006dbc                COMP_IRQHandler
                0x08006dbc                WWDG_IRQHandler
                0x08006dbc                LPUART1_IRQHandler
                0x08006dbc                DMA2_Channel6_IRQHandler
                0x08006dbc                TIM2_IRQHandler
                0x08006dbc                EXTI1_IRQHandler
                0x08006dbc                DFSDM1_FLT0_IRQHandler
                0x08006dbc                I2C2_ER_IRQHandler
                0x08006dbc                DMA1_Channel2_IRQHandler
                0x08006dbc                TIM8_BRK_IRQHandler
                0x08006dbc                CAN1_SCE_IRQHandler
                0x08006dbc                FLASH_IRQHandler
                0x08006dbc                USART1_IRQHandler
                0x08006dbc                OTG_FS_IRQHandler
                0x08006dbc                SPI3_IRQHandler
                0x08006dbc                FMC_IRQHandler
                0x08006dbc                SWPMI1_IRQHandler
                0x08006dbc                LPTIM1_IRQHandler
                0x08006dbc                SAI1_IRQHandler
                0x08006dbc                DMA2_Channel3_IRQHandler
                0x08006dbc                TIM1_BRK_TIM15_IRQHandler
 *fill*         0x08006dbe        0x2 
 .text.printf   0x08006dc0       0x24 /home/javastral/st/stm32cubeclt_1.17.0/GNU-tools-for-STM32/bin/../lib/gcc/arm-none-eabi/12.3.1/../../../../arm-none-eabi/lib/thumb/v7e-m+fp/hard/libg_nano.a(libc_a-printf.o)
                0x08006dc0                printf
                0x08006dc0                iprintf
 .text._puts_r  0x08006de4       0xaa /home/javastral/st/stm32cubeclt_1.17.0/GNU-tools-for-STM32/bin/../lib/gcc/arm-none-eabi/12.3.1/../../../../arm-none-eabi/lib/thumb/v7e-m+fp/hard/libg_nano.a(libc_a-puts.o)
                0x08006de4                _puts_r
 *fill*         0x08006e8e        0x2 
 .text.puts     0x08006e90       0x10 /home/javastral/st/stm32cubeclt_1.17.0/GNU-tools-for-STM32/bin/../lib/gcc/arm-none-eabi/12.3.1/../../../../arm-none-eabi/lib/thumb/v7e-m+fp/hard/libg_nano.a(libc_a-puts.o)
                0x08006e90                puts
 .text.__swbuf_r
                0x08006ea0       0x7c /home/javastral/st/stm32cubeclt_1.17.0/GNU-tools-for-STM32/bin/../lib/gcc/arm-none-eabi/12.3.1/../../../../arm-none-eabi/lib/thumb/v7e-m+fp/hard/libg_nano.a(libc_a-wbuf.o)
                0x08006ea0                __swbuf_r
 .text.__swsetup_r
                0x08006f1c       0xac /home/javastral/st/stm32cubeclt_1.17.0/GNU-tools-for-STM32/bin/../lib/gcc/arm-none-eabi/12.3.1/../../../../arm-none-eabi/lib/thumb/v7e-m+fp/hard/libg_nano.a(libc_a-wsetup.o)
                0x08006f1c                __swsetup_r
 .text.__errno  0x08006fc8        0xc /home/javastral/st/stm32cubeclt_1.17.0/GNU-tools-for-STM32/bin/../lib/gcc/arm-none-eabi/12.3.1/../../../../arm-none-eabi/lib/thumb/v7e-m+fp/hard/libg_nano.a(libc_a-errno.o)
                0x08006fc8                __errno
 .text.__sfputc_r
                0x08006fd4       0x2e /home/javastral/st/stm32cubeclt_1.17.0/GNU-tools-for-STM32/bin/../lib/gcc/arm-none-eabi/12.3.1/../../../../arm-none-eabi/lib/thumb/v7e-m+fp/hard/libg_nano.a(libc_a-nano-vfprintf.o)
 .text.__sfputs_r
                0x08007002       0x24 /home/javastral/st/stm32cubeclt_1.17.0/GNU-tools-for-STM32/bin/../lib/gcc/arm-none-eabi/12.3.1/../../../../arm-none-eabi/lib/thumb/v7e-m+fp/hard/libg_nano.a(libc_a-nano-vfprintf.o)
                0x08007002                __sfputs_r
 *fill*         0x08007026        0x2 
 .text._vfprintf_r
                0x08007028      0x230 /home/javastral/st/stm32cubeclt_1.17.0/GNU-tools-for-STM32/bin/../lib/gcc/arm-none-eabi/12.3.1/../../../../arm-none-eabi/lib/thumb/v7e-m+fp/hard/libg_nano.a(libc_a-nano-vfprintf.o)
                0x08007028                _vfiprintf_r
                0x08007028                _vfprintf_r
 .text._printf_common
                0x08007258       0xda /home/javastral/st/stm32cubeclt_1.17.0/GNU-tools-for-STM32/bin/../lib/gcc/arm-none-eabi/12.3.1/../../../../arm-none-eabi/lib/thumb/v7e-m+fp/hard/libg_nano.a(libc_a-nano-vfprintf_i.o)
                0x08007258                _printf_common
 *fill*         0x08007332        0x2 
 .text._printf_i
                0x08007334      0x240 /home/javastral/st/stm32cubeclt_1.17.0/GNU-tools-for-STM32/bin/../lib/gcc/arm-none-eabi/12.3.1/../../../../arm-none-eabi/lib/thumb/v7e-m+fp/hard/libg_nano.a(libc_a-nano-vfprintf_i.o)
                0x08007334                _printf_i
 .text.__swhatbuf_r
                0x08007574       0x4c /home/javastral/st/stm32cubeclt_1.17.0/GNU-tools-for-STM32/bin/../lib/gcc/arm-none-eabi/12.3.1/../../../../arm-none-eabi/lib/thumb/v7e-m+fp/hard/libg_nano.a(libc_a-makebuf.o)
                0x08007574                __swhatbuf_r
 .text.__smakebuf_r
                0x080075c0       0x78 /home/javastral/st/stm32cubeclt_1.17.0/GNU-tools-for-STM32/bin/../lib/gcc/arm-none-eabi/12.3.1/../../../../arm-none-eabi/lib/thumb/v7e-m+fp/hard/libg_nano.a(libc_a-makebuf.o)
                0x080075c0                __smakebuf_r
 .text._fstat_r
                0x08007638       0x24 /home/javastral/st/stm32cubeclt_1.17.0/GNU-tools-for-STM32/bin/../lib/gcc/arm-none-eabi/12.3.1/../../../../arm-none-eabi/lib/thumb/v7e-m+fp/hard/libg_nano.a(libc_a-fstatr.o)
                0x08007638                _fstat_r
 .text._isatty_r
                0x0800765c       0x20 /home/javastral/st/stm32cubeclt_1.17.0/GNU-tools-for-STM32/bin/../lib/gcc/arm-none-eabi/12.3.1/../../../../arm-none-eabi/lib/thumb/v7e-m+fp/hard/libg_nano.a(libc_a-isattyr.o)
                0x0800765c                _isatty_r
 *(.glue_7)
 .glue_7        0x0800767c        0x0 linker stubs
 *(.glue_7t)
 .glue_7t       0x0800767c        0x0 linker stubs
 *(.eh_frame)
 .eh_frame      0x0800767c        0x0 /home/javastral/st/stm32cubeclt_1.17.0/GNU-tools-for-STM32/bin/../lib/gcc/arm-none-eabi/12.3.1/thumb/v7e-m+fp/hard/crtbegin.o
 *(.init)
 .init          0x0800767c        0x4 /home/javastral/st/stm32cubeclt_1.17.0/GNU-tools-for-STM32/bin/../lib/gcc/arm-none-eabi/12.3.1/thumb/v7e-m+fp/hard/crti.o
                0x0800767c                _init
 .init          0x08007680        0x8 /home/javastral/st/stm32cubeclt_1.17.0/GNU-tools-for-STM32/bin/../lib/gcc/arm-none-eabi/12.3.1/thumb/v7e-m+fp/hard/crtn.o
 *(.fini)
 .fini          0x08007688        0x4 /home/javastral/st/stm32cubeclt_1.17.0/GNU-tools-for-STM32/bin/../lib/gcc/arm-none-eabi/12.3.1/thumb/v7e-m+fp/hard/crti.o
                0x08007688                _fini
 .fini          0x0800768c        0x8 /home/javastral/st/stm32cubeclt_1.17.0/GNU-tools-for-STM32/bin/../lib/gcc/arm-none-eabi/12.3.1/thumb/v7e-m+fp/hard/crtn.o
                0x08007698                        . = ALIGN (0x8)
 *fill*         0x08007694        0x4 
                0x08007698                        _etext = .

.vfp11_veneer   0x08007698        0x0
 .vfp11_veneer  0x08007698        0x0 linker stubs

.v4_bx          0x08007698        0x0
 .v4_bx         0x08007698        0x0 linker stubs

.iplt           0x08007698        0x0
 .iplt          0x08007698        0x0 /home/javastral/st/stm32cubeclt_1.17.0/GNU-tools-for-STM32/bin/../lib/gcc/arm-none-eabi/12.3.1/thumb/v7e-m+fp/hard/crtbegin.o

.rodata         0x08007698     0x10b8
                0x08007698                        . = ALIGN (0x8)
 *(.rodata)
 .rodata        0x08007698      0x267 CMakeFiles/Plantilla-final.dir/Core/Src/system.c.obj
 *fill*         0x080078ff        0x1 
 .rodata        0x08007900       0x56 CMakeFiles/Plantilla-final.dir/Core/Src/main.c.obj
 *(.rodata*)
 *fill*         0x08007956        0x2 
 .rodata.Font11x18
                0x08007958      0xd5c CMakeFiles/Plantilla-final.dir/Drivers/ssd1306/ssd1306_fonts.c.obj
 .rodata.Font_11x18
                0x080086b4        0xc CMakeFiles/Plantilla-final.dir/Drivers/ssd1306/ssd1306_fonts.c.obj
                0x080086b4                Font_11x18
 .rodata.keypad_map
                0x080086c0       0x10 CMakeFiles/Plantilla-final.dir/Drivers/keypad/keypad.c.obj
                0x080086c0                keypad_map
 .rodata.AHBPrescTable
                0x080086d0       0x10 CMakeFiles/Plantilla-final.dir/Core/Src/system_stm32l4xx.c.obj
                0x080086d0                AHBPrescTable
 .rodata.APBPrescTable
                0x080086e0        0x8 CMakeFiles/Plantilla-final.dir/Core/Src/system_stm32l4xx.c.obj
                0x080086e0                APBPrescTable
 .rodata.MSIRangeTable
                0x080086e8       0x30 CMakeFiles/Plantilla-final.dir/Core/Src/system_stm32l4xx.c.obj
                0x080086e8                MSIRangeTable
 .rodata._vfprintf_r.str1.1
                0x08008718       0x11 /home/javastral/st/stm32cubeclt_1.17.0/GNU-tools-for-STM32/bin/../lib/gcc/arm-none-eabi/12.3.1/../../../../arm-none-eabi/lib/thumb/v7e-m+fp/hard/libg_nano.a(libc_a-nano-vfprintf.o)
 .rodata._printf_i.str1.1
                0x08008729       0x22 /home/javastral/st/stm32cubeclt_1.17.0/GNU-tools-for-STM32/bin/../lib/gcc/arm-none-eabi/12.3.1/../../../../arm-none-eabi/lib/thumb/v7e-m+fp/hard/libg_nano.a(libc_a-nano-vfprintf_i.o)
                0x08008750                        . = ALIGN (0x8)
 *fill*         0x0800874b        0x5 

.ARM.extab      0x08008750        0x0
                0x08008750                        . = ALIGN (0x8)
 *(.ARM.extab* .gnu.linkonce.armextab.*)
                0x08008750                        . = ALIGN (0x8)

.ARM            0x08008750        0x8
                0x08008750                        . = ALIGN (0x8)
                0x08008750                        __exidx_start = .
 *(.ARM.exidx*)
 .ARM.exidx     0x08008750        0x8 /home/javastral/st/stm32cubeclt_1.17.0/GNU-tools-for-STM32/bin/../lib/gcc/arm-none-eabi/12.3.1/thumb/v7e-m+fp/hard/libgcc.a(_udivmoddi4.o)
 .ARM.exidx     0x08008758        0x0 /home/javastral/st/stm32cubeclt_1.17.0/GNU-tools-for-STM32/bin/../lib/gcc/arm-none-eabi/12.3.1/../../../../arm-none-eabi/lib/thumb/v7e-m+fp/hard/libg_nano.a(libc_a-strcmp.o)
                                  0x8 (size before relaxing)
 .ARM.exidx     0x08008758        0x0 /home/javastral/st/stm32cubeclt_1.17.0/GNU-tools-for-STM32/bin/../lib/gcc/arm-none-eabi/12.3.1/../../../../arm-none-eabi/lib/thumb/v7e-m+fp/hard/libg_nano.a(libc_a-memchr.o)
                                  0x8 (size before relaxing)
                0x08008758                        __exidx_end = .
                0x08008758                        . = ALIGN (0x8)

.rel.dyn        0x08008758        0x0
 .rel.iplt      0x08008758        0x0 /home/javastral/st/stm32cubeclt_1.17.0/GNU-tools-for-STM32/bin/../lib/gcc/arm-none-eabi/12.3.1/thumb/v7e-m+fp/hard/crtbegin.o

.preinit_array  0x08008758        0x0
                0x08008758                        . = ALIGN (0x8)
                0x08008758                        PROVIDE (__preinit_array_start = .)
 *(.preinit_array*)
                0x08008758                        PROVIDE (__preinit_array_end = .)
                0x08008758                        . = ALIGN (0x8)

.init_array     0x08008758        0x8
                0x08008758                        . = ALIGN (0x8)
                0x08008758                        PROVIDE (__init_array_start = .)
 *(SORT_BY_NAME(.init_array.*))
 *(.init_array*)
 .init_array    0x08008758        0x4 /home/javastral/st/stm32cubeclt_1.17.0/GNU-tools-for-STM32/bin/../lib/gcc/arm-none-eabi/12.3.1/thumb/v7e-m+fp/hard/crtbegin.o
                0x0800875c                        PROVIDE (__init_array_end = .)
                0x08008760                        . = ALIGN (0x8)
 *fill*         0x0800875c        0x4 

.fini_array     0x08008760        0x8
                0x08008760                        . = ALIGN (0x8)
                [!provide]                        PROVIDE (__fini_array_start = .)
 *(SORT_BY_NAME(.fini_array.*))
 *(.fini_array*)
 .fini_array    0x08008760        0x4 /home/javastral/st/stm32cubeclt_1.17.0/GNU-tools-for-STM32/bin/../lib/gcc/arm-none-eabi/12.3.1/thumb/v7e-m+fp/hard/crtbegin.o
                [!provide]                        PROVIDE (__fini_array_end = .)
                0x08008768                        . = ALIGN (0x8)
 *fill*         0x08008764        0x4 
                0x08008768                        _sidata = LOADADDR (.data)

.data           0x20000000       0x68 load address 0x08008768
                0x20000000                        . = ALIGN (0x8)
                0x20000000                        _sdata = .
 *(.data)
 *(.data*)
 .data.__sglue  0x20000000        0xc /home/javastral/st/stm32cubeclt_1.17.0/GNU-tools-for-STM32/bin/../lib/gcc/arm-none-eabi/12.3.1/../../../../arm-none-eabi/lib/thumb/v7e-m+fp/hard/libc_nano.a(libc_a-findfp.o)
                0x20000000                __sglue
 .data._impure_ptr
                0x2000000c        0x4 /home/javastral/st/stm32cubeclt_1.17.0/GNU-tools-for-STM32/bin/../lib/gcc/arm-none-eabi/12.3.1/../../../../arm-none-eabi/lib/thumb/v7e-m+fp/hard/libc_nano.a(libc_a-impure.o)
                0x2000000c                _impure_ptr
 .data._impure_data
                0x20000010       0x4c /home/javastral/st/stm32cubeclt_1.17.0/GNU-tools-for-STM32/bin/../lib/gcc/arm-none-eabi/12.3.1/../../../../arm-none-eabi/lib/thumb/v7e-m+fp/hard/libc_nano.a(libc_a-impure.o)
                0x20000010                _impure_data
 .data.uwTickPrio
                0x2000005c        0x4 CMakeFiles/Plantilla-final.dir/Drivers/STM32L4xx_HAL_Driver/Src/stm32l4xx_hal.c.obj
                0x2000005c                uwTickPrio
 .data.uwTickFreq
                0x20000060        0x1 CMakeFiles/Plantilla-final.dir/Drivers/STM32L4xx_HAL_Driver/Src/stm32l4xx_hal.c.obj
                0x20000060                uwTickFreq
 *fill*         0x20000061        0x3 
 .data.SystemCoreClock
                0x20000064        0x4 CMakeFiles/Plantilla-final.dir/Core/Src/system_stm32l4xx.c.obj
                0x20000064                SystemCoreClock
                0x20000068                        . = ALIGN (0x8)
                0x20000068                        _edata = .

.igot.plt       0x20000068        0x0 load address 0x080087d0
 .igot.plt      0x20000068        0x0 /home/javastral/st/stm32cubeclt_1.17.0/GNU-tools-for-STM32/bin/../lib/gcc/arm-none-eabi/12.3.1/thumb/v7e-m+fp/hard/crtbegin.o
                0x20000068                        . = ALIGN (0x4)

.bss            0x20000068      0x774 load address 0x080087d0
                0x20000068                        _sbss = .
                0x20000068                        __bss_start__ = _sbss
 *(.bss)
 .bss           0x20000068       0x1c /home/javastral/st/stm32cubeclt_1.17.0/GNU-tools-for-STM32/bin/../lib/gcc/arm-none-eabi/12.3.1/thumb/v7e-m+fp/hard/crtbegin.o
 *(.bss*)
 .bss.__sf      0x20000084      0x138 /home/javastral/st/stm32cubeclt_1.17.0/GNU-tools-for-STM32/bin/../lib/gcc/arm-none-eabi/12.3.1/../../../../arm-none-eabi/lib/thumb/v7e-m+fp/hard/libc_nano.a(libc_a-findfp.o)
                0x20000084                __sf
 .bss.__stdio_exit_handler
                0x200001bc        0x4 /home/javastral/st/stm32cubeclt_1.17.0/GNU-tools-for-STM32/bin/../lib/gcc/arm-none-eabi/12.3.1/../../../../arm-none-eabi/lib/thumb/v7e-m+fp/hard/libc_nano.a(libc_a-findfp.o)
                0x200001bc                __stdio_exit_handler
 .bss.errno     0x200001c0        0x4 /home/javastral/st/stm32cubeclt_1.17.0/GNU-tools-for-STM32/bin/../lib/gcc/arm-none-eabi/12.3.1/../../../../arm-none-eabi/lib/thumb/v7e-m+fp/hard/libc_nano.a(libc_a-reent.o)
                0x200001c0                errno
 .bss.__lock___malloc_recursive_mutex
                0x200001c4        0x1 /home/javastral/st/stm32cubeclt_1.17.0/GNU-tools-for-STM32/bin/../lib/gcc/arm-none-eabi/12.3.1/../../../../arm-none-eabi/lib/thumb/v7e-m+fp/hard/libc_nano.a(libc_a-lock.o)
                0x200001c4                __lock___malloc_recursive_mutex
 .bss.__lock___sfp_recursive_mutex
                0x200001c5        0x1 /home/javastral/st/stm32cubeclt_1.17.0/GNU-tools-for-STM32/bin/../lib/gcc/arm-none-eabi/12.3.1/../../../../arm-none-eabi/lib/thumb/v7e-m+fp/hard/libc_nano.a(libc_a-lock.o)
                0x200001c5                __lock___sfp_recursive_mutex
 *fill*         0x200001c6        0x2 
 .bss.__malloc_sbrk_start
                0x200001c8        0x4 /home/javastral/st/stm32cubeclt_1.17.0/GNU-tools-for-STM32/bin/../lib/gcc/arm-none-eabi/12.3.1/../../../../arm-none-eabi/lib/thumb/v7e-m+fp/hard/libc_nano.a(libc_a-mallocr.o)
                0x200001c8                __malloc_sbrk_start
 .bss.__malloc_free_list
                0x200001cc        0x4 /home/javastral/st/stm32cubeclt_1.17.0/GNU-tools-for-STM32/bin/../lib/gcc/arm-none-eabi/12.3.1/../../../../arm-none-eabi/lib/thumb/v7e-m+fp/hard/libc_nano.a(libc_a-mallocr.o)
                0x200001cc                __malloc_free_list
 .bss.SSD1306_Buffer
                0x200001d0      0x400 CMakeFiles/Plantilla-final.dir/Drivers/ssd1306/ssd1306.c.obj
 .bss.SSD1306   0x200005d0        0x6 CMakeFiles/Plantilla-final.dir/Drivers/ssd1306/ssd1306.c.obj
 *fill*         0x200005d6        0x2 
 .bss.last_heartbeat.0
                0x200005d8        0x4 CMakeFiles/Plantilla-final.dir/Core/Src/system.c.obj
 .bss.hi2c1     0x200005dc       0x54 CMakeFiles/Plantilla-final.dir/Core/Src/main.c.obj
                0x200005dc                hi2c1
 .bss.huart2    0x20000630       0x88 CMakeFiles/Plantilla-final.dir/Core/Src/main.c.obj
                0x20000630                huart2
 .bss.huart3    0x200006b8       0x88 CMakeFiles/Plantilla-final.dir/Core/Src/main.c.obj
                0x200006b8                huart3
 .bss.keypad_colum_pressed
                0x20000740        0x2 CMakeFiles/Plantilla-final.dir/Core/Src/main.c.obj
                0x20000740                keypad_colum_pressed
 .bss.b1_press_count
                0x20000742        0x1 CMakeFiles/Plantilla-final.dir/Core/Src/main.c.obj
                0x20000742                b1_press_count
 *fill*         0x20000743        0x1 
 .bss.button_last_press
                0x20000744        0x4 CMakeFiles/Plantilla-final.dir/Core/Src/main.c.obj
                0x20000744                button_last_press
 .bss.pc_rx_data
                0x20000748       0x20 CMakeFiles/Plantilla-final.dir/Core/Src/main.c.obj
                0x20000748                pc_rx_data
 .bss.pc_rx_buffer
                0x20000768        0x8 CMakeFiles/Plantilla-final.dir/Core/Src/main.c.obj
                0x20000768                pc_rx_buffer
 .bss.keypad_rx_data
                0x20000770       0x20 CMakeFiles/Plantilla-final.dir/Core/Src/main.c.obj
                0x20000770                keypad_rx_data
 .bss.keypad_rx_buffer
                0x20000790        0x8 CMakeFiles/Plantilla-final.dir/Core/Src/main.c.obj
                0x20000790                keypad_rx_buffer
 .bss.internet_rx_data
                0x20000798       0x20 CMakeFiles/Plantilla-final.dir/Core/Src/main.c.obj
                0x20000798                internet_rx_data
 .bss.internet_rx_buffer
                0x200007b8        0x8 CMakeFiles/Plantilla-final.dir/Core/Src/main.c.obj
                0x200007b8                internet_rx_buffer
 .bss.door_state
                0x200007c0        0x1 CMakeFiles/Plantilla-final.dir/Core/Src/main.c.obj
                0x200007c0                door_state
 *fill*         0x200007c1        0x3 
 .bss.door_timer
                0x200007c4        0x4 CMakeFiles/Plantilla-final.dir/Core/Src/main.c.obj
                0x200007c4                door_timer
 .bss.key_buffer
                0x200007c8        0xa CMakeFiles/Plantilla-final.dir/Core/Src/main.c.obj
                0x200007c8                key_buffer
 .bss.key_index
                0x200007d2        0x1 CMakeFiles/Plantilla-final.dir/Core/Src/main.c.obj
                0x200007d2                key_index
 .bss.rx_data   0x200007d3        0x1 CMakeFiles/Plantilla-final.dir/Core/Src/main.c.obj
                0x200007d3                rx_data
 .bss.uwTick    0x200007d4        0x4 CMakeFiles/Plantilla-final.dir/Drivers/STM32L4xx_HAL_Driver/Src/stm32l4xx_hal.c.obj
                0x200007d4                uwTick
 .bss.__sbrk_heap_end
                0x200007d8        0x4 CMakeFiles/Plantilla-final.dir/Core/Src/sysmem.c.obj
 *(COMMON)
                0x200007dc                        . = ALIGN (0x4)
                0x200007dc                        _ebss = .
                0x200007dc                        __bss_end__ = _ebss

._user_heap_stack
                0x200007dc      0x604 load address 0x080087d0
                0x200007e0                        . = ALIGN (0x8)
 *fill*         0x200007dc        0x4 
                [!provide]                        PROVIDE (end = .)
                0x200007e0                        PROVIDE (_end = .)
                0x200009e0                        . = (. + _Min_Heap_Size)
 *fill*         0x200007e0      0x200 
                0x20000de0                        . = (. + _Min_Stack_Size)
 *fill*         0x200009e0      0x400 
                0x20000de0                        . = ALIGN (0x8)

/DISCARD/
 libc.a(*)
 libm.a(*)
 libgcc.a(*)
OUTPUT(Plantilla-final.elf elf32-littlearm)
LOAD linker stubs
LOAD /home/javastral/st/stm32cubeclt_1.17.0/GNU-tools-for-STM32/bin/../lib/gcc/arm-none-eabi/12.3.1/../../../../arm-none-eabi/lib/thumb/v7e-m+fp/hard/libc.a
LOAD /home/javastral/st/stm32cubeclt_1.17.0/GNU-tools-for-STM32/bin/../lib/gcc/arm-none-eabi/12.3.1/../../../../arm-none-eabi/lib/thumb/v7e-m+fp/hard/libm.a
LOAD /home/javastral/st/stm32cubeclt_1.17.0/GNU-tools-for-STM32/bin/../lib/gcc/arm-none-eabi/12.3.1/thumb/v7e-m+fp/hard/libgcc.a

.ARM.attributes
                0x00000000       0x30
 .ARM.attributes
                0x00000000       0x22 /home/javastral/st/stm32cubeclt_1.17.0/GNU-tools-for-STM32/bin/../lib/gcc/arm-none-eabi/12.3.1/thumb/v7e-m+fp/hard/crti.o
 .ARM.attributes
                0x00000022       0x34 /home/javastral/st/stm32cubeclt_1.17.0/GNU-tools-for-STM32/bin/../lib/gcc/arm-none-eabi/12.3.1/thumb/v7e-m+fp/hard/crtbegin.o
 .ARM.attributes
                0x00000056       0x34 /home/javastral/st/stm32cubeclt_1.17.0/GNU-tools-for-STM32/bin/../lib/gcc/arm-none-eabi/12.3.1/../../../../arm-none-eabi/lib/thumb/v7e-m+fp/hard/libc_nano.a(libc_a-findfp.o)
 .ARM.attributes
                0x0000008a       0x34 /home/javastral/st/stm32cubeclt_1.17.0/GNU-tools-for-STM32/bin/../lib/gcc/arm-none-eabi/12.3.1/../../../../arm-none-eabi/lib/thumb/v7e-m+fp/hard/libc_nano.a(libc_a-fwalk.o)
 .ARM.attributes
                0x000000be       0x34 /home/javastral/st/stm32cubeclt_1.17.0/GNU-tools-for-STM32/bin/../lib/gcc/arm-none-eabi/12.3.1/../../../../arm-none-eabi/lib/thumb/v7e-m+fp/hard/libc_nano.a(libc_a-stdio.o)
 .ARM.attributes
                0x000000f2       0x34 /home/javastral/st/stm32cubeclt_1.17.0/GNU-tools-for-STM32/bin/../lib/gcc/arm-none-eabi/12.3.1/../../../../arm-none-eabi/lib/thumb/v7e-m+fp/hard/libc_nano.a(libc_a-memset.o)
 .ARM.attributes
                0x00000126       0x34 /home/javastral/st/stm32cubeclt_1.17.0/GNU-tools-for-STM32/bin/../lib/gcc/arm-none-eabi/12.3.1/../../../../arm-none-eabi/lib/thumb/v7e-m+fp/hard/libc_nano.a(libc_a-closer.o)
 .ARM.attributes
                0x0000015a       0x34 /home/javastral/st/stm32cubeclt_1.17.0/GNU-tools-for-STM32/bin/../lib/gcc/arm-none-eabi/12.3.1/../../../../arm-none-eabi/lib/thumb/v7e-m+fp/hard/libc_nano.a(libc_a-reent.o)
 .ARM.attributes
                0x0000018e       0x34 /home/javastral/st/stm32cubeclt_1.17.0/GNU-tools-for-STM32/bin/../lib/gcc/arm-none-eabi/12.3.1/../../../../arm-none-eabi/lib/thumb/v7e-m+fp/hard/libc_nano.a(libc_a-impure.o)
 .ARM.attributes
                0x000001c2       0x34 /home/javastral/st/stm32cubeclt_1.17.0/GNU-tools-for-STM32/bin/../lib/gcc/arm-none-eabi/12.3.1/../../../../arm-none-eabi/lib/thumb/v7e-m+fp/hard/libc_nano.a(libc_a-lseekr.o)
 .ARM.attributes
                0x000001f6       0x34 /home/javastral/st/stm32cubeclt_1.17.0/GNU-tools-for-STM32/bin/../lib/gcc/arm-none-eabi/12.3.1/../../../../arm-none-eabi/lib/thumb/v7e-m+fp/hard/libc_nano.a(libc_a-readr.o)
 .ARM.attributes
                0x0000022a       0x34 /home/javastral/st/stm32cubeclt_1.17.0/GNU-tools-for-STM32/bin/../lib/gcc/arm-none-eabi/12.3.1/../../../../arm-none-eabi/lib/thumb/v7e-m+fp/hard/libc_nano.a(libc_a-writer.o)
 .ARM.attributes
                0x0000025e       0x34 /home/javastral/st/stm32cubeclt_1.17.0/GNU-tools-for-STM32/bin/../lib/gcc/arm-none-eabi/12.3.1/../../../../arm-none-eabi/lib/thumb/v7e-m+fp/hard/libc_nano.a(libc_a-init.o)
 .ARM.attributes
                0x00000292       0x34 /home/javastral/st/stm32cubeclt_1.17.0/GNU-tools-for-STM32/bin/../lib/gcc/arm-none-eabi/12.3.1/../../../../arm-none-eabi/lib/thumb/v7e-m+fp/hard/libc_nano.a(libc_a-lock.o)
 .ARM.attributes
                0x000002c6       0x34 /home/javastral/st/stm32cubeclt_1.17.0/GNU-tools-for-STM32/bin/../lib/gcc/arm-none-eabi/12.3.1/../../../../arm-none-eabi/lib/thumb/v7e-m+fp/hard/libc_nano.a(libc_a-freer.o)
 .ARM.attributes
                0x000002fa       0x34 /home/javastral/st/stm32cubeclt_1.17.0/GNU-tools-for-STM32/bin/../lib/gcc/arm-none-eabi/12.3.1/../../../../arm-none-eabi/lib/thumb/v7e-m+fp/hard/libc_nano.a(libc_a-mallocr.o)
 .ARM.attributes
                0x0000032e       0x34 /home/javastral/st/stm32cubeclt_1.17.0/GNU-tools-for-STM32/bin/../lib/gcc/arm-none-eabi/12.3.1/../../../../arm-none-eabi/lib/thumb/v7e-m+fp/hard/libc_nano.a(libc_a-mlock.o)
 .ARM.attributes
                0x00000362       0x34 /home/javastral/st/stm32cubeclt_1.17.0/GNU-tools-for-STM32/bin/../lib/gcc/arm-none-eabi/12.3.1/../../../../arm-none-eabi/lib/thumb/v7e-m+fp/hard/libc_nano.a(libc_a-fflush.o)
 .ARM.attributes
                0x00000396       0x34 /home/javastral/st/stm32cubeclt_1.17.0/GNU-tools-for-STM32/bin/../lib/gcc/arm-none-eabi/12.3.1/../../../../arm-none-eabi/lib/thumb/v7e-m+fp/hard/libc_nano.a(libc_a-sbrkr.o)
 .ARM.attributes
                0x000003ca       0x34 CMakeFiles/Plantilla-final.dir/Core/Src/ring_buffer.c.obj
 .ARM.attributes
                0x000003fe       0x34 CMakeFiles/Plantilla-final.dir/Drivers/ssd1306/ssd1306.c.obj
 .ARM.attributes
                0x00000432       0x34 CMakeFiles/Plantilla-final.dir/Drivers/ssd1306/ssd1306_fonts.c.obj
 .ARM.attributes
                0x00000466       0x34 CMakeFiles/Plantilla-final.dir/Drivers/keypad/keypad.c.obj
 .ARM.attributes
                0x0000049a       0x34 CMakeFiles/Plantilla-final.dir/Core/Src/system.c.obj
 .ARM.attributes
                0x000004ce       0x34 CMakeFiles/Plantilla-final.dir/Core/Src/main.c.obj
 .ARM.attributes
                0x00000502       0x34 CMakeFiles/Plantilla-final.dir/Core/Src/stm32l4xx_it.c.obj
 .ARM.attributes
                0x00000536       0x34 CMakeFiles/Plantilla-final.dir/Core/Src/stm32l4xx_hal_msp.c.obj
 .ARM.attributes
                0x0000056a       0x34 CMakeFiles/Plantilla-final.dir/Drivers/STM32L4xx_HAL_Driver/Src/stm32l4xx_hal_i2c.c.obj
 .ARM.attributes
                0x0000059e       0x34 CMakeFiles/Plantilla-final.dir/Drivers/STM32L4xx_HAL_Driver/Src/stm32l4xx_hal_i2c_ex.c.obj
 .ARM.attributes
                0x000005d2       0x34 CMakeFiles/Plantilla-final.dir/Drivers/STM32L4xx_HAL_Driver/Src/stm32l4xx_hal.c.obj
 .ARM.attributes
                0x00000606       0x34 CMakeFiles/Plantilla-final.dir/Drivers/STM32L4xx_HAL_Driver/Src/stm32l4xx_hal_rcc.c.obj
 .ARM.attributes
                0x0000063a       0x34 CMakeFiles/Plantilla-final.dir/Drivers/STM32L4xx_HAL_Driver/Src/stm32l4xx_hal_rcc_ex.c.obj
 .ARM.attributes
                0x0000066e       0x34 CMakeFiles/Plantilla-final.dir/Drivers/STM32L4xx_HAL_Driver/Src/stm32l4xx_hal_gpio.c.obj
 .ARM.attributes
                0x000006a2       0x34 CMakeFiles/Plantilla-final.dir/Drivers/STM32L4xx_HAL_Driver/Src/stm32l4xx_hal_dma.c.obj
 .ARM.attributes
                0x000006d6       0x34 CMakeFiles/Plantilla-final.dir/Drivers/STM32L4xx_HAL_Driver/Src/stm32l4xx_hal_pwr_ex.c.obj
 .ARM.attributes
                0x0000070a       0x34 CMakeFiles/Plantilla-final.dir/Drivers/STM32L4xx_HAL_Driver/Src/stm32l4xx_hal_cortex.c.obj
 .ARM.attributes
                0x0000073e       0x34 CMakeFiles/Plantilla-final.dir/Drivers/STM32L4xx_HAL_Driver/Src/stm32l4xx_hal_uart.c.obj
 .ARM.attributes
                0x00000772       0x34 CMakeFiles/Plantilla-final.dir/Drivers/STM32L4xx_HAL_Driver/Src/stm32l4xx_hal_uart_ex.c.obj
 .ARM.attributes
                0x000007a6       0x34 CMakeFiles/Plantilla-final.dir/Core/Src/system_stm32l4xx.c.obj
 .ARM.attributes
                0x000007da       0x34 CMakeFiles/Plantilla-final.dir/Core/Src/sysmem.c.obj
 .ARM.attributes
                0x0000080e       0x34 CMakeFiles/Plantilla-final.dir/Core/Src/syscalls.c.obj
 .ARM.attributes
                0x00000842       0x21 CMakeFiles/Plantilla-final.dir/startup_stm32l476xx.s.obj
 .ARM.attributes
                0x00000863       0x22 /home/javastral/st/stm32cubeclt_1.17.0/GNU-tools-for-STM32/bin/../lib/gcc/arm-none-eabi/12.3.1/thumb/v7e-m+fp/hard/libgcc.a(_aeabi_uldivmod.o)
 .ARM.attributes
                0x00000885       0x34 /home/javastral/st/stm32cubeclt_1.17.0/GNU-tools-for-STM32/bin/../lib/gcc/arm-none-eabi/12.3.1/thumb/v7e-m+fp/hard/libgcc.a(_udivmoddi4.o)
 .ARM.attributes
                0x000008b9       0x22 /home/javastral/st/stm32cubeclt_1.17.0/GNU-tools-for-STM32/bin/../lib/gcc/arm-none-eabi/12.3.1/thumb/v7e-m+fp/hard/libgcc.a(_dvmd_tls.o)
 .ARM.attributes
                0x000008db       0x34 /home/javastral/st/stm32cubeclt_1.17.0/GNU-tools-for-STM32/bin/../lib/gcc/arm-none-eabi/12.3.1/../../../../arm-none-eabi/lib/thumb/v7e-m+fp/hard/libg_nano.a(libc_a-printf.o)
 .ARM.attributes
                0x0000090f       0x34 /home/javastral/st/stm32cubeclt_1.17.0/GNU-tools-for-STM32/bin/../lib/gcc/arm-none-eabi/12.3.1/../../../../arm-none-eabi/lib/thumb/v7e-m+fp/hard/libg_nano.a(libc_a-puts.o)
 .ARM.attributes
                0x00000943       0x34 /home/javastral/st/stm32cubeclt_1.17.0/GNU-tools-for-STM32/bin/../lib/gcc/arm-none-eabi/12.3.1/../../../../arm-none-eabi/lib/thumb/v7e-m+fp/hard/libg_nano.a(libc_a-wbuf.o)
 .ARM.attributes
                0x00000977       0x34 /home/javastral/st/stm32cubeclt_1.17.0/GNU-tools-for-STM32/bin/../lib/gcc/arm-none-eabi/12.3.1/../../../../arm-none-eabi/lib/thumb/v7e-m+fp/hard/libg_nano.a(libc_a-wsetup.o)
 .ARM.attributes
                0x000009ab       0x34 /home/javastral/st/stm32cubeclt_1.17.0/GNU-tools-for-STM32/bin/../lib/gcc/arm-none-eabi/12.3.1/../../../../arm-none-eabi/lib/thumb/v7e-m+fp/hard/libg_nano.a(libc_a-errno.o)
 .ARM.attributes
                0x000009df       0x20 /home/javastral/st/stm32cubeclt_1.17.0/GNU-tools-for-STM32/bin/../lib/gcc/arm-none-eabi/12.3.1/../../../../arm-none-eabi/lib/thumb/v7e-m+fp/hard/libg_nano.a(libc_a-strcmp.o)
 .ARM.attributes
                0x000009ff       0x34 /home/javastral/st/stm32cubeclt_1.17.0/GNU-tools-for-STM32/bin/../lib/gcc/arm-none-eabi/12.3.1/../../../../arm-none-eabi/lib/thumb/v7e-m+fp/hard/libg_nano.a(libc_a-nano-vfprintf.o)
 .ARM.attributes
                0x00000a33       0x34 /home/javastral/st/stm32cubeclt_1.17.0/GNU-tools-for-STM32/bin/../lib/gcc/arm-none-eabi/12.3.1/../../../../arm-none-eabi/lib/thumb/v7e-m+fp/hard/libg_nano.a(libc_a-nano-vfprintf_i.o)
 .ARM.attributes
                0x00000a67       0x34 /home/javastral/st/stm32cubeclt_1.17.0/GNU-tools-for-STM32/bin/../lib/gcc/arm-none-eabi/12.3.1/../../../../arm-none-eabi/lib/thumb/v7e-m+fp/hard/libg_nano.a(libc_a-makebuf.o)
 .ARM.attributes
                0x00000a9b       0x34 /home/javastral/st/stm32cubeclt_1.17.0/GNU-tools-for-STM32/bin/../lib/gcc/arm-none-eabi/12.3.1/../../../../arm-none-eabi/lib/thumb/v7e-m+fp/hard/libg_nano.a(libc_a-fstatr.o)
 .ARM.attributes
                0x00000acf       0x34 /home/javastral/st/stm32cubeclt_1.17.0/GNU-tools-for-STM32/bin/../lib/gcc/arm-none-eabi/12.3.1/../../../../arm-none-eabi/lib/thumb/v7e-m+fp/hard/libg_nano.a(libc_a-isattyr.o)
 .ARM.attributes
                0x00000b03       0x1c /home/javastral/st/stm32cubeclt_1.17.0/GNU-tools-for-STM32/bin/../lib/gcc/arm-none-eabi/12.3.1/../../../../arm-none-eabi/lib/thumb/v7e-m+fp/hard/libg_nano.a(libc_a-memchr.o)
 .ARM.attributes
                0x00000b1f       0x22 /home/javastral/st/stm32cubeclt_1.17.0/GNU-tools-for-STM32/bin/../lib/gcc/arm-none-eabi/12.3.1/thumb/v7e-m+fp/hard/crtn.o

.comment        0x00000000       0x43
 .comment       0x00000000       0x43 CMakeFiles/Plantilla-final.dir/Core/Src/ring_buffer.c.obj
                                 0x44 (size before relaxing)
 .comment       0x00000043       0x44 CMakeFiles/Plantilla-final.dir/Drivers/ssd1306/ssd1306.c.obj
 .comment       0x00000043       0x44 CMakeFiles/Plantilla-final.dir/Drivers/ssd1306/ssd1306_fonts.c.obj
 .comment       0x00000043       0x44 CMakeFiles/Plantilla-final.dir/Drivers/keypad/keypad.c.obj
 .comment       0x00000043       0x44 CMakeFiles/Plantilla-final.dir/Core/Src/system.c.obj
 .comment       0x00000043       0x44 CMakeFiles/Plantilla-final.dir/Core/Src/main.c.obj
 .comment       0x00000043       0x44 CMakeFiles/Plantilla-final.dir/Core/Src/stm32l4xx_it.c.obj
 .comment       0x00000043       0x44 CMakeFiles/Plantilla-final.dir/Core/Src/stm32l4xx_hal_msp.c.obj
 .comment       0x00000043       0x44 CMakeFiles/Plantilla-final.dir/Drivers/STM32L4xx_HAL_Driver/Src/stm32l4xx_hal_i2c.c.obj
 .comment       0x00000043       0x44 CMakeFiles/Plantilla-final.dir/Drivers/STM32L4xx_HAL_Driver/Src/stm32l4xx_hal_i2c_ex.c.obj
 .comment       0x00000043       0x44 CMakeFiles/Plantilla-final.dir/Drivers/STM32L4xx_HAL_Driver/Src/stm32l4xx_hal.c.obj
 .comment       0x00000043       0x44 CMakeFiles/Plantilla-final.dir/Drivers/STM32L4xx_HAL_Driver/Src/stm32l4xx_hal_rcc.c.obj
 .comment       0x00000043       0x44 CMakeFiles/Plantilla-final.dir/Drivers/STM32L4xx_HAL_Driver/Src/stm32l4xx_hal_rcc_ex.c.obj
 .comment       0x00000043       0x44 CMakeFiles/Plantilla-final.dir/Drivers/STM32L4xx_HAL_Driver/Src/stm32l4xx_hal_gpio.c.obj
 .comment       0x00000043       0x44 CMakeFiles/Plantilla-final.dir/Drivers/STM32L4xx_HAL_Driver/Src/stm32l4xx_hal_dma.c.obj
 .comment       0x00000043       0x44 CMakeFiles/Plantilla-final.dir/Drivers/STM32L4xx_HAL_Driver/Src/stm32l4xx_hal_pwr_ex.c.obj
 .comment       0x00000043       0x44 CMakeFiles/Plantilla-final.dir/Drivers/STM32L4xx_HAL_Driver/Src/stm32l4xx_hal_cortex.c.obj
 .comment       0x00000043       0x44 CMakeFiles/Plantilla-final.dir/Drivers/STM32L4xx_HAL_Driver/Src/stm32l4xx_hal_uart.c.obj
 .comment       0x00000043       0x44 CMakeFiles/Plantilla-final.dir/Drivers/STM32L4xx_HAL_Driver/Src/stm32l4xx_hal_uart_ex.c.obj
 .comment       0x00000043       0x44 CMakeFiles/Plantilla-final.dir/Core/Src/system_stm32l4xx.c.obj
 .comment       0x00000043       0x44 CMakeFiles/Plantilla-final.dir/Core/Src/sysmem.c.obj
 .comment       0x00000043       0x44 CMakeFiles/Plantilla-final.dir/Core/Src/syscalls.c.obj
 .comment       0x00000043       0x44 /home/javastral/st/stm32cubeclt_1.17.0/GNU-tools-for-STM32/bin/../lib/gcc/arm-none-eabi/12.3.1/../../../../arm-none-eabi/lib/thumb/v7e-m+fp/hard/libg_nano.a(libc_a-printf.o)
 .comment       0x00000043       0x44 /home/javastral/st/stm32cubeclt_1.17.0/GNU-tools-for-STM32/bin/../lib/gcc/arm-none-eabi/12.3.1/../../../../arm-none-eabi/lib/thumb/v7e-m+fp/hard/libg_nano.a(libc_a-puts.o)
 .comment       0x00000043       0x44 /home/javastral/st/stm32cubeclt_1.17.0/GNU-tools-for-STM32/bin/../lib/gcc/arm-none-eabi/12.3.1/../../../../arm-none-eabi/lib/thumb/v7e-m+fp/hard/libg_nano.a(libc_a-wbuf.o)
 .comment       0x00000043       0x44 /home/javastral/st/stm32cubeclt_1.17.0/GNU-tools-for-STM32/bin/../lib/gcc/arm-none-eabi/12.3.1/../../../../arm-none-eabi/lib/thumb/v7e-m+fp/hard/libg_nano.a(libc_a-wsetup.o)
 .comment       0x00000043       0x44 /home/javastral/st/stm32cubeclt_1.17.0/GNU-tools-for-STM32/bin/../lib/gcc/arm-none-eabi/12.3.1/../../../../arm-none-eabi/lib/thumb/v7e-m+fp/hard/libg_nano.a(libc_a-errno.o)
 .comment       0x00000043       0x44 /home/javastral/st/stm32cubeclt_1.17.0/GNU-tools-for-STM32/bin/../lib/gcc/arm-none-eabi/12.3.1/../../../../arm-none-eabi/lib/thumb/v7e-m+fp/hard/libg_nano.a(libc_a-nano-vfprintf.o)
 .comment       0x00000043       0x44 /home/javastral/st/stm32cubeclt_1.17.0/GNU-tools-for-STM32/bin/../lib/gcc/arm-none-eabi/12.3.1/../../../../arm-none-eabi/lib/thumb/v7e-m+fp/hard/libg_nano.a(libc_a-nano-vfprintf_i.o)
 .comment       0x00000043       0x44 /home/javastral/st/stm32cubeclt_1.17.0/GNU-tools-for-STM32/bin/../lib/gcc/arm-none-eabi/12.3.1/../../../../arm-none-eabi/lib/thumb/v7e-m+fp/hard/libg_nano.a(libc_a-makebuf.o)
 .comment       0x00000043       0x44 /home/javastral/st/stm32cubeclt_1.17.0/GNU-tools-for-STM32/bin/../lib/gcc/arm-none-eabi/12.3.1/../../../../arm-none-eabi/lib/thumb/v7e-m+fp/hard/libg_nano.a(libc_a-fstatr.o)
 .comment       0x00000043       0x44 /home/javastral/st/stm32cubeclt_1.17.0/GNU-tools-for-STM32/bin/../lib/gcc/arm-none-eabi/12.3.1/../../../../arm-none-eabi/lib/thumb/v7e-m+fp/hard/libg_nano.a(libc_a-isattyr.o)

.debug_frame    0x00000000     0x46a0
 .debug_frame   0x00000000      0x144 /home/javastral/st/stm32cubeclt_1.17.0/GNU-tools-for-STM32/bin/../lib/gcc/arm-none-eabi/12.3.1/../../../../arm-none-eabi/lib/thumb/v7e-m+fp/hard/libc_nano.a(libc_a-findfp.o)
 .debug_frame   0x00000144       0x34 /home/javastral/st/stm32cubeclt_1.17.0/GNU-tools-for-STM32/bin/../lib/gcc/arm-none-eabi/12.3.1/../../../../arm-none-eabi/lib/thumb/v7e-m+fp/hard/libc_nano.a(libc_a-fwalk.o)
 .debug_frame   0x00000178       0x88 /home/javastral/st/stm32cubeclt_1.17.0/GNU-tools-for-STM32/bin/../lib/gcc/arm-none-eabi/12.3.1/../../../../arm-none-eabi/lib/thumb/v7e-m+fp/hard/libc_nano.a(libc_a-stdio.o)
 .debug_frame   0x00000200       0x20 /home/javastral/st/stm32cubeclt_1.17.0/GNU-tools-for-STM32/bin/../lib/gcc/arm-none-eabi/12.3.1/../../../../arm-none-eabi/lib/thumb/v7e-m+fp/hard/libc_nano.a(libc_a-memset.o)
 .debug_frame   0x00000220       0x2c /home/javastral/st/stm32cubeclt_1.17.0/GNU-tools-for-STM32/bin/../lib/gcc/arm-none-eabi/12.3.1/../../../../arm-none-eabi/lib/thumb/v7e-m+fp/hard/libc_nano.a(libc_a-closer.o)
 .debug_frame   0x0000024c       0x38 /home/javastral/st/stm32cubeclt_1.17.0/GNU-tools-for-STM32/bin/../lib/gcc/arm-none-eabi/12.3.1/../../../../arm-none-eabi/lib/thumb/v7e-m+fp/hard/libc_nano.a(libc_a-reent.o)
 .debug_frame   0x00000284       0x2c /home/javastral/st/stm32cubeclt_1.17.0/GNU-tools-for-STM32/bin/../lib/gcc/arm-none-eabi/12.3.1/../../../../arm-none-eabi/lib/thumb/v7e-m+fp/hard/libc_nano.a(libc_a-lseekr.o)
 .debug_frame   0x000002b0       0x2c /home/javastral/st/stm32cubeclt_1.17.0/GNU-tools-for-STM32/bin/../lib/gcc/arm-none-eabi/12.3.1/../../../../arm-none-eabi/lib/thumb/v7e-m+fp/hard/libc_nano.a(libc_a-readr.o)
 .debug_frame   0x000002dc       0x2c /home/javastral/st/stm32cubeclt_1.17.0/GNU-tools-for-STM32/bin/../lib/gcc/arm-none-eabi/12.3.1/../../../../arm-none-eabi/lib/thumb/v7e-m+fp/hard/libc_nano.a(libc_a-writer.o)
 .debug_frame   0x00000308       0x2c /home/javastral/st/stm32cubeclt_1.17.0/GNU-tools-for-STM32/bin/../lib/gcc/arm-none-eabi/12.3.1/../../../../arm-none-eabi/lib/thumb/v7e-m+fp/hard/libc_nano.a(libc_a-init.o)
 .debug_frame   0x00000334       0xb0 /home/javastral/st/stm32cubeclt_1.17.0/GNU-tools-for-STM32/bin/../lib/gcc/arm-none-eabi/12.3.1/../../../../arm-none-eabi/lib/thumb/v7e-m+fp/hard/libc_nano.a(libc_a-lock.o)
 .debug_frame   0x000003e4       0x38 /home/javastral/st/stm32cubeclt_1.17.0/GNU-tools-for-STM32/bin/../lib/gcc/arm-none-eabi/12.3.1/../../../../arm-none-eabi/lib/thumb/v7e-m+fp/hard/libc_nano.a(libc_a-freer.o)
 .debug_frame   0x0000041c       0x50 /home/javastral/st/stm32cubeclt_1.17.0/GNU-tools-for-STM32/bin/../lib/gcc/arm-none-eabi/12.3.1/../../../../arm-none-eabi/lib/thumb/v7e-m+fp/hard/libc_nano.a(libc_a-mallocr.o)
 .debug_frame   0x0000046c       0x30 /home/javastral/st/stm32cubeclt_1.17.0/GNU-tools-for-STM32/bin/../lib/gcc/arm-none-eabi/12.3.1/../../../../arm-none-eabi/lib/thumb/v7e-m+fp/hard/libc_nano.a(libc_a-mlock.o)
 .debug_frame   0x0000049c       0x5c /home/javastral/st/stm32cubeclt_1.17.0/GNU-tools-for-STM32/bin/../lib/gcc/arm-none-eabi/12.3.1/../../../../arm-none-eabi/lib/thumb/v7e-m+fp/hard/libc_nano.a(libc_a-fflush.o)
 .debug_frame   0x000004f8       0x2c /home/javastral/st/stm32cubeclt_1.17.0/GNU-tools-for-STM32/bin/../lib/gcc/arm-none-eabi/12.3.1/../../../../arm-none-eabi/lib/thumb/v7e-m+fp/hard/libc_nano.a(libc_a-sbrkr.o)
 .debug_frame   0x00000524      0x124 CMakeFiles/Plantilla-final.dir/Core/Src/ring_buffer.c.obj
 .debug_frame   0x00000648      0x3e4 CMakeFiles/Plantilla-final.dir/Drivers/ssd1306/ssd1306.c.obj
 .debug_frame   0x00000a2c       0x74 CMakeFiles/Plantilla-final.dir/Drivers/keypad/keypad.c.obj
 .debug_frame   0x00000aa0       0xd8 CMakeFiles/Plantilla-final.dir/Core/Src/system.c.obj
 .debug_frame   0x00000b78      0x150 CMakeFiles/Plantilla-final.dir/Core/Src/main.c.obj
 .debug_frame   0x00000cc8      0x1cc CMakeFiles/Plantilla-final.dir/Core/Src/stm32l4xx_it.c.obj
 .debug_frame   0x00000e94       0xcc CMakeFiles/Plantilla-final.dir/Core/Src/stm32l4xx_hal_msp.c.obj
 .debug_frame   0x00000f60      0xc38 CMakeFiles/Plantilla-final.dir/Drivers/STM32L4xx_HAL_Driver/Src/stm32l4xx_hal_i2c.c.obj
 .debug_frame   0x00001b98      0x100 CMakeFiles/Plantilla-final.dir/Drivers/STM32L4xx_HAL_Driver/Src/stm32l4xx_hal_i2c_ex.c.obj
 .debug_frame   0x00001c98      0x498 CMakeFiles/Plantilla-final.dir/Drivers/STM32L4xx_HAL_Driver/Src/stm32l4xx_hal.c.obj
 .debug_frame   0x00002130      0x21c CMakeFiles/Plantilla-final.dir/Drivers/STM32L4xx_HAL_Driver/Src/stm32l4xx_hal_rcc.c.obj
 .debug_frame   0x0000234c      0x2fc CMakeFiles/Plantilla-final.dir/Drivers/STM32L4xx_HAL_Driver/Src/stm32l4xx_hal_rcc_ex.c.obj
 .debug_frame   0x00002648      0x14c CMakeFiles/Plantilla-final.dir/Drivers/STM32L4xx_HAL_Driver/Src/stm32l4xx_hal_gpio.c.obj
 .debug_frame   0x00002794      0x204 CMakeFiles/Plantilla-final.dir/Drivers/STM32L4xx_HAL_Driver/Src/stm32l4xx_hal_dma.c.obj
 .debug_frame   0x00002998      0x584 CMakeFiles/Plantilla-final.dir/Drivers/STM32L4xx_HAL_Driver/Src/stm32l4xx_hal_pwr_ex.c.obj
 .debug_frame   0x00002f1c      0x4e8 CMakeFiles/Plantilla-final.dir/Drivers/STM32L4xx_HAL_Driver/Src/stm32l4xx_hal_cortex.c.obj
 .debug_frame   0x00003404      0x9f4 CMakeFiles/Plantilla-final.dir/Drivers/STM32L4xx_HAL_Driver/Src/stm32l4xx_hal_uart.c.obj
 .debug_frame   0x00003df8      0x204 CMakeFiles/Plantilla-final.dir/Drivers/STM32L4xx_HAL_Driver/Src/stm32l4xx_hal_uart_ex.c.obj
 .debug_frame   0x00003ffc       0x58 CMakeFiles/Plantilla-final.dir/Core/Src/system_stm32l4xx.c.obj
 .debug_frame   0x00004054       0x34 CMakeFiles/Plantilla-final.dir/Core/Src/sysmem.c.obj
 .debug_frame   0x00004088      0x2ac CMakeFiles/Plantilla-final.dir/Core/Src/syscalls.c.obj
 .debug_frame   0x00004334       0x2c /home/javastral/st/stm32cubeclt_1.17.0/GNU-tools-for-STM32/bin/../lib/gcc/arm-none-eabi/12.3.1/thumb/v7e-m+fp/hard/libgcc.a(_aeabi_uldivmod.o)
 .debug_frame   0x00004360       0x34 /home/javastral/st/stm32cubeclt_1.17.0/GNU-tools-for-STM32/bin/../lib/gcc/arm-none-eabi/12.3.1/thumb/v7e-m+fp/hard/libgcc.a(_udivmoddi4.o)
 .debug_frame   0x00004394       0x6c /home/javastral/st/stm32cubeclt_1.17.0/GNU-tools-for-STM32/bin/../lib/gcc/arm-none-eabi/12.3.1/../../../../arm-none-eabi/lib/thumb/v7e-m+fp/hard/libg_nano.a(libc_a-printf.o)
 .debug_frame   0x00004400       0x3c /home/javastral/st/stm32cubeclt_1.17.0/GNU-tools-for-STM32/bin/../lib/gcc/arm-none-eabi/12.3.1/../../../../arm-none-eabi/lib/thumb/v7e-m+fp/hard/libg_nano.a(libc_a-puts.o)
 .debug_frame   0x0000443c       0x40 /home/javastral/st/stm32cubeclt_1.17.0/GNU-tools-for-STM32/bin/../lib/gcc/arm-none-eabi/12.3.1/../../../../arm-none-eabi/lib/thumb/v7e-m+fp/hard/libg_nano.a(libc_a-wbuf.o)
 .debug_frame   0x0000447c       0x2c /home/javastral/st/stm32cubeclt_1.17.0/GNU-tools-for-STM32/bin/../lib/gcc/arm-none-eabi/12.3.1/../../../../arm-none-eabi/lib/thumb/v7e-m+fp/hard/libg_nano.a(libc_a-wsetup.o)
 .debug_frame   0x000044a8       0x20 /home/javastral/st/stm32cubeclt_1.17.0/GNU-tools-for-STM32/bin/../lib/gcc/arm-none-eabi/12.3.1/../../../../arm-none-eabi/lib/thumb/v7e-m+fp/hard/libg_nano.a(libc_a-errno.o)
 .debug_frame   0x000044c8       0x20 /home/javastral/st/stm32cubeclt_1.17.0/GNU-tools-for-STM32/bin/../lib/gcc/arm-none-eabi/12.3.1/../../../../arm-none-eabi/lib/thumb/v7e-m+fp/hard/libg_nano.a(libc_a-strcmp.o)
 .debug_frame   0x000044e8       0xa8 /home/javastral/st/stm32cubeclt_1.17.0/GNU-tools-for-STM32/bin/../lib/gcc/arm-none-eabi/12.3.1/../../../../arm-none-eabi/lib/thumb/v7e-m+fp/hard/libg_nano.a(libc_a-nano-vfprintf.o)
 .debug_frame   0x00004590       0x60 /home/javastral/st/stm32cubeclt_1.17.0/GNU-tools-for-STM32/bin/../lib/gcc/arm-none-eabi/12.3.1/../../../../arm-none-eabi/lib/thumb/v7e-m+fp/hard/libg_nano.a(libc_a-nano-vfprintf_i.o)
 .debug_frame   0x000045f0       0x58 /home/javastral/st/stm32cubeclt_1.17.0/GNU-tools-for-STM32/bin/../lib/gcc/arm-none-eabi/12.3.1/../../../../arm-none-eabi/lib/thumb/v7e-m+fp/hard/libg_nano.a(libc_a-makebuf.o)
 .debug_frame   0x00004648       0x2c /home/javastral/st/stm32cubeclt_1.17.0/GNU-tools-for-STM32/bin/../lib/gcc/arm-none-eabi/12.3.1/../../../../arm-none-eabi/lib/thumb/v7e-m+fp/hard/libg_nano.a(libc_a-fstatr.o)
 .debug_frame   0x00004674       0x2c /home/javastral/st/stm32cubeclt_1.17.0/GNU-tools-for-STM32/bin/../lib/gcc/arm-none-eabi/12.3.1/../../../../arm-none-eabi/lib/thumb/v7e-m+fp/hard/libg_nano.a(libc_a-isattyr.o)

.debug_info     0x00000000    0x184ae
 .debug_info    0x00000000      0x21f CMakeFiles/Plantilla-final.dir/Core/Src/ring_buffer.c.obj
 .debug_info    0x0000021f     0x1277 CMakeFiles/Plantilla-final.dir/Drivers/ssd1306/ssd1306.c.obj
 .debug_info    0x00001496      0x2ab CMakeFiles/Plantilla-final.dir/Drivers/ssd1306/ssd1306_fonts.c.obj
 .debug_info    0x00001741      0x307 CMakeFiles/Plantilla-final.dir/Drivers/keypad/keypad.c.obj
 .debug_info    0x00001a48      0x436 CMakeFiles/Plantilla-final.dir/Core/Src/system.c.obj
 .debug_info    0x00001e7e     0x178b CMakeFiles/Plantilla-final.dir/Core/Src/main.c.obj
 .debug_info    0x00003609      0xae4 CMakeFiles/Plantilla-final.dir/Core/Src/stm32l4xx_it.c.obj
 .debug_info    0x000040ed     0x1352 CMakeFiles/Plantilla-final.dir/Core/Src/stm32l4xx_hal_msp.c.obj
 .debug_info    0x0000543f     0x20d2 CMakeFiles/Plantilla-final.dir/Drivers/STM32L4xx_HAL_Driver/Src/stm32l4xx_hal_i2c.c.obj
 .debug_info    0x00007511      0x975 CMakeFiles/Plantilla-final.dir/Drivers/STM32L4xx_HAL_Driver/Src/stm32l4xx_hal_i2c_ex.c.obj
 .debug_info    0x00007e86      0xc09 CMakeFiles/Plantilla-final.dir/Drivers/STM32L4xx_HAL_Driver/Src/stm32l4xx_hal.c.obj
 .debug_info    0x00008a8f      0xc14 CMakeFiles/Plantilla-final.dir/Drivers/STM32L4xx_HAL_Driver/Src/stm32l4xx_hal_rcc.c.obj
 .debug_info    0x000096a3      0xe11 CMakeFiles/Plantilla-final.dir/Drivers/STM32L4xx_HAL_Driver/Src/stm32l4xx_hal_rcc_ex.c.obj
 .debug_info    0x0000a4b4      0x757 CMakeFiles/Plantilla-final.dir/Drivers/STM32L4xx_HAL_Driver/Src/stm32l4xx_hal_gpio.c.obj
 .debug_info    0x0000ac0b      0x6f4 CMakeFiles/Plantilla-final.dir/Drivers/STM32L4xx_HAL_Driver/Src/stm32l4xx_hal_dma.c.obj
 .debug_info    0x0000b2ff      0x99e CMakeFiles/Plantilla-final.dir/Drivers/STM32L4xx_HAL_Driver/Src/stm32l4xx_hal_pwr_ex.c.obj
 .debug_info    0x0000bc9d      0xd81 CMakeFiles/Plantilla-final.dir/Drivers/STM32L4xx_HAL_Driver/Src/stm32l4xx_hal_cortex.c.obj
 .debug_info    0x0000ca1e     0x3b69 CMakeFiles/Plantilla-final.dir/Drivers/STM32L4xx_HAL_Driver/Src/stm32l4xx_hal_uart.c.obj
 .debug_info    0x00010587      0xdff CMakeFiles/Plantilla-final.dir/Drivers/STM32L4xx_HAL_Driver/Src/stm32l4xx_hal_uart_ex.c.obj
 .debug_info    0x00011386      0x5b1 CMakeFiles/Plantilla-final.dir/Core/Src/system_stm32l4xx.c.obj
 .debug_info    0x00011937      0x168 CMakeFiles/Plantilla-final.dir/Core/Src/sysmem.c.obj
 .debug_info    0x00011a9f      0x6a3 CMakeFiles/Plantilla-final.dir/Core/Src/syscalls.c.obj
 .debug_info    0x00012142       0x30 CMakeFiles/Plantilla-final.dir/startup_stm32l476xx.s.obj
 .debug_info    0x00012172      0x83b /home/javastral/st/stm32cubeclt_1.17.0/GNU-tools-for-STM32/bin/../lib/gcc/arm-none-eabi/12.3.1/../../../../arm-none-eabi/lib/thumb/v7e-m+fp/hard/libg_nano.a(libc_a-printf.o)
 .debug_info    0x000129ad      0x94a /home/javastral/st/stm32cubeclt_1.17.0/GNU-tools-for-STM32/bin/../lib/gcc/arm-none-eabi/12.3.1/../../../../arm-none-eabi/lib/thumb/v7e-m+fp/hard/libg_nano.a(libc_a-puts.o)
 .debug_info    0x000132f7      0x868 /home/javastral/st/stm32cubeclt_1.17.0/GNU-tools-for-STM32/bin/../lib/gcc/arm-none-eabi/12.3.1/../../../../arm-none-eabi/lib/thumb/v7e-m+fp/hard/libg_nano.a(libc_a-wbuf.o)
 .debug_info    0x00013b5f      0x7bb /home/javastral/st/stm32cubeclt_1.17.0/GNU-tools-for-STM32/bin/../lib/gcc/arm-none-eabi/12.3.1/../../../../arm-none-eabi/lib/thumb/v7e-m+fp/hard/libg_nano.a(libc_a-wsetup.o)
 .debug_info    0x0001431a      0x6fb /home/javastral/st/stm32cubeclt_1.17.0/GNU-tools-for-STM32/bin/../lib/gcc/arm-none-eabi/12.3.1/../../../../arm-none-eabi/lib/thumb/v7e-m+fp/hard/libg_nano.a(libc_a-errno.o)
 .debug_info    0x00014a15       0x31 /home/javastral/st/stm32cubeclt_1.17.0/GNU-tools-for-STM32/bin/../lib/gcc/arm-none-eabi/12.3.1/../../../../arm-none-eabi/lib/thumb/v7e-m+fp/hard/libg_nano.a(libc_a-strcmp.o)
 .debug_info    0x00014a46     0x107c /home/javastral/st/stm32cubeclt_1.17.0/GNU-tools-for-STM32/bin/../lib/gcc/arm-none-eabi/12.3.1/../../../../arm-none-eabi/lib/thumb/v7e-m+fp/hard/libg_nano.a(libc_a-nano-vfprintf.o)