Archive member included to satisfy reference by file (symbol)

/home/javastral/st/stm32cubeclt_1.17.0/GNU-tools-for-STM32/bin/../lib/gcc/arm-none-eabi/12.3.1/../../../../arm-none-eabi/lib/thumb/v7e-m+fp/hard/libc_nano.a(libc_a-exit.o)
                              /home/javastral/st/stm32cubeclt_1.17.0/GNU-tools-for-STM32/bin/../lib/gcc/arm-none-eabi/12.3.1/../../../../arm-none-eabi/lib/thumb/v7e-m+fp/hard/crt0.o (exit)
/home/javastral/st/stm32cubeclt_1.17.0/GNU-tools-for-STM32/bin/../lib/gcc/arm-none-eabi/12.3.1/../../../../arm-none-eabi/lib/thumb/v7e-m+fp/hard/libc_nano.a(libc_a-findfp.o)
                              /home/javastral/st/stm32cubeclt_1.17.0/GNU-tools-for-STM32/bin/../lib/gcc/arm-none-eabi/12.3.1/../../../../arm-none-eabi/lib/thumb/v7e-m+fp/hard/libc_nano.a(libc_a-exit.o) (__stdio_exit_handler)
/home/javastral/st/stm32cubeclt_1.17.0/GNU-tools-for-STM32/bin/../lib/gcc/arm-none-eabi/12.3.1/../../../../arm-none-eabi/lib/thumb/v7e-m+fp/hard/libc_nano.a(libc_a-fwalk.o)
                              /home/javastral/st/stm32cubeclt_1.17.0/GNU-tools-for-STM32/bin/../lib/gcc/arm-none-eabi/12.3.1/../../../../arm-none-eabi/lib/thumb/v7e-m+fp/hard/libc_nano.a(libc_a-findfp.o) (_fwalk_sglue)
/home/javastral/st/stm32cubeclt_1.17.0/GNU-tools-for-STM32/bin/../lib/gcc/arm-none-eabi/12.3.1/../../../../arm-none-eabi/lib/thumb/v7e-m+fp/hard/libc_nano.a(libc_a-stdio.o)
                              /home/javastral/st/stm32cubeclt_1.17.0/GNU-tools-for-STM32/bin/../lib/gcc/arm-none-eabi/12.3.1/../../../../arm-none-eabi/lib/thumb/v7e-m+fp/hard/libc_nano.a(libc_a-findfp.o) (__sread)
/home/javastral/st/stm32cubeclt_1.17.0/GNU-tools-for-STM32/bin/../lib/gcc/arm-none-eabi/12.3.1/../../../../arm-none-eabi/lib/thumb/v7e-m+fp/hard/libc_nano.a(libc_a-memset.o)
                              /home/javastral/st/stm32cubeclt_1.17.0/GNU-tools-for-STM32/bin/../lib/gcc/arm-none-eabi/12.3.1/../../../../arm-none-eabi/lib/thumb/v7e-m+fp/hard/crt0.o (memset)
/home/javastral/st/stm32cubeclt_1.17.0/GNU-tools-for-STM32/bin/../lib/gcc/arm-none-eabi/12.3.1/../../../../arm-none-eabi/lib/thumb/v7e-m+fp/hard/libc_nano.a(libc_a-closer.o)
                              /home/javastral/st/stm32cubeclt_1.17.0/GNU-tools-for-STM32/bin/../lib/gcc/arm-none-eabi/12.3.1/../../../../arm-none-eabi/lib/thumb/v7e-m+fp/hard/libc_nano.a(libc_a-stdio.o) (_close_r)
/home/javastral/st/stm32cubeclt_1.17.0/GNU-tools-for-STM32/bin/../lib/gcc/arm-none-eabi/12.3.1/../../../../arm-none-eabi/lib/thumb/v7e-m+fp/hard/libc_nano.a(libc_a-reent.o)
                              /home/javastral/st/stm32cubeclt_1.17.0/GNU-tools-for-STM32/bin/../lib/gcc/arm-none-eabi/12.3.1/../../../../arm-none-eabi/lib/thumb/v7e-m+fp/hard/libc_nano.a(libc_a-closer.o) (errno)
/home/javastral/st/stm32cubeclt_1.17.0/GNU-tools-for-STM32/bin/../lib/gcc/arm-none-eabi/12.3.1/../../../../arm-none-eabi/lib/thumb/v7e-m+fp/hard/libc_nano.a(libc_a-impure.o)
                              /home/javastral/st/stm32cubeclt_1.17.0/GNU-tools-for-STM32/bin/../lib/gcc/arm-none-eabi/12.3.1/../../../../arm-none-eabi/lib/thumb/v7e-m+fp/hard/libc_nano.a(libc_a-reent.o) (_impure_ptr)
/home/javastral/st/stm32cubeclt_1.17.0/GNU-tools-for-STM32/bin/../lib/gcc/arm-none-eabi/12.3.1/../../../../arm-none-eabi/lib/thumb/v7e-m+fp/hard/libc_nano.a(libc_a-lseekr.o)
                              /home/javastral/st/stm32cubeclt_1.17.0/GNU-tools-for-STM32/bin/../lib/gcc/arm-none-eabi/12.3.1/../../../../arm-none-eabi/lib/thumb/v7e-m+fp/hard/libc_nano.a(libc_a-stdio.o) (_lseek_r)
/home/javastral/st/stm32cubeclt_1.17.0/GNU-tools-for-STM32/bin/../lib/gcc/arm-none-eabi/12.3.1/../../../../arm-none-eabi/lib/thumb/v7e-m+fp/hard/libc_nano.a(libc_a-readr.o)
                              /home/javastral/st/stm32cubeclt_1.17.0/GNU-tools-for-STM32/bin/../lib/gcc/arm-none-eabi/12.3.1/../../../../arm-none-eabi/lib/thumb/v7e-m+fp/hard/libc_nano.a(libc_a-stdio.o) (_read_r)
/home/javastral/st/stm32cubeclt_1.17.0/GNU-tools-for-STM32/bin/../lib/gcc/arm-none-eabi/12.3.1/../../../../arm-none-eabi/lib/thumb/v7e-m+fp/hard/libc_nano.a(libc_a-writer.o)
                              /home/javastral/st/stm32cubeclt_1.17.0/GNU-tools-for-STM32/bin/../lib/gcc/arm-none-eabi/12.3.1/../../../../arm-none-eabi/lib/thumb/v7e-m+fp/hard/libc_nano.a(libc_a-stdio.o) (_write_r)
/home/javastral/st/stm32cubeclt_1.17.0/GNU-tools-for-STM32/bin/../lib/gcc/arm-none-eabi/12.3.1/../../../../arm-none-eabi/lib/thumb/v7e-m+fp/hard/libc_nano.a(libc_a-init.o)
                              /home/javastral/st/stm32cubeclt_1.17.0/GNU-tools-for-STM32/bin/../lib/gcc/arm-none-eabi/12.3.1/../../../../arm-none-eabi/lib/thumb/v7e-m+fp/hard/crt0.o (__libc_init_array)
/home/javastral/st/stm32cubeclt_1.17.0/GNU-tools-for-STM32/bin/../lib/gcc/arm-none-eabi/12.3.1/../../../../arm-none-eabi/lib/thumb/v7e-m+fp/hard/libc_nano.a(libc_a-lock.o)
[...]
Memory Configuration

Name             Origin             Length             Attributes
RAM              0x20000000         0x00018000         xrw
RAM2             0x10000000         0x00008000         xrw
FLASH            0x08000000         0x00100000         xr
*default*        0x00000000         0xffffffff

Linker script and memory map

LOAD /home/javastral/st/stm32cubeclt_1.17.0/GNU-tools-for-STM32/bin/../lib/gcc/arm-none-eabi/12.3.1/thumb/v7e-m+fp/hard/crti.o
LOAD /home/javastral/st/stm32cubeclt_1.17.0/GNU-tools-for-STM32/bin/../lib/gcc/arm-none-eabi/12.3.1/thumb/v7e-m+fp/hard/crtbegin.o
LOAD /home/javastral/st/stm32cubeclt_1.17.0/GNU-tools-for-STM32/bin/../lib/gcc/arm-none-eabi/12.3.1/../../../../arm-none-eabi/lib/thumb/v7e-m+fp/hard/crt0.o
START GROUP
LOAD /home/javastral/st/stm32cubeclt_1.17.0/GNU-tools-for-STM32/bin/../lib/gcc/arm-none-eabi/12.3.1/../../../../arm-none-eabi/lib/thumb/v7e-m+fp/hard/libc_nano.a
LOAD /home/javastral/st/stm32cubeclt_1.17.0/GNU-tools-for-STM32/bin/../lib/gcc/arm-none-eabi/12.3.1/../../../../arm-none-eabi/lib/thumb/v7e-m+fp/hard/libm.a
END GROUP
LOAD CMakeFiles/Plantilla-final.dir/Core/Src/ring_buffer.c.obj
LOAD CMakeFiles/Plantilla-final.dir/Drivers/ssd1306/ssd1306.c.obj
LOAD CMakeFiles/Plantilla-final.dir/Drivers/ssd1306/ssd1306_fonts.c.obj
LOAD CMakeFiles/Plantilla-final.dir/Drivers/keypad/keypad.c.obj
LOAD CMakeFiles/Plantilla-final.dir/Core/Src/system.c.obj
LOAD CMakeFiles/Plantilla-final.dir/Core/Src/main.c.obj
LOAD CMakeFiles/Plantilla-final.dir/Core/Src/stm32l4xx_it.c.obj
LOAD CMakeFiles/Plantilla-final.dir/Core/Src/stm32l4xx_hal_msp.c.obj
LOAD CMakeFiles/Plantilla-final.dir/Drivers/STM32L4xx_HAL_Driver/Src/stm32l4xx_hal_i2c.c.obj
LOAD CMakeFiles/Plantilla-final.dir/Drivers/STM32L4xx_HAL_Driver/Src/stm32l4xx_hal_i2c_ex.c.obj
LOAD CMakeFiles/Plantilla-final.dir/Drivers/STM32L4xx_HAL_Driver/Src/stm32l4xx_hal.c.obj
LOAD CMakeFiles/Plantilla-final.dir/Drivers/STM32L4xx_HAL_Driver/Src/stm32l4xx_hal_rcc.c.obj
LOAD CMakeFiles/Plantilla-final.dir/Drivers/STM32L4xx_HAL_Driver/Src/stm32l4xx_hal_rcc_ex.c.obj
LOAD CMakeFiles/Plantilla-final.dir/Drivers/STM32L4xx_HAL_Driver/Src/stm32l4xx_hal_flash.c.obj
LOAD CMakeFiles/Plantilla-final.dir/Drivers/STM32L4xx_HAL_Driver/Src/stm32l4xx_hal_flash_ex.c.obj
LOAD CMakeFiles/Plantilla-final.dir/Drivers/STM32L4xx_HAL_Driver/Src/stm32l4xx_hal_flash_ramfunc.c.obj
LOAD CMakeFiles/Plantilla-final.dir/Drivers/STM32L4xx_HAL_Driver/Src/stm32l4xx_hal_gpio.c.obj
LOAD CMakeFiles/Plantilla-final.dir/Drivers/STM32L4xx_HAL_Driver/Src/stm32l4xx_hal_dma.c.obj
LOAD CMakeFiles/Plantilla-final.dir/Drivers/STM32L4xx_HAL_Driver/Src/stm32l4xx_hal_dma_ex.c.obj
LOAD CMakeFiles/Plantilla-final.dir/Drivers/STM32L4xx_HAL_Driver/Src/stm32l4xx_hal_pwr.c.obj
LOAD CMakeFiles/Plantilla-final.dir/Drivers/STM32L4xx_HAL_Driver/Src/stm32l4xx_hal_pwr_ex.c.obj
LOAD CMakeFiles/Plantilla-final.dir/Drivers/STM32L4xx_HAL_Driver/Src/stm32l4xx_hal_cortex.c.obj
LOAD CMakeFiles/Plantilla-final.dir/Drivers/STM32L4xx_HAL_Driver/Src/stm32l4xx_hal_exti.c.obj
LOAD CMakeFiles/Plantilla-final.dir/Drivers/STM32L4xx_HAL_Driver/Src/stm32l4xx_hal_uart.c.obj
LOAD CMakeFiles/Plantilla-final.dir/Drivers/STM32L4xx_HAL_Driver/Src/stm32l4xx_hal_uart_ex.c.obj
LOAD CMakeFiles/Plantilla-final.dir/Core/Src/system_stm32l4xx.c.obj
LOAD CMakeFiles/Plantilla-final.dir/Core/Src/sysmem.c.obj
LOAD CMakeFiles/Plantilla-final.dir/Core/Src/syscalls.c.obj
LOAD CMakeFiles/Plantilla-final.dir/startup_stm32l476xx.s.obj
START GROUP
LOAD /home/javastral/st/stm32cubeclt_1.17.0/GNU-tools-for-STM32/bin/../lib/gcc/arm-none-eabi/12.3.1/thumb/v7e-m+fp/hard/libgcc.a
LOAD /home/javastral/st/stm32cubeclt_1.17.0/GNU-tools-for-STM32/bin/../lib/gcc/arm-none-eabi/12.3.1/../../../../arm-none-eabi/lib/thumb/v7e-m+fp/hard/libg_nano.a
LOAD /home/javastral/st/stm32cubeclt_1.17.0/GNU-tools-for-STM32/bin/../lib/gcc/arm-none-eabi/12.3.1/../../../../arm-none-eabi/lib/thumb/v7e-m+fp/hard/libc_nano.a
END GROUP
START GROUP
LOAD /home/javastral/st/stm32cubeclt_1.17.0/GNU-tools-for-STM32/bin/../lib/gcc/arm-none-eabi/12.3.1/thumb/v7e-m+fp/hard/libgcc.a
LOAD /home/javastral/st/stm32cubeclt_1.17.0/GNU-tools-for-STM32/bin/../lib/gcc/arm-none-eabi/12.3.1/../../../../arm-none-eabi/lib/thumb/v7e-m+fp/hard/libc_nano.a
END GROUP
LOAD /home/javastral/st/stm32cubeclt_1.17.0/GNU-tools-for-STM32/bin/../lib/gcc/arm-none-eabi/12.3.1/thumb/v7e-m+fp/hard/crtend.o
LOAD /home/javastral/st/stm32cubeclt_1.17.0/GNU-tools-for-STM32/bin/../lib/gcc/arm-none-eabi/12.3.1/thumb/v7e-m+fp/hard/crtn.o
                0x20018000                        _estack = (ORIGIN (RAM) + LENGTH (RAM))
                0x00000200                        _Min_Heap_Size = 0x200
                0x00000400                        _Min_Stack_Size = 0x400

.isr_vector     0x08000000      0x188
                0x08000000                        . = ALIGN (0x8)
 *(.isr_vector)
 .isr_vector    0x08000000      0x188 CMakeFiles/Plantilla-final.dir/startup_stm32l476xx.s.obj
                0x08000000                g_pfnVectors
                0x08000188                        . = ALIGN (0x8)

.text           0x08000190     0x7568
                0x08000190                        . = ALIGN (0x8)
 *(.text)
 .text          0x08000190       0x40 /home/javastral/st/stm32cubeclt_1.17.0/GNU-tools-for-STM32/bin/../lib/gcc/arm-none-eabi/12.3.1/thumb/v7e-m+fp/hard/crtbegin.o
 .text          0x080001d0       0x30 /home/javastral/st/stm32cubeclt_1.17.0/GNU-tools-for-STM32/bin/../lib/gcc/arm-none-eabi/12.3.1/thumb/v7e-m+fp/hard/libgcc.a(_aeabi_uldivmod.o)
                0x080001d0                __aeabi_uldivmod
 .text          0x08000200      0x2bc /home/javastral/st/stm32cubeclt_1.17.0/GNU-tools-for-STM32/bin/../lib/gcc/arm-none-eabi/12.3.1/thumb/v7e-m+fp/hard/libgcc.a(_udivmoddi4.o)
                0x08000200                __udivmoddi4
 .text          0x080004bc        0x4 /home/javastral/st/stm32cubeclt_1.17.0/GNU-tools-for-STM32/bin/../lib/gcc/arm-none-eabi/12.3.1/thumb/v7e-m+fp/hard/libgcc.a(_dvmd_tls.o)
                0x080004bc                __aeabi_ldiv0
                0x080004bc                __aeabi_idiv0
 .text          0x080004c0       0x14 /home/javastral/st/stm32cubeclt_1.17.0/GNU-tools-for-STM32/bin/../lib/gcc/arm-none-eabi/12.3.1/../../../../arm-none-eabi/lib/thumb/v7e-m+fp/hard/libg_nano.a(libc_a-strcmp.o)
                0x080004c0                strcmp
 *fill*         0x080004d4        0xc 
 .text          0x080004e0       0xa0 /home/javastral/st/stm32cubeclt_1.17.0/GNU-tools-for-STM32/bin/../lib/gcc/arm-none-eabi/12.3.1/../../../../arm-none-eabi/lib/thumb/v7e-m+fp/hard/libg_nano.a(libc_a-memchr.o)
                0x080004e0                memchr
 *(.text*)
 .text.std      0x08000580       0x6c /home/javastral/st/stm32cubeclt_1.17.0/GNU-tools-for-STM32/bin/../lib/gcc/arm-none-eabi/12.3.1/../../../../arm-none-eabi/lib/thumb/v7e-m+fp/hard/libc_nano.a(libc_a-findfp.o)
 .text.stdio_exit_handler
                0x080005ec       0x18 /home/javastral/st/stm32cubeclt_1.17.0/GNU-tools-for-STM32/bin/../lib/gcc/arm-none-eabi/12.3.1/../../../../arm-none-eabi/lib/thumb/v7e-m+fp/hard/libc_nano.a(libc_a-findfp.o)
 .text.cleanup_stdio
                0x08000604       0x40 /home/javastral/st/stm32cubeclt_1.17.0/GNU-tools-for-STM32/bin/../lib/gcc/arm-none-eabi/12.3.1/../../../../arm-none-eabi/lib/thumb/v7e-m+fp/hard/libc_nano.a(libc_a-findfp.o)
 .text.global_stdio_init.part.0
                0x08000644       0x3c /home/javastral/st/stm32cubeclt_1.17.0/GNU-tools-for-STM32/bin/../lib/gcc/arm-none-eabi/12.3.1/../../../../arm-none-eabi/lib/thumb/v7e-m+fp/hard/libc_nano.a(libc_a-findfp.o)
 .text.__sfp_lock_acquire
                0x08000680        0xc /home/javastral/st/stm32cubeclt_1.17.0/GNU-tools-for-STM32/bin/../lib/gcc/arm-none-eabi/12.3.1/../../../../arm-none-eabi/lib/thumb/v7e-m+fp/hard/libc_nano.a(libc_a-findfp.o)
                0x08000680                __sfp_lock_acquire
 .text.__sfp_lock_release
                0x0800068c        0xc /home/javastral/st/stm32cubeclt_1.17.0/GNU-tools-for-STM32/bin/../lib/gcc/arm-none-eabi/12.3.1/../../../../arm-none-eabi/lib/thumb/v7e-m+fp/hard/libc_nano.a(libc_a-findfp.o)
                0x0800068c                __sfp_lock_release
 .text.__sinit  0x08000698       0x30 /home/javastral/st/stm32cubeclt_1.17.0/GNU-tools-for-STM32/bin/../lib/gcc/arm-none-eabi/12.3.1/../../../../arm-none-eabi/lib/thumb/v7e-m+fp/hard/libc_nano.a(libc_a-findfp.o)
                0x08000698                __sinit
 .text._fwalk_sglue
                0x080006c8       0x3c /home/javastral/st/stm32cubeclt_1.17.0/GNU-tools-for-STM32/bin/../lib/gcc/arm-none-eabi/12.3.1/../../../../arm-none-eabi/lib/thumb/v7e-m+fp/hard/libc_nano.a(libc_a-fwalk.o)
                0x080006c8                _fwalk_sglue
 .text.__sread  0x08000704       0x22 /home/javastral/st/stm32cubeclt_1.17.0/GNU-tools-for-STM32/bin/../lib/gcc/arm-none-eabi/12.3.1/../../../../arm-none-eabi/lib/thumb/v7e-m+fp/hard/libc_nano.a(libc_a-stdio.o)
                0x08000704                __sread
 .text.__swrite
                0x08000726       0x38 /home/javastral/st/stm32cubeclt_1.17.0/GNU-tools-for-STM32/bin/../lib/gcc/arm-none-eabi/12.3.1/../../../../arm-none-eabi/lib/thumb/v7e-m+fp/hard/libc_nano.a(libc_a-stdio.o)
                0x08000726                __swrite
 .text.__sseek  0x0800075e       0x24 /home/javastral/st/stm32cubeclt_1.17.0/GNU-tools-for-STM32/bin/../lib/gcc/arm-none-eabi/12.3.1/../../../../arm-none-eabi/lib/thumb/v7e-m+fp/hard/libc_nano.a(libc_a-stdio.o)
                0x0800075e                __sseek
 .text.__sclose
                0x08000782        0x8 /home/javastral/st/stm32cubeclt_1.17.0/GNU-tools-for-STM32/bin/../lib/gcc/arm-none-eabi/12.3.1/../../../../arm-none-eabi/lib/thumb/v7e-m+fp/hard/libc_nano.a(libc_a-stdio.o)
                0x08000782                __sclose
 .text.memset   0x0800078a       0x10 /home/javastral/st/stm32cubeclt_1.17.0/GNU-tools-for-STM32/bin/../lib/gcc/arm-none-eabi/12.3.1/../../../../arm-none-eabi/lib/thumb/v7e-m+fp/hard/libc_nano.a(libc_a-memset.o)
                0x0800078a                memset
 *fill*         0x0800079a        0x2 
 .text._close_r
                0x0800079c       0x20 /home/javastral/st/stm32cubeclt_1.17.0/GNU-tools-for-STM32/bin/../lib/gcc/arm-none-eabi/12.3.1/../../../../arm-none-eabi/lib/thumb/v7e-m+fp/hard/libc_nano.a(libc_a-closer.o)
                0x0800079c                _close_r
 .text._lseek_r
                0x080007bc       0x24 /home/javastral/st/stm32cubeclt_1.17.0/GNU-tools-for-STM32/bin/../lib/gcc/arm-none-eabi/12.3.1/../../../../arm-none-eabi/lib/thumb/v7e-m+fp/hard/libc_nano.a(libc_a-lseekr.o)
                0x080007bc                _lseek_r
 .text._read_r  0x080007e0       0x24 /home/javastral/st/stm32cubeclt_1.17.0/GNU-tools-for-STM32/bin/../lib/gcc/arm-none-eabi/12.3.1/../../../../arm-none-eabi/lib/thumb/v7e-m+fp/hard/libc_nano.a(libc_a-readr.o)
                0x080007e0                _read_r
 .text._write_r
                0x08000804       0x24 /home/javastral/st/stm32cubeclt_1.17.0/GNU-tools-for-STM32/bin/../lib/gcc/arm-none-eabi/12.3.1/../../../../arm-none-eabi/lib/thumb/v7e-m+fp/hard/libc_nano.a(libc_a-writer.o)
                0x08000804                _write_r
 .text.__libc_init_array
                0x08000828       0x48 /home/javastral/st/stm32cubeclt_1.17.0/GNU-tools-for-STM32/bin/../lib/gcc/arm-none-eabi/12.3.1/../../../../arm-none-eabi/lib/thumb/v7e-m+fp/hard/libc_nano.a(libc_a-init.o)
                0x08000828                __libc_init_array
 .text.__retarget_lock_init_recursive
                0x08000870        0x2 /home/javastral/st/stm32cubeclt_1.17.0/GNU-tools-for-STM32/bin/../lib/gcc/arm-none-eabi/12.3.1/../../../../arm-none-eabi/lib/thumb/v7e-m+fp/hard/libc_nano.a(libc_a-lock.o)
                0x08000870                __retarget_lock_init_recursive
 .text.__retarget_lock_acquire_recursive
                0x08000872        0x2 /home/javastral/st/stm32cubeclt_1.17.0/GNU-tools-for-STM32/bin/../lib/gcc/arm-none-eabi/12.3.1/../../../../arm-none-eabi/lib/thumb/v7e-m+fp/hard/libc_nano.a(libc_a-lock.o)
                0x08000872                __retarget_lock_acquire_recursive
 .text.__retarget_lock_release_recursive
                0x08000874        0x2 /home/javastral/st/stm32cubeclt_1.17.0/GNU-tools-for-STM32/bin/../lib/gcc/arm-none-eabi/12.3.1/../../../../arm-none-eabi/lib/thumb/v7e-m+fp/hard/libc_nano.a(libc_a-lock.o)
                0x08000874                __retarget_lock_release_recursive
 *fill*         0x08000876        0x2 
 .text._free_r  0x08000878       0x94 /home/javastral/st/stm32cubeclt_1.17.0/GNU-tools-for-STM32/bin/../lib/gcc/arm-none-eabi/12.3.1/../../../../arm-none-eabi/lib/thumb/v7e-m+fp/hard/libc_nano.a(libc_a-freer.o)
                0x08000878                _free_r
 .text.sbrk_aligned
                0x0800090c       0x44 /home/javastral/st/stm32cubeclt_1.17.0/GNU-tools-for-STM32/bin/../lib/gcc/arm-none-eabi/12.3.1/../../../../arm-none-eabi/lib/thumb/v7e-m+fp/hard/libc_nano.a(libc_a-mallocr.o)
 .text._malloc_r
                0x08000950      0x100 /home/javastral/st/stm32cubeclt_1.17.0/GNU-tools-for-STM32/bin/../lib/gcc/arm-none-eabi/12.3.1/../../../../arm-none-eabi/lib/thumb/v7e-m+fp/hard/libc_nano.a(libc_a-mallocr.o)
                0x08000950                _malloc_r
 .text.__malloc_lock
                0x08000a50        0xc /home/javastral/st/stm32cubeclt_1.17.0/GNU-tools-for-STM32/bin/../lib/gcc/arm-none-eabi/12.3.1/../../../../arm-none-eabi/lib/thumb/v7e-m+fp/hard/libc_nano.a(libc_a-mlock.o)
                0x08000a50                __malloc_lock
 .text.__malloc_unlock
                0x08000a5c        0xc /home/javastral/st/stm32cubeclt_1.17.0/GNU-tools-for-STM32/bin/../lib/gcc/arm-none-eabi/12.3.1/../../../../arm-none-eabi/lib/thumb/v7e-m+fp/hard/libc_nano.a(libc_a-mlock.o)
                0x08000a5c                __malloc_unlock
 .text.__sflush_r
                0x08000a68      0x108 /home/javastral/st/stm32cubeclt_1.17.0/GNU-tools-for-STM32/bin/../lib/gcc/arm-none-eabi/12.3.1/../../../../arm-none-eabi/lib/thumb/v7e-m+fp/hard/libc_nano.a(libc_a-fflush.o)
                0x08000a68                __sflush_r
 .text._fflush_r
                0x08000b70       0x50 /home/javastral/st/stm32cubeclt_1.17.0/GNU-tools-for-STM32/bin/../lib/gcc/arm-none-eabi/12.3.1/../../../../arm-none-eabi/lib/thumb/v7e-m+fp/hard/libc_nano.a(libc_a-fflush.o)
                0x08000b70                _fflush_r
 .text._sbrk_r  0x08000bc0       0x20 /home/javastral/st/stm32cubeclt_1.17.0/GNU-tools-for-STM32/bin/../lib/gcc/arm-none-eabi/12.3.1/../../../../arm-none-eabi/lib/thumb/v7e-m+fp/hard/libc_nano.a(libc_a-sbrkr.o)
                0x08000bc0                _sbrk_r
 .text.ring_buffer_init
                0x08000be0       0x28 CMakeFiles/Plantilla-final.dir/Core/Src/ring_buffer.c.obj
                0x08000be0                ring_buffer_init
 .text.ring_buffer_reset
                0x08000c08       0x26 CMakeFiles/Plantilla-final.dir/Core/Src/ring_buffer.c.obj
                0x08000c08                ring_buffer_reset
 .text.ring_buffer_size
                0x08000c2e       0x50 CMakeFiles/Plantilla-final.dir/Core/Src/ring_buffer.c.obj
                0x08000c2e                ring_buffer_size
 .text.ring_buffer_write
                0x08000c7e       0x7c CMakeFiles/Plantilla-final.dir/Core/Src/ring_buffer.c.obj
                0x08000c7e                ring_buffer_write
 .text.ring_buffer_read
                0x08000cfa       0x64 CMakeFiles/Plantilla-final.dir/Core/Src/ring_buffer.c.obj
                0x08000cfa                ring_buffer_read
 .text.ssd1306_Reset
                0x08000d5e        0xe CMakeFiles/Plantilla-final.dir/Drivers/ssd1306/ssd1306.c.obj
                0x08000d5e                ssd1306_Reset
 .text.ssd1306_WriteCommand
                0x08000d6c       0x30 CMakeFiles/Plantilla-final.dir/Drivers/ssd1306/ssd1306.c.obj
                0x08000d6c                ssd1306_WriteCommand
 .text.ssd1306_WriteData
                0x08000d9c       0x34 CMakeFiles/Plantilla-final.dir/Drivers/ssd1306/ssd1306.c.obj
                0x08000d9c                ssd1306_WriteData
 .text.ssd1306_Init
                0x08000dd0       0xd4 CMakeFiles/Plantilla-final.dir/Drivers/ssd1306/ssd1306.c.obj
                0x08000dd0                ssd1306_Init
 .text.ssd1306_Fill
                0x08000ea4       0x30 CMakeFiles/Plantilla-final.dir/Drivers/ssd1306/ssd1306.c.obj
                0x08000ea4                ssd1306_Fill
 .text.ssd1306_UpdateScreen
                0x08000ed4       0x50 CMakeFiles/Plantilla-final.dir/Drivers/ssd1306/ssd1306.c.obj
                0x08000ed4                ssd1306_UpdateScreen
 .text.ssd1306_DrawPixel
                0x08000f24       0xa8 CMakeFiles/Plantilla-final.dir/Drivers/ssd1306/ssd1306.c.obj
                0x08000f24                ssd1306_DrawPixel
 .text.ssd1306_WriteChar
                0x08000fcc      0x124 CMakeFiles/Plantilla-final.dir/Drivers/ssd1306/ssd1306.c.obj
                0x08000fcc                ssd1306_WriteChar
 .text.ssd1306_WriteString
                0x080010f0       0x4c CMakeFiles/Plantilla-final.dir/Drivers/ssd1306/ssd1306.c.obj
                0x080010f0                ssd1306_WriteString
 .text.ssd1306_SetCursor
                0x0800113c       0x30 CMakeFiles/Plantilla-final.dir/Drivers/ssd1306/ssd1306.c.obj
                0x0800113c                ssd1306_SetCursor
 .text.ssd1306_SetContrast
                0x0800116c       0x26 CMakeFiles/Plantilla-final.dir/Drivers/ssd1306/ssd1306.c.obj
                0x0800116c                ssd1306_SetContrast
 *fill*         0x08001192        0x2 
 .text.ssd1306_SetDisplayOn
                0x08001194       0x3c CMakeFiles/Plantilla-final.dir/Drivers/ssd1306/ssd1306.c.obj
                0x08001194                ssd1306_SetDisplayOn
 .text.keypad_init
                0x080011d0       0x38 CMakeFiles/Plantilla-final.dir/Drivers/keypad/keypad.c.obj
                0x080011d0                keypad_init
 .text.keypad_debounce
                0x08001208       0x4c CMakeFiles/Plantilla-final.dir/Drivers/keypad/keypad.c.obj
 .text.keypad_scan_row
                0x08001254      0x100 CMakeFiles/Plantilla-final.dir/Drivers/keypad/keypad.c.obj
                0x08001254                keypad_scan_row
 .text.keypad_scan
                0x08001354       0xd8 CMakeFiles/Plantilla-final.dir/Drivers/keypad/keypad.c.obj
                0x08001354                keypad_scan
 .text.system_state_machine
                0x0800142c       0x7c CMakeFiles/Plantilla-final.dir/Core/Src/system.c.obj
                0x0800142c                system_state_machine
 .text.system_events_handler_button
                0x080014a8       0x74 CMakeFiles/Plantilla-final.dir/Core/Src/system.c.obj
                0x080014a8                system_events_handler_button
 .text.system_events_handler_key
                0x0800151c       0xe8 CMakeFiles/Plantilla-final.dir/Core/Src/system.c.obj
                0x0800151c                system_events_handler_key
 .text.system_events_handler_cmd
                0x08001604       0x98 CMakeFiles/Plantilla-final.dir/Core/Src/system.c.obj
                0x08001604                system_events_handler_cmd
 .text.process_uart_commands
                0x0800169c       0x82 CMakeFiles/Plantilla-final.dir/Core/Src/system.c.obj
                0x0800169c                process_uart_commands
 *fill*         0x0800171e        0x2 
 .text.heartbeat
                0x08001720       0x34 CMakeFiles/Plantilla-final.dir/Core/Src/system.c.obj
                0x08001720                heartbeat
 .text.HAL_GPIO_EXTI_Callback
                0x08001754       0x58 CMakeFiles/Plantilla-final.dir/Core/Src/main.c.obj
                0x08001754                HAL_GPIO_EXTI_Callback
 .text.HAL_UART_RxCpltCallback
                0x080017ac       0x8c CMakeFiles/Plantilla-final.dir/Core/Src/main.c.obj
                0x080017ac                HAL_UART_RxCpltCallback
 .text._write   0x08001838       0x28 CMakeFiles/Plantilla-final.dir/Core/Src/main.c.obj
                0x08001838                _write
 .text.main     0x08001860      0x170 CMakeFiles/Plantilla-final.dir/Core/Src/main.c.obj
                0x08001860                main
 .text.SystemClock_Config
                0x080019d0       0xa2 CMakeFiles/Plantilla-final.dir/Core/Src/main.c.obj
                0x080019d0                SystemClock_Config
 *fill*         0x08001a72        0x2 
 .text.MX_I2C1_Init
                0x08001a74       0x80 CMakeFiles/Plantilla-final.dir/Core/Src/main.c.obj
 .text.MX_USART2_UART_Init
                0x08001af4       0x60 CMakeFiles/Plantilla-final.dir/Core/Src/main.c.obj
 .text.MX_USART3_UART_Init
                0x08001b54       0x60 CMakeFiles/Plantilla-final.dir/Core/Src/main.c.obj
 .text.MX_GPIO_Init
                0x08001bb4      0x18c CMakeFiles/Plantilla-final.dir/Core/Src/main.c.obj
 .text.Error_Handler
                0x08001d40        0xc CMakeFiles/Plantilla-final.dir/Core/Src/main.c.obj
                0x08001d40                Error_Handler
 .text.NMI_Handler
                0x08001d4c        0x8 CMakeFiles/Plantilla-final.dir/Core/Src/stm32l4xx_it.c.obj
                0x08001d4c                NMI_Handler
 .text.HardFault_Handler
                0x08001d54        0x8 CMakeFiles/Plantilla-final.dir/Core/Src/stm32l4xx_it.c.obj
                0x08001d54                HardFault_Handler
 .text.MemManage_Handler
                0x08001d5c        0x8 CMakeFiles/Plantilla-final.dir/Core/Src/stm32l4xx_it.c.obj
                0x08001d5c                MemManage_Handler
 .text.BusFault_Handler
                0x08001d64        0x8 CMakeFiles/Plantilla-final.dir/Core/Src/stm32l4xx_it.c.obj
                0x08001d64                BusFault_Handler
 .text.UsageFault_Handler
                0x08001d6c        0x8 CMakeFiles/Plantilla-final.dir/Core/Src/stm32l4xx_it.c.obj
                0x08001d6c                UsageFault_Handler
 .text.SVC_Handler
                0x08001d74        0xe CMakeFiles/Plantilla-final.dir/Core/Src/stm32l4xx_it.c.obj
                0x08001d74                SVC_Handler
 .text.DebugMon_Handler
                0x08001d82        0xe CMakeFiles/Plantilla-final.dir/Core/Src/stm32l4xx_it.c.obj
                0x08001d82                DebugMon_Handler
 .text.PendSV_Handler
                0x08001d90        0xe CMakeFiles/Plantilla-final.dir/Core/Src/stm32l4xx_it.c.obj
                0x08001d90                PendSV_Handler
 .text.SysTick_Handler
                0x08001d9e        0xc CMakeFiles/Plantilla-final.dir/Core/Src/stm32l4xx_it.c.obj
                0x08001d9e                SysTick_Handler
 .text.RCC_IRQHandler
                0x08001daa        0xe CMakeFiles/Plantilla-final.dir/Core/Src/stm32l4xx_it.c.obj
                0x08001daa                RCC_IRQHandler
 .text.EXTI9_5_IRQHandler
                0x08001db8       0x1e CMakeFiles/Plantilla-final.dir/Core/Src/stm32l4xx_it.c.obj
                0x08001db8                EXTI9_5_IRQHandler
 *fill*         0x08001dd6        0x2 
 .text.I2C1_EV_IRQHandler
                0x08001dd8       0x14 CMakeFiles/Plantilla-final.dir/Core/Src/stm32l4xx_it.c.obj
                0x08001dd8                I2C1_EV_IRQHandler
 .text.I2C1_ER_IRQHandler
                0x08001dec       0x14 CMakeFiles/Plantilla-final.dir/Core/Src/stm32l4xx_it.c.obj
                0x08001dec                I2C1_ER_IRQHandler
 .text.USART2_IRQHandler
                0x08001e00       0x14 CMakeFiles/Plantilla-final.dir/Core/Src/stm32l4xx_it.c.obj
                0x08001e00                USART2_IRQHandler
 .text.USART3_IRQHandler
                0x08001e14       0x14 CMakeFiles/Plantilla-final.dir/Core/Src/stm32l4xx_it.c.obj
                0x08001e14                USART3_IRQHandler
 .text.EXTI15_10_IRQHandler
                0x08001e28       0x18 CMakeFiles/Plantilla-final.dir/Core/Src/stm32l4xx_it.c.obj
                0x08001e28                EXTI15_10_IRQHandler
 .text.HAL_MspInit
                0x08001e40       0x54 CMakeFiles/Plantilla-final.dir/Core/Src/stm32l4xx_hal_msp.c.obj
                0x08001e40                HAL_MspInit
 .text.HAL_I2C_MspInit
                0x08001e94       0xdc CMakeFiles/Plantilla-final.dir/Core/Src/stm32l4xx_hal_msp.c.obj
                0x08001e94                HAL_I2C_MspInit
 .text.HAL_UART_MspInit
                0x08001f70      0x164 CMakeFiles/Plantilla-final.dir/Core/Src/stm32l4xx_hal_msp.c.obj
                0x08001f70                HAL_UART_MspInit
 .text.HAL_I2C_Init
                0x080020d4      0x136 CMakeFiles/Plantilla-final.dir/Drivers/STM32L4xx_HAL_Driver/Src/stm32l4xx_hal_i2c.c.obj
                0x080020d4                HAL_I2C_Init
 *fill*         0x0800220a        0x2 
 .text.HAL_I2C_Mem_Write
                0x0800220c      0x228 CMakeFiles/Plantilla-final.dir/Drivers/STM32L4xx_HAL_Driver/Src/stm32l4xx_hal_i2c.c.obj
                0x0800220c                HAL_I2C_Mem_Write
 .text.HAL_I2C_EV_IRQHandler
                0x08002434       0x34 CMakeFiles/Plantilla-final.dir/Drivers/STM32L4xx_HAL_Driver/Src/stm32l4xx_hal_i2c.c.obj
                0x08002434                HAL_I2C_EV_IRQHandler
 .text.HAL_I2C_ER_IRQHandler
                0x08002468       0xb6 CMakeFiles/Plantilla-final.dir/Drivers/STM32L4xx_HAL_Driver/Src/stm32l4xx_hal_i2c.c.obj
                0x08002468                HAL_I2C_ER_IRQHandler
 .text.HAL_I2C_SlaveTxCpltCallback
                0x0800251e       0x14 CMakeFiles/Plantilla-final.dir/Drivers/STM32L4xx_HAL_Driver/Src/stm32l4xx_hal_i2c.c.obj
                0x0800251e                HAL_I2C_SlaveTxCpltCallback
 .text.HAL_I2C_SlaveRxCpltCallback
                0x08002532       0x14 CMakeFiles/Plantilla-final.dir/Drivers/STM32L4xx_HAL_Driver/Src/stm32l4xx_hal_i2c.c.obj
                0x08002532                HAL_I2C_SlaveRxCpltCallback
 .text.HAL_I2C_AddrCallback
                0x08002546       0x1c CMakeFiles/Plantilla-final.dir/Drivers/STM32L4xx_HAL_Driver/Src/stm32l4xx_hal_i2c.c.obj
                0x08002546                HAL_I2C_AddrCallback
 .text.HAL_I2C_ListenCpltCallback
                0x08002562       0x14 CMakeFiles/Plantilla-final.dir/Drivers/STM32L4xx_HAL_Driver/Src/stm32l4xx_hal_i2c.c.obj
                0x08002562                HAL_I2C_ListenCpltCallback
 .text.HAL_I2C_ErrorCallback
                0x08002576       0x14 CMakeFiles/Plantilla-final.dir/Drivers/STM32L4xx_HAL_Driver/Src/stm32l4xx_hal_i2c.c.obj
                0x08002576                HAL_I2C_ErrorCallback
 .text.HAL_I2C_AbortCpltCallback
                0x0800258a       0x14 CMakeFiles/Plantilla-final.dir/Drivers/STM32L4xx_HAL_Driver/Src/stm32l4xx_hal_i2c.c.obj
                0x0800258a                HAL_I2C_AbortCpltCallback
 .text.I2C_Slave_ISR_IT
                0x0800259e      0x1f2 CMakeFiles/Plantilla-final.dir/Drivers/STM32L4xx_HAL_Driver/Src/stm32l4xx_hal_i2c.c.obj
 .text.I2C_RequestMemoryWrite
                0x08002790       0xa8 CMakeFiles/Plantilla-final.dir/Drivers/STM32L4xx_HAL_Driver/Src/stm32l4xx_hal_i2c.c.obj
 .text.I2C_ITAddrCplt
                0x08002838      0x108 CMakeFiles/Plantilla-final.dir/Drivers/STM32L4xx_HAL_Driver/Src/stm32l4xx_hal_i2c.c.obj
 .text.I2C_ITSlaveSeqCplt
                0x08002940       0xb8 CMakeFiles/Plantilla-final.dir/Drivers/STM32L4xx_HAL_Driver/Src/stm32l4xx_hal_i2c.c.obj
 .text.I2C_ITSlaveCplt
                0x080029f8      0x2c8 CMakeFiles/Plantilla-final.dir/Drivers/STM32L4xx_HAL_Driver/Src/stm32l4xx_hal_i2c.c.obj
 .text.I2C_ITListenCplt
                0x08002cc0       0xa8 CMakeFiles/Plantilla-final.dir/Drivers/STM32L4xx_HAL_Driver/Src/stm32l4xx_hal_i2c.c.obj
 .text.I2C_ITError
                0x08002d68      0x1e0 CMakeFiles/Plantilla-final.dir/Drivers/STM32L4xx_HAL_Driver/Src/stm32l4xx_hal_i2c.c.obj
 .text.I2C_TreatErrorCallback
                0x08002f48       0x4e CMakeFiles/Plantilla-final.dir/Drivers/STM32L4xx_HAL_Driver/Src/stm32l4xx_hal_i2c.c.obj
 .text.I2C_Flush_TXDR
                0x08002f96       0x48 CMakeFiles/Plantilla-final.dir/Drivers/STM32L4xx_HAL_Driver/Src/stm32l4xx_hal_i2c.c.obj
 .text.I2C_DMAAbort
                0x08002fde       0x3c CMakeFiles/Plantilla-final.dir/Drivers/STM32L4xx_HAL_Driver/Src/stm32l4xx_hal_i2c.c.obj
 .text.I2C_WaitOnFlagUntilTimeout
                0x0800301a       0xb2 CMakeFiles/Plantilla-final.dir/Drivers/STM32L4xx_HAL_Driver/Src/stm32l4xx_hal_i2c.c.obj
 .text.I2C_WaitOnTXISFlagUntilTimeout
                0x080030cc       0x8e CMakeFiles/Plantilla-final.dir/Drivers/STM32L4xx_HAL_Driver/Src/stm32l4xx_hal_i2c.c.obj
 .text.I2C_WaitOnSTOPFlagUntilTimeout
                0x0800315a       0x86 CMakeFiles/Plantilla-final.dir/Drivers/STM32L4xx_HAL_Driver/Src/stm32l4xx_hal_i2c.c.obj
 .text.I2C_IsErrorOccurred
                0x080031e0      0x1c0 CMakeFiles/Plantilla-final.dir/Drivers/STM32L4xx_HAL_Driver/Src/stm32l4xx_hal_i2c.c.obj
 .text.I2C_TransferConfig
                0x080033a0       0x64 CMakeFiles/Plantilla-final.dir/Drivers/STM32L4xx_HAL_Driver/Src/stm32l4xx_hal_i2c.c.obj
 .text.I2C_Disable_IRQ
                0x08003404       0xbc CMakeFiles/Plantilla-final.dir/Drivers/STM32L4xx_HAL_Driver/Src/stm32l4xx_hal_i2c.c.obj
 .text.HAL_I2CEx_ConfigAnalogFilter
                0x080034c0       0x96 CMakeFiles/Plantilla-final.dir/Drivers/STM32L4xx_HAL_Driver/Src/stm32l4xx_hal_i2c_ex.c.obj
                0x080034c0                HAL_I2CEx_ConfigAnalogFilter
 .text.HAL_I2CEx_ConfigDigitalFilter
                0x08003556       0x98 CMakeFiles/Plantilla-final.dir/Drivers/STM32L4xx_HAL_Driver/Src/stm32l4xx_hal_i2c_ex.c.obj
                0x08003556                HAL_I2CEx_ConfigDigitalFilter
 *fill*         0x080035ee        0x2 
 .text.HAL_Init
                0x080035f0       0x40 CMakeFiles/Plantilla-final.dir/Drivers/STM32L4xx_HAL_Driver/Src/stm32l4xx_hal.c.obj
                0x080035f0                HAL_Init
 .text.HAL_InitTick
                0x08003630       0x78 CMakeFiles/Plantilla-final.dir/Drivers/STM32L4xx_HAL_Driver/Src/stm32l4xx_hal.c.obj
                0x08003630                HAL_InitTick
 .text.HAL_IncTick
                0x080036a8       0x28 CMakeFiles/Plantilla-final.dir/Drivers/STM32L4xx_HAL_Driver/Src/stm32l4xx_hal.c.obj
                0x080036a8                HAL_IncTick
 .text.HAL_GetTick
                0x080036d0       0x18 CMakeFiles/Plantilla-final.dir/Drivers/STM32L4xx_HAL_Driver/Src/stm32l4xx_hal.c.obj
                0x080036d0                HAL_GetTick
 .text.HAL_Delay
                0x080036e8       0x48 CMakeFiles/Plantilla-final.dir/Drivers/STM32L4xx_HAL_Driver/Src/stm32l4xx_hal.c.obj
                0x080036e8                HAL_Delay
 .text.HAL_RCC_OscConfig
                0x08003730      0x7b8 CMakeFiles/Plantilla-final.dir/Drivers/STM32L4xx_HAL_Driver/Src/stm32l4xx_hal_rcc.c.obj
                0x08003730                HAL_RCC_OscConfig
 .text.HAL_RCC_ClockConfig
                0x08003ee8      0x200 CMakeFiles/Plantilla-final.dir/Drivers/STM32L4xx_HAL_Driver/Src/stm32l4xx_hal_rcc.c.obj
                0x08003ee8                HAL_RCC_ClockConfig
 .text.HAL_RCC_GetSysClockFreq
                0x080040e8      0x118 CMakeFiles/Plantilla-final.dir/Drivers/STM32L4xx_HAL_Driver/Src/stm32l4xx_hal_rcc.c.obj
                0x080040e8                HAL_RCC_GetSysClockFreq
 .text.HAL_RCC_GetHCLKFreq
                0x08004200       0x18 CMakeFiles/Plantilla-final.dir/Drivers/STM32L4xx_HAL_Driver/Src/stm32l4xx_hal_rcc.c.obj
                0x08004200                HAL_RCC_GetHCLKFreq
 .text.HAL_RCC_GetPCLK1Freq
                0x08004218       0x2c CMakeFiles/Plantilla-final.dir/Drivers/STM32L4xx_HAL_Driver/Src/stm32l4xx_hal_rcc.c.obj
                0x08004218                HAL_RCC_GetPCLK1Freq
 .text.HAL_RCC_GetPCLK2Freq
                0x08004244       0x2c CMakeFiles/Plantilla-final.dir/Drivers/STM32L4xx_HAL_Driver/Src/stm32l4xx_hal_rcc.c.obj
                0x08004244                HAL_RCC_GetPCLK2Freq
 .text.RCC_SetFlashLatencyFromMSIRange
                0x08004270       0xc0 CMakeFiles/Plantilla-final.dir/Drivers/STM32L4xx_HAL_Driver/Src/stm32l4xx_hal_rcc.c.obj
 .text.HAL_RCCEx_PeriphCLKConfig
                0x08004330      0x5d4 CMakeFiles/Plantilla-final.dir/Drivers/STM32L4xx_HAL_Driver/Src/stm32l4xx_hal_rcc_ex.c.obj
                0x08004330                HAL_RCCEx_PeriphCLKConfig
 .text.RCCEx_PLLSAI1_Config
                0x08004904      0x1e8 CMakeFiles/Plantilla-final.dir/Drivers/STM32L4xx_HAL_Driver/Src/stm32l4xx_hal_rcc_ex.c.obj
 .text.RCCEx_PLLSAI2_Config
                0x08004aec      0x1bc CMakeFiles/Plantilla-final.dir/Drivers/STM32L4xx_HAL_Driver/Src/stm32l4xx_hal_rcc_ex.c.obj
 .text.HAL_GPIO_Init
                0x08004ca8      0x354 CMakeFiles/Plantilla-final.dir/Drivers/STM32L4xx_HAL_Driver/Src/stm32l4xx_hal_gpio.c.obj
                0x08004ca8                HAL_GPIO_Init
 .text.HAL_GPIO_ReadPin
                0x08004ffc       0x30 CMakeFiles/Plantilla-final.dir/Drivers/STM32L4xx_HAL_Driver/Src/stm32l4xx_hal_gpio.c.obj
                0x08004ffc                HAL_GPIO_ReadPin
 .text.HAL_GPIO_WritePin
                0x0800502c       0x30 CMakeFiles/Plantilla-final.dir/Drivers/STM32L4xx_HAL_Driver/Src/stm32l4xx_hal_gpio.c.obj
                0x0800502c                HAL_GPIO_WritePin
 .text.HAL_GPIO_TogglePin
                0x0800505c       0x34 CMakeFiles/Plantilla-final.dir/Drivers/STM32L4xx_HAL_Driver/Src/stm32l4xx_hal_gpio.c.obj
                0x0800505c                HAL_GPIO_TogglePin
 .text.HAL_GPIO_EXTI_IRQHandler
                0x08005090       0x30 CMakeFiles/Plantilla-final.dir/Drivers/STM32L4xx_HAL_Driver/Src/stm32l4xx_hal_gpio.c.obj
                0x08005090                HAL_GPIO_EXTI_IRQHandler
 .text.HAL_DMA_Abort
                0x080050c0       0x7c CMakeFiles/Plantilla-final.dir/Drivers/STM32L4xx_HAL_Driver/Src/stm32l4xx_hal_dma.c.obj
                0x080050c0                HAL_DMA_Abort
 .text.HAL_DMA_Abort_IT
                0x0800513c       0x82 CMakeFiles/Plantilla-final.dir/Drivers/STM32L4xx_HAL_Driver/Src/stm32l4xx_hal_dma.c.obj
                0x0800513c                HAL_DMA_Abort_IT
 .text.HAL_DMA_GetState
                0x080051be       0x1c CMakeFiles/Plantilla-final.dir/Drivers/STM32L4xx_HAL_Driver/Src/stm32l4xx_hal_dma.c.obj
                0x080051be                HAL_DMA_GetState
 *fill*         0x080051da        0x2 
 .text.HAL_PWREx_GetVoltageRange
                0x080051dc       0x1c CMakeFiles/Plantilla-final.dir/Drivers/STM32L4xx_HAL_Driver/Src/stm32l4xx_hal_pwr_ex.c.obj
                0x080051dc                HAL_PWREx_GetVoltageRange
 .text.HAL_PWREx_ControlVoltageScaling
                0x080051f8       0xac CMakeFiles/Plantilla-final.dir/Drivers/STM32L4xx_HAL_Driver/Src/stm32l4xx_hal_pwr_ex.c.obj
                0x080051f8                HAL_PWREx_ControlVoltageScaling
 .text.__NVIC_SetPriorityGrouping
                0x080052a4       0x48 CMakeFiles/Plantilla-final.dir/Drivers/STM32L4xx_HAL_Driver/Src/stm32l4xx_hal_cortex.c.obj
 .text.__NVIC_GetPriorityGrouping
                0x080052ec       0x1c CMakeFiles/Plantilla-final.dir/Drivers/STM32L4xx_HAL_Driver/Src/stm32l4xx_hal_cortex.c.obj
 .text.__NVIC_EnableIRQ
                0x08005308       0x3c CMakeFiles/Plantilla-final.dir/Drivers/STM32L4xx_HAL_Driver/Src/stm32l4xx_hal_cortex.c.obj
 .text.__NVIC_SetPriority
                0x08005344       0x54 CMakeFiles/Plantilla-final.dir/Drivers/STM32L4xx_HAL_Driver/Src/stm32l4xx_hal_cortex.c.obj
 .text.NVIC_EncodePriority
                0x08005398       0x66 CMakeFiles/Plantilla-final.dir/Drivers/STM32L4xx_HAL_Driver/Src/stm32l4xx_hal_cortex.c.obj
 *fill*         0x080053fe        0x2 
 .text.SysTick_Config
                0x08005400       0x44 CMakeFiles/Plantilla-final.dir/Drivers/STM32L4xx_HAL_Driver/Src/stm32l4xx_hal_cortex.c.obj
 .text.HAL_NVIC_SetPriorityGrouping
                0x08005444       0x16 CMakeFiles/Plantilla-final.dir/Drivers/STM32L4xx_HAL_Driver/Src/stm32l4xx_hal_cortex.c.obj
                0x08005444                HAL_NVIC_SetPriorityGrouping
 .text.HAL_NVIC_SetPriority
                0x0800545a       0x38 CMakeFiles/Plantilla-final.dir/Drivers/STM32L4xx_HAL_Driver/Src/stm32l4xx_hal_cortex.c.obj
                0x0800545a                HAL_NVIC_SetPriority
 .text.HAL_NVIC_EnableIRQ
                0x08005492       0x1c CMakeFiles/Plantilla-final.dir/Drivers/STM32L4xx_HAL_Driver/Src/stm32l4xx_hal_cortex.c.obj
                0x08005492                HAL_NVIC_EnableIRQ
 .text.HAL_SYSTICK_Config
                0x080054ae       0x18 CMakeFiles/Plantilla-final.dir/Drivers/STM32L4xx_HAL_Driver/Src/stm32l4xx_hal_cortex.c.obj
                0x080054ae                HAL_SYSTICK_Config
 .text.HAL_UART_Init
                0x080054c6       0x9c CMakeFiles/Plantilla-final.dir/Drivers/STM32L4xx_HAL_Driver/Src/stm32l4xx_hal_uart.c.obj
                0x080054c6                HAL_UART_Init
 .text.HAL_UART_Transmit
                0x08005562      0x112 CMakeFiles/Plantilla-final.dir/Drivers/STM32L4xx_HAL_Driver/Src/stm32l4xx_hal_uart.c.obj
                0x08005562                HAL_UART_Transmit
 .text.HAL_UART_Receive_IT
                0x08005674       0x98 CMakeFiles/Plantilla-final.dir/Drivers/STM32L4xx_HAL_Driver/Src/stm32l4xx_hal_uart.c.obj
                0x08005674                HAL_UART_Receive_IT
 .text.HAL_UART_IRQHandler
                0x0800570c      0x60c CMakeFiles/Plantilla-final.dir/Drivers/STM32L4xx_HAL_Driver/Src/stm32l4xx_hal_uart.c.obj
                0x0800570c                HAL_UART_IRQHandler
 .text.HAL_UART_TxCpltCallback
                0x08005d18       0x14 CMakeFiles/Plantilla-final.dir/Drivers/STM32L4xx_HAL_Driver/Src/stm32l4xx_hal_uart.c.obj
                0x08005d18                HAL_UART_TxCpltCallback
 .text.HAL_UART_ErrorCallback
                0x08005d2c       0x14 CMakeFiles/Plantilla-final.dir/Drivers/STM32L4xx_HAL_Driver/Src/stm32l4xx_hal_uart.c.obj
                0x08005d2c                HAL_UART_ErrorCallback
 .text.HAL_UARTEx_RxEventCallback
                0x08005d40       0x18 CMakeFiles/Plantilla-final.dir/Drivers/STM32L4xx_HAL_Driver/Src/stm32l4xx_hal_uart.c.obj
                0x08005d40                HAL_UARTEx_RxEventCallback
 .text.UART_SetConfig
                0x08005d58      0x570 CMakeFiles/Plantilla-final.dir/Drivers/STM32L4xx_HAL_Driver/Src/stm32l4xx_hal_uart.c.obj
                0x08005d58                UART_SetConfig
 .text.UART_AdvFeatureConfig
                0x080062c8      0x144 CMakeFiles/Plantilla-final.dir/Drivers/STM32L4xx_HAL_Driver/Src/stm32l4xx_hal_uart.c.obj
                0x080062c8                UART_AdvFeatureConfig
 .text.UART_CheckIdleState
                0x0800640c      0x150 CMakeFiles/Plantilla-final.dir/Drivers/STM32L4xx_HAL_Driver/Src/stm32l4xx_hal_uart.c.obj
                0x0800640c                UART_CheckIdleState
 .text.UART_WaitOnFlagUntilTimeout
                0x0800655c       0xda CMakeFiles/Plantilla-final.dir/Drivers/STM32L4xx_HAL_Driver/Src/stm32l4xx_hal_uart.c.obj
                0x0800655c                UART_WaitOnFlagUntilTimeout
 *fill*         0x08006636        0x2 
 .text.UART_Start_Receive_IT
                0x08006638      0x18c CMakeFiles/Plantilla-final.dir/Drivers/STM32L4xx_HAL_Driver/Src/stm32l4xx_hal_uart.c.obj
                0x08006638                UART_Start_Receive_IT
 .text.UART_EndRxTransfer
                0x080067c4       0xc8 CMakeFiles/Plantilla-final.dir/Drivers/STM32L4xx_HAL_Driver/Src/stm32l4xx_hal_uart.c.obj
 .text.UART_DMAAbortOnError
                0x0800688c       0x2c CMakeFiles/Plantilla-final.dir/Drivers/STM32L4xx_HAL_Driver/Src/stm32l4xx_hal_uart.c.obj
 .text.UART_EndTransmit_IT
                0x080068b8       0x54 CMakeFiles/Plantilla-final.dir/Drivers/STM32L4xx_HAL_Driver/Src/stm32l4xx_hal_uart.c.obj
 .text.UART_RxISR_8BIT
                0x0800690c      0x1bc CMakeFiles/Plantilla-final.dir/Drivers/STM32L4xx_HAL_Driver/Src/stm32l4xx_hal_uart.c.obj
 .text.UART_RxISR_16BIT
                0x08006ac8      0x1bc CMakeFiles/Plantilla-final.dir/Drivers/STM32L4xx_HAL_Driver/Src/stm32l4xx_hal_uart.c.obj
 .text.HAL_UARTEx_WakeupCallback
                0x08006c84       0x14 CMakeFiles/Plantilla-final.dir/Drivers/STM32L4xx_HAL_Driver/Src/stm32l4xx_hal_uart_ex.c.obj
                0x08006c84                HAL_UARTEx_WakeupCallback
 .text.SystemInit
                0x08006c98       0x24 CMakeFiles/Plantilla-final.dir/Core/Src/system_stm32l4xx.c.obj
                0x08006c98                SystemInit
 .text._sbrk    0x08006cbc       0x6c CMakeFiles/Plantilla-final.dir/Core/Src/sysmem.c.obj
                0x08006cbc                _sbrk
 .text._read    0x08006d28       0x3a CMakeFiles/Plantilla-final.dir/Core/Src/syscalls.c.obj
                0x08006d28                _read
 .text._close   0x08006d62       0x18 CMakeFiles/Plantilla-final.dir/Core/Src/syscalls.c.obj
                0x08006d62                _close
 .text._fstat   0x08006d7a       0x20 CMakeFiles/Plantilla-final.dir/Core/Src/syscalls.c.obj
                0x08006d7a                _fstat
 .text._isatty  0x08006d9a       0x16 CMakeFiles/Plantilla-final.dir/Core/Src/syscalls.c.obj
                0x08006d9a                _isatty
 .text._lseek   0x08006db0       0x1a CMakeFiles/Plantilla-final.dir/Core/Src/syscalls.c.obj
                0x08006db0                _lseek
 *fill*         0x08006dca        0x2 
 .text.Reset_Handler
                0x08006dcc       0x50 CMakeFiles/Plantilla-final.dir/startup_stm32l476xx.s.obj
                0x08006dcc                Reset_Handler
 .text.Default_Handler
                0x08006e1c        0x2 CMakeFiles/Plantilla-final.dir/startup_stm32l476xx.s.obj
                0x08006e1c                RTC_Alarm_IRQHandler
                0x08006e1c                EXTI2_IRQHandler
                0x08006e1c                TIM8_TRG_COM_IRQHandler
                0x08006e1c                TIM8_CC_IRQHandler
                0x08006e1c                TIM1_CC_IRQHandler
                0x08006e1c                TSC_IRQHandler
                0x08006e1c                TAMP_STAMP_IRQHandler
                0x08006e1c                EXTI3_IRQHandler
                0x08006e1c                LPTIM2_IRQHandler
                0x08006e1c                DFSDM1_FLT1_IRQHandler
                0x08006e1c                I2C3_ER_IRQHandler
                0x08006e1c                DFSDM1_FLT2_IRQHandler
                0x08006e1c                EXTI0_IRQHandler
                0x08006e1c                I2C2_EV_IRQHandler
                0x08006e1c                CAN1_RX0_IRQHandler
                0x08006e1c                FPU_IRQHandler
                0x08006e1c                TIM1_UP_TIM16_IRQHandler
                0x08006e1c                ADC1_2_IRQHandler
                0x08006e1c                SPI1_IRQHandler
                0x08006e1c                TIM6_DAC_IRQHandler
                0x08006e1c                TIM8_UP_IRQHandler
                0x08006e1c                DMA2_Channel2_IRQHandler
                0x08006e1c                DMA1_Channel4_IRQHandler
                0x08006e1c                SAI2_IRQHandler
                0x08006e1c                DFSDM1_FLT3_IRQHandler
                0x08006e1c                DMA1_Channel7_IRQHandler
                0x08006e1c                CAN1_RX1_IRQHandler
                0x08006e1c                LCD_IRQHandler
                0x08006e1c                UART5_IRQHandler
                0x08006e1c                ADC3_IRQHandler
                0x08006e1c                TIM4_IRQHandler
                0x08006e1c                DMA2_Channel1_IRQHandler
                0x08006e1c                QUADSPI_IRQHandler
                0x08006e1c                DMA1_Channel6_IRQHandler
                0x08006e1c                UART4_IRQHandler
                0x08006e1c                DMA2_Channel4_IRQHandler
                0x08006e1c                TIM3_IRQHandler
                0x08006e1c                DMA1_Channel1_IRQHandler
                0x08006e1c                Default_Handler
                0x08006e1c                DMA2_Channel7_IRQHandler
                0x08006e1c                TIM7_IRQHandler
                0x08006e1c                SDMMC1_IRQHandler
                0x08006e1c                TIM5_IRQHandler
                0x08006e1c                I2C3_EV_IRQHandler
                0x08006e1c                RTC_WKUP_IRQHandler
                0x08006e1c                PVD_PVM_IRQHandler
                0x08006e1c                SPI2_IRQHandler
                0x08006e1c                CAN1_TX_IRQHandler
                0x08006e1c                DMA2_Channel5_IRQHandler
                0x08006e1c                DMA1_Channel5_IRQHandler
                0x08006e1c                EXTI4_IRQHandler
                0x08006e1c                RNG_IRQHandler
                0x08006e1c                TIM1_TRG_COM_TIM17_IRQHandler
                0x08006e1c                DMA1_Channel3_IRQHandler
                0x08006e1c                COMP_IRQHandler
                0x08006e1c                WWDG_IRQHandler
                0x08006e1c                LPUART1_IRQHandler
                0x08006e1c                DMA2_Channel6_IRQHandler
                0x08006e1c                TIM2_IRQHandler
                0x08006e1c                EXTI1_IRQHandler
                0x08006e1c                DFSDM1_FLT0_IRQHandler
                0x08006e1c                I2C2_ER_IRQHandler
                0x08006e1c                DMA1_Channel2_IRQHandler
                0x08006e1c                TIM8_BRK_IRQHandler
                0x08006e1c                CAN1_SCE_IRQHandler
                0x08006e1c                FLASH_IRQHandler
                0x08006e1c                USART1_IRQHandler
                0x08006e1c                OTG_FS_IRQHandler
                0x08006e1c                SPI3_IRQHandler
                0x08006e1c                FMC_IRQHandler
                0x08006e1c                SWPMI1_IRQHandler
                0x08006e1c                LPTIM1_IRQHandler
                0x08006e1c                SAI1_IRQHandler
                0x08006e1c                DMA2_Channel3_IRQHandler
                0x08006e1c                TIM1_BRK_TIM15_IRQHandler
 *fill*         0x08006e1e        0x2 
 .text.printf   0x08006e20       0x24 /home/javastral/st/stm32cubeclt_1.17.0/GNU-tools-for-STM32/bin/../lib/gcc/arm-none-eabi/12.3.1/../../../../arm-none-eabi/lib/thumb/v7e-m+fp/hard/libg_nano.a(libc_a-printf.o)
                0x08006e20                printf
                0x08006e20                iprintf
 .text._puts_r  0x08006e44       0xaa /home/javastral/st/stm32cubeclt_1.17.0/GNU-tools-for-STM32/bin/../lib/gcc/arm-none-eabi/12.3.1/../../../../arm-none-eabi/lib/thumb/v7e-m+fp/hard/libg_nano.a(libc_a-puts.o)
                0x08006e44                _puts_r
 *fill*         0x08006eee        0x2 
 .text.puts     0x08006ef0       0x10 /home/javastral/st/stm32cubeclt_1.17.0/GNU-tools-for-STM32/bin/../lib/gcc/arm-none-eabi/12.3.1/../../../../arm-none-eabi/lib/thumb/v7e-m+fp/hard/libg_nano.a(libc_a-puts.o)
                0x08006ef0                puts
 .text.__swbuf_r
                0x08006f00       0x7c /home/javastral/st/stm32cubeclt_1.17.0/GNU-tools-for-STM32/bin/../lib/gcc/arm-none-eabi/12.3.1/../../../../arm-none-eabi/lib/thumb/v7e-m+fp/hard/libg_nano.a(libc_a-wbuf.o)
                0x08006f00                __swbuf_r
 .text.__swsetup_r
                0x08006f7c       0xac /home/javastral/st/stm32cubeclt_1.17.0/GNU-tools-for-STM32/bin/../lib/gcc/arm-none-eabi/12.3.1/../../../../arm-none-eabi/lib/thumb/v7e-m+fp/hard/libg_nano.a(libc_a-wsetup.o)
                0x08006f7c                __swsetup_r
 .text.__errno  0x08007028        0xc /home/javastral/st/stm32cubeclt_1.17.0/GNU-tools-for-STM32/bin/../lib/gcc/arm-none-eabi/12.3.1/../../../../arm-none-eabi/lib/thumb/v7e-m+fp/hard/libg_nano.a(libc_a-errno.o)
                0x08007028                __errno
 .text.__sfputc_r
                0x08007034       0x2e /home/javastral/st/stm32cubeclt_1.17.0/GNU-tools-for-STM32/bin/../lib/gcc/arm-none-eabi/12.3.1/../../../../arm-none-eabi/lib/thumb/v7e-m+fp/hard/libg_nano.a(libc_a-nano-vfprintf.o)
 .text.__sfputs_r
                0x08007062       0x24 /home/javastral/st/stm32cubeclt_1.17.0/GNU-tools-for-STM32/bin/../lib/gcc/arm-none-eabi/12.3.1/../../../../arm-none-eabi/lib/thumb/v7e-m+fp/hard/libg_nano.a(libc_a-nano-vfprintf.o)
                0x08007062                __sfputs_r
 *fill*         0x08007086        0x2 
 .text._vfprintf_r
                0x08007088      0x230 /home/javastral/st/stm32cubeclt_1.17.0/GNU-tools-for-STM32/bin/../lib/gcc/arm-none-eabi/12.3.1/../../../../arm-none-eabi/lib/thumb/v7e-m+fp/hard/libg_nano.a(libc_a-nano-vfprintf.o)
                0x08007088                _vfiprintf_r
                0x08007088                _vfprintf_r
 .text._printf_common
                0x080072b8       0xda /home/javastral/st/stm32cubeclt_1.17.0/GNU-tools-for-STM32/bin/../lib/gcc/arm-none-eabi/12.3.1/../../../../arm-none-eabi/lib/thumb/v7e-m+fp/hard/libg_nano.a(libc_a-nano-vfprintf_i.o)
                0x080072b8                _printf_common
 *fill*         0x08007392        0x2 
 .text._printf_i
                0x08007394      0x240 /home/javastral/st/stm32cubeclt_1.17.0/GNU-tools-for-STM32/bin/../lib/gcc/arm-none-eabi/12.3.1/../../../../arm-none-eabi/lib/thumb/v7e-m+fp/hard/libg_nano.a(libc_a-nano-vfprintf_i.o)
                0x08007394                _printf_i
 .text.__swhatbuf_r
                0x080075d4       0x4c /home/javastral/st/stm32cubeclt_1.17.0/GNU-tools-for-STM32/bin/../lib/gcc/arm-none-eabi/12.3.1/../../../../arm-none-eabi/lib/thumb/v7e-m+fp/hard/libg_nano.a(libc_a-makebuf.o)
                0x080075d4                __swhatbuf_r
 .text.__smakebuf_r
                0x08007620       0x78 /home/javastral/st/stm32cubeclt_1.17.0/GNU-tools-for-STM32/bin/../lib/gcc/arm-none-eabi/12.3.1/../../../../arm-none-eabi/lib/thumb/v7e-m+fp/hard/libg_nano.a(libc_a-makebuf.o)
                0x08007620                __smakebuf_r
 .text._fstat_r
                0x08007698       0x24 /home/javastral/st/stm32cubeclt_1.17.0/GNU-tools-for-STM32/bin/../lib/gcc/arm-none-eabi/12.3.1/../../../../arm-none-eabi/lib/thumb/v7e-m+fp/hard/libg_nano.a(libc_a-fstatr.o)
                0x08007698                _fstat_r
 .text._isatty_r
                0x080076bc       0x20 /home/javastral/st/stm32cubeclt_1.17.0/GNU-tools-for-STM32/bin/../lib/gcc/arm-none-eabi/12.3.1/../../../../arm-none-eabi/lib/thumb/v7e-m+fp/hard/libg_nano.a(libc_a-isattyr.o)
                0x080076bc                _isatty_r
 *(.glue_7)
 .glue_7        0x080076dc        0x0 linker stubs
 *(.glue_7t)
 .glue_7t       0x080076dc        0x0 linker stubs
 *(.eh_frame)
 .eh_frame      0x080076dc        0x0 /home/javastral/st/stm32cubeclt_1.17.0/GNU-tools-for-STM32/bin/../lib/gcc/arm-none-eabi/12.3.1/thumb/v7e-m+fp/hard/crtbegin.o
 *(.init)
 .init          0x080076dc        0x4 /home/javastral/st/stm32cubeclt_1.17.0/GNU-tools-for-STM32/bin/../lib/gcc/arm-none-eabi/12.3.1/thumb/v7e-m+fp/hard/crti.o
                0x080076dc                _init
 .init          0x080076e0        0x8 /home/javastral/st/stm32cubeclt_1.17.0/GNU-tools-for-STM32/bin/../lib/gcc/arm-none-eabi/12.3.1/thumb/v7e-m+fp/hard/crtn.o
 *(.fini)
 .fini          0x080076e8        0x4 /home/javastral/st/stm32cubeclt_1.17.0/GNU-tools-for-STM32/bin/../lib/gcc/arm-none-eabi/12.3.1/thumb/v7e-m+fp/hard/crti.o
                0x080076e8                _fini
 .fini          0x080076ec        0x8 /home/javastral/st/stm32cubeclt_1.17.0/GNU-tools-for-STM32/bin/../lib/gcc/arm-none-eabi/12.3.1/thumb/v7e-m+fp/hard/crtn.o
                0x080076f8                        . = ALIGN (0x8)
 *fill*         0x080076f4        0x4 
                0x080076f8                        _etext = .

.vfp11_veneer   0x080076f8        0x0
 .vfp11_veneer  0x080076f8        0x0 linker stubs

.v4_bx          0x080076f8        0x0
 .v4_bx         0x080076f8        0x0 linker stubs

.iplt           0x080076f8        0x0
 .iplt          0x080076f8        0x0 /home/javastral/st/stm32cubeclt_1.17.0/GNU-tools-for-STM32/bin/../lib/gcc/arm-none-eabi/12.3.1/thumb/v7e-m+fp/hard/crtbegin.o

.rodata         0x080076f8     0x10c0
                0x080076f8                        . = ALIGN (0x8)
 *(.rodata)
 .rodata        0x080076f8       0x18 CMakeFiles/Plantilla-final.dir/Drivers/keypad/keypad.c.obj
 .rodata        0x08007710      0x267 CMakeFiles/Plantilla-final.dir/Core/Src/system.c.obj
 *fill*         0x08007977        0x1 
 .rodata        0x08007978       0x5a CMakeFiles/Plantilla-final.dir/Core/Src/main.c.obj
 *(.rodata*)
 *fill*         0x080079d2        0x2 
 .rodata.Font11x18
                0x080079d4      0xd5c CMakeFiles/Plantilla-final.dir/Drivers/ssd1306/ssd1306_fonts.c.obj
 .rodata.Font_11x18
                0x08008730        0xc CMakeFiles/Plantilla-final.dir/Drivers/ssd1306/ssd1306_fonts.c.obj
                0x08008730                Font_11x18
 .rodata.AHBPrescTable
                0x0800873c       0x10 CMakeFiles/Plantilla-final.dir/Core/Src/system_stm32l4xx.c.obj
                0x0800873c                AHBPrescTable
 .rodata.APBPrescTable
                0x0800874c        0x8 CMakeFiles/Plantilla-final.dir/Core/Src/system_stm32l4xx.c.obj
                0x0800874c                APBPrescTable
 .rodata.MSIRangeTable
                0x08008754       0x30 CMakeFiles/Plantilla-final.dir/Core/Src/system_stm32l4xx.c.obj
                0x08008754                MSIRangeTable
 .rodata._vfprintf_r.str1.1
                0x08008784       0x11 /home/javastral/st/stm32cubeclt_1.17.0/GNU-tools-for-STM32/bin/../lib/gcc/arm-none-eabi/12.3.1/../../../../arm-none-eabi/lib/thumb/v7e-m+fp/hard/libg_nano.a(libc_a-nano-vfprintf.o)
 .rodata._printf_i.str1.1
                0x08008795       0x22 /home/javastral/st/stm32cubeclt_1.17.0/GNU-tools-for-STM32/bin/../lib/gcc/arm-none-eabi/12.3.1/../../../../arm-none-eabi/lib/thumb/v7e-m+fp/hard/libg_nano.a(libc_a-nano-vfprintf_i.o)
                0x080087b8                        . = ALIGN (0x8)
 *fill*         0x080087b7        0x1 

.ARM.extab      0x080087b8        0x0
                0x080087b8                        . = ALIGN (0x8)
 *(.ARM.extab* .gnu.linkonce.armextab.*)
                0x080087b8                        . = ALIGN (0x8)

.ARM            0x080087b8        0x8
                0x080087b8                        . = ALIGN (0x8)
                0x080087b8                        __exidx_start = .
 *(.ARM.exidx*)
 .ARM.exidx     0x080087b8        0x8 /home/javastral/st/stm32cubeclt_1.17.0/GNU-tools-for-STM32/bin/../lib/gcc/arm-none-eabi/12.3.1/thumb/v7e-m+fp/hard/libgcc.a(_udivmoddi4.o)
 .ARM.exidx     0x080087c0        0x0 /home/javastral/st/stm32cubeclt_1.17.0/GNU-tools-for-STM32/bin/../lib/gcc/arm-none-eabi/12.3.1/../../../../arm-none-eabi/lib/thumb/v7e-m+fp/hard/libg_nano.a(libc_a-strcmp.o)
                                  0x8 (size before relaxing)
 .ARM.exidx     0x080087c0        0x0 /home/javastral/st/stm32cubeclt_1.17.0/GNU-tools-for-STM32/bin/../lib/gcc/arm-none-eabi/12.3.1/../../../../arm-none-eabi/lib/thumb/v7e-m+fp/hard/libg_nano.a(libc_a-memchr.o)
                                  0x8 (size before relaxing)
                0x080087c0                        __exidx_end = .
                0x080087c0                        . = ALIGN (0x8)

.rel.dyn        0x080087c0        0x0
 .rel.iplt      0x080087c0        0x0 /home/javastral/st/stm32cubeclt_1.17.0/GNU-tools-for-STM32/bin/../lib/gcc/arm-none-eabi/12.3.1/thumb/v7e-m+fp/hard/crtbegin.o

.preinit_array  0x080087c0        0x0
                0x080087c0                        . = ALIGN (0x8)
                0x080087c0                        PROVIDE (__preinit_array_start = .)
 *(.preinit_array*)
                0x080087c0                        PROVIDE (__preinit_array_end = .)
                0x080087c0                        . = ALIGN (0x8)

.init_array     0x080087c0        0x8
                0x080087c0                        . = ALIGN (0x8)
                0x080087c0                        PROVIDE (__init_array_start = .)
 *(SORT_BY_NAME(.init_array.*))
 *(.init_array*)
 .init_array    0x080087c0        0x4 /home/javastral/st/stm32cubeclt_1.17.0/GNU-tools-for-STM32/bin/../lib/gcc/arm-none-eabi/12.3.1/thumb/v7e-m+fp/hard/crtbegin.o
                0x080087c4                        PROVIDE (__init_array_end = .)
                0x080087c8                        . = ALIGN (0x8)
 *fill*         0x080087c4        0x4 

.fini_array     0x080087c8        0x8
                0x080087c8                        . = ALIGN (0x8)
                [!provide]                        PROVIDE (__fini_array_start = .)
 *(SORT_BY_NAME(.fini_array.*))
 *(.fini_array*)
 .fini_array    0x080087c8        0x4 /home/javastral/st/stm32cubeclt_1.17.0/GNU-tools-for-STM32/bin/../lib/gcc/arm-none-eabi/12.3.1/thumb/v7e-m+fp/hard/crtbegin.o
                [!provide]                        PROVIDE (__fini_array_end = .)
                0x080087d0                        . = ALIGN (0x8)
 *fill*         0x080087cc        0x4 
                0x080087d0                        _sidata = LOADADDR (.data)

.data           0x20000000       0x80 load address 0x080087d0
                0x20000000                        . = ALIGN (0x8)
                0x20000000                        _sdata = .
 *(.data)
 *(.data*)
 .data.__sglue  0x20000000        0xc /home/javastral/st/stm32cubeclt_1.17.0/GNU-tools-for-STM32/bin/../lib/gcc/arm-none-eabi/12.3.1/../../../../arm-none-eabi/lib/thumb/v7e-m+fp/hard/libc_nano.a(libc_a-findfp.o)
                0x20000000                __sglue
 .data._impure_ptr
                0x2000000c        0x4 /home/javastral/st/stm32cubeclt_1.17.0/GNU-tools-for-STM32/bin/../lib/gcc/arm-none-eabi/12.3.1/../../../../arm-none-eabi/lib/thumb/v7e-m+fp/hard/libc_nano.a(libc_a-impure.o)
                0x2000000c                _impure_ptr
 .data._impure_data
                0x20000010       0x4c /home/javastral/st/stm32cubeclt_1.17.0/GNU-tools-for-STM32/bin/../lib/gcc/arm-none-eabi/12.3.1/../../../../arm-none-eabi/lib/thumb/v7e-m+fp/hard/libc_nano.a(libc_a-impure.o)
                0x20000010                _impure_data
 .data.keypad_chars
                0x2000005c       0x10 CMakeFiles/Plantilla-final.dir/Drivers/keypad/keypad.c.obj
                0x2000005c                keypad_chars
 .data.last_pressed.1
                0x2000006c        0x2 CMakeFiles/Plantilla-final.dir/Drivers/keypad/keypad.c.obj
 *fill*         0x2000006e        0x2 
 .data.uwTickPrio
                0x20000070        0x4 CMakeFiles/Plantilla-final.dir/Drivers/STM32L4xx_HAL_Driver/Src/stm32l4xx_hal.c.obj
                0x20000070                uwTickPrio
 .data.uwTickFreq
                0x20000074        0x1 CMakeFiles/Plantilla-final.dir/Drivers/STM32L4xx_HAL_Driver/Src/stm32l4xx_hal.c.obj
                0x20000074                uwTickFreq
 *fill*         0x20000075        0x3 
 .data.SystemCoreClock
                0x20000078        0x4 CMakeFiles/Plantilla-final.dir/Core/Src/system_stm32l4xx.c.obj
                0x20000078                SystemCoreClock
                0x20000080                        . = ALIGN (0x8)
 *fill*         0x2000007c        0x4 
                0x20000080                        _edata = .

.igot.plt       0x20000080        0x0 load address 0x08008850
 .igot.plt      0x20000080        0x0 /home/javastral/st/stm32cubeclt_1.17.0/GNU-tools-for-STM32/bin/../lib/gcc/arm-none-eabi/12.3.1/thumb/v7e-m+fp/hard/crtbegin.o
                0x20000080                        . = ALIGN (0x4)

.bss            0x20000080      0x778 load address 0x08008850
                0x20000080                        _sbss = .
                0x20000080                        __bss_start__ = _sbss
 *(.bss)
 .bss           0x20000080       0x1c /home/javastral/st/stm32cubeclt_1.17.0/GNU-tools-for-STM32/bin/../lib/gcc/arm-none-eabi/12.3.1/thumb/v7e-m+fp/hard/crtbegin.o
 *(.bss*)
 .bss.__sf      0x2000009c      0x138 /home/javastral/st/stm32cubeclt_1.17.0/GNU-tools-for-STM32/bin/../lib/gcc/arm-none-eabi/12.3.1/../../../../arm-none-eabi/lib/thumb/v7e-m+fp/hard/libc_nano.a(libc_a-findfp.o)
                0x2000009c                __sf
 .bss.__stdio_exit_handler
                0x200001d4        0x4 /home/javastral/st/stm32cubeclt_1.17.0/GNU-tools-for-STM32/bin/../lib/gcc/arm-none-eabi/12.3.1/../../../../arm-none-eabi/lib/thumb/v7e-m+fp/hard/libc_nano.a(libc_a-findfp.o)
                0x200001d4                __stdio_exit_handler
 .bss.errno     0x200001d8        0x4 /home/javastral/st/stm32cubeclt_1.17.0/GNU-tools-for-STM32/bin/../lib/gcc/arm-none-eabi/12.3.1/../../../../arm-none-eabi/lib/thumb/v7e-m+fp/hard/libc_nano.a(libc_a-reent.o)
                0x200001d8                errno
 .bss.__lock___malloc_recursive_mutex
                0x200001dc        0x1 /home/javastral/st/stm32cubeclt_1.17.0/GNU-tools-for-STM32/bin/../lib/gcc/arm-none-eabi/12.3.1/../../../../arm-none-eabi/lib/thumb/v7e-m+fp/hard/libc_nano.a(libc_a-lock.o)
                0x200001dc                __lock___malloc_recursive_mutex
 .bss.__lock___sfp_recursive_mutex
                0x200001dd        0x1 /home/javastral/st/stm32cubeclt_1.17.0/GNU-tools-for-STM32/bin/../lib/gcc/arm-none-eabi/12.3.1/../../../../arm-none-eabi/lib/thumb/v7e-m+fp/hard/libc_nano.a(libc_a-lock.o)
                0x200001dd                __lock___sfp_recursive_mutex
 *fill*         0x200001de        0x2 
 .bss.__malloc_sbrk_start
                0x200001e0        0x4 /home/javastral/st/stm32cubeclt_1.17.0/GNU-tools-for-STM32/bin/../lib/gcc/arm-none-eabi/12.3.1/../../../../arm-none-eabi/lib/thumb/v7e-m+fp/hard/libc_nano.a(libc_a-mallocr.o)
                0x200001e0                __malloc_sbrk_start
 .bss.__malloc_free_list
                0x200001e4        0x4 /home/javastral/st/stm32cubeclt_1.17.0/GNU-tools-for-STM32/bin/../lib/gcc/arm-none-eabi/12.3.1/../../../../arm-none-eabi/lib/thumb/v7e-m+fp/hard/libc_nano.a(libc_a-mallocr.o)
                0x200001e4                __malloc_free_list
 .bss.SSD1306_Buffer
                0x200001e8      0x400 CMakeFiles/Plantilla-final.dir/Drivers/ssd1306/ssd1306.c.obj
 .bss.SSD1306   0x200005e8        0x6 CMakeFiles/Plantilla-final.dir/Drivers/ssd1306/ssd1306.c.obj
 *fill*         0x200005ee        0x2 
 .bss.last_tick.0
                0x200005f0        0x4 CMakeFiles/Plantilla-final.dir/Drivers/keypad/keypad.c.obj
 .bss.last_heartbeat.0
                0x200005f4        0x4 CMakeFiles/Plantilla-final.dir/Core/Src/system.c.obj
 .bss.hi2c1     0x200005f8       0x54 CMakeFiles/Plantilla-final.dir/Core/Src/main.c.obj
                0x200005f8                hi2c1
 .bss.huart2    0x2000064c       0x88 CMakeFiles/Plantilla-final.dir/Core/Src/main.c.obj
                0x2000064c                huart2
 .bss.huart3    0x200006d4       0x88 CMakeFiles/Plantilla-final.dir/Core/Src/main.c.obj
                0x200006d4                huart3
 .bss.keypad_colum_pressed
                0x2000075c        0x2 CMakeFiles/Plantilla-final.dir/Core/Src/main.c.obj
                0x2000075c                keypad_colum_pressed
 .bss.b1_press_count
                0x2000075e        0x1 CMakeFiles/Plantilla-final.dir/Core/Src/main.c.obj
                0x2000075e                b1_press_count
 *fill*         0x2000075f        0x1 
 .bss.pc_rx_data
                0x20000760       0x20 CMakeFiles/Plantilla-final.dir/Core/Src/main.c.obj
                0x20000760                pc_rx_data
 .bss.pc_rx_buffer
                0x20000780        0x8 CMakeFiles/Plantilla-final.dir/Core/Src/main.c.obj
                0x20000780                pc_rx_buffer
 .bss.keypad_rx_data
                0x20000788       0x20 CMakeFiles/Plantilla-final.dir/Core/Src/main.c.obj
                0x20000788                keypad_rx_data
 .bss.keypad_rx_buffer
                0x200007a8        0x8 CMakeFiles/Plantilla-final.dir/Core/Src/main.c.obj
                0x200007a8                keypad_rx_buffer
 .bss.internet_rx_data
                0x200007b0       0x20 CMakeFiles/Plantilla-final.dir/Core/Src/main.c.obj
                0x200007b0                internet_rx_data
 .bss.internet_rx_buffer
                0x200007d0        0x8 CMakeFiles/Plantilla-final.dir/Core/Src/main.c.obj
                0x200007d0                internet_rx_buffer
 .bss.door_state
                0x200007d8        0x1 CMakeFiles/Plantilla-final.dir/Core/Src/main.c.obj
                0x200007d8                door_state
 *fill*         0x200007d9        0x3 
 .bss.door_timer
                0x200007dc        0x4 CMakeFiles/Plantilla-final.dir/Core/Src/main.c.obj
                0x200007dc                door_timer
 .bss.key_buffer
                0x200007e0        0xa CMakeFiles/Plantilla-final.dir/Core/Src/main.c.obj
                0x200007e0                key_buffer
 .bss.key_index
                0x200007ea        0x1 CMakeFiles/Plantilla-final.dir/Core/Src/main.c.obj
                0x200007ea                key_index
 .bss.rx_data   0x200007eb        0x1 CMakeFiles/Plantilla-final.dir/Core/Src/main.c.obj
                0x200007eb                rx_data
 .bss.last_button_press.0
                0x200007ec        0x4 CMakeFiles/Plantilla-final.dir/Core/Src/main.c.obj
 .bss.uwTick    0x200007f0        0x4 CMakeFiles/Plantilla-final.dir/Drivers/STM32L4xx_HAL_Driver/Src/stm32l4xx_hal.c.obj
                0x200007f0                uwTick
 .bss.__sbrk_heap_end
                0x200007f4        0x4 CMakeFiles/Plantilla-final.dir/Core/Src/sysmem.c.obj
 *(COMMON)
                0x200007f8                        . = ALIGN (0x4)
                0x200007f8                        _ebss = .
                0x200007f8                        __bss_end__ = _ebss

._user_heap_stack
                0x200007f8      0x600 load address 0x08008850
                0x200007f8                        . = ALIGN (0x8)
                [!provide]                        PROVIDE (end = .)
                0x200007f8                        PROVIDE (_end = .)
                0x200009f8                        . = (. + _Min_Heap_Size)
 *fill*         0x200007f8      0x200 
                0x20000df8                        . = (. + _Min_Stack_Size)
 *fill*         0x200009f8      0x400 
                0x20000df8                        . = ALIGN (0x8)

/DISCARD/
 libc.a(*)
 libm.a(*)
 libgcc.a(*)
OUTPUT(Plantilla-final.elf elf32-littlearm)
LOAD linker stubs
LOAD /home/javastral/st/stm32cubeclt_1.17.0/GNU-tools-for-STM32/bin/../lib/gcc/arm-none-eabi/12.3.1/../../../../arm-none-eabi/lib/thumb/v7e-m+fp/hard/libc.a
LOAD /home/javastral/st/stm32cubeclt_1.17.0/GNU-tools-for-STM32/bin/../lib/gcc/arm-none-eabi/12.3.1/../../../../arm-none-eabi/lib/thumb/v7e-m+fp/hard/libm.a
LOAD /home/javastral/st/stm32cubeclt_1.17.0/GNU-tools-for-STM32/bin/../lib/gcc/arm-none-eabi/12.3.1/thumb/v7e-m+fp/hard/libgcc.a

.ARM.attributes
                0x00000000       0x30
 .ARM.attributes
                0x00000000       0x22 /home/javastral/st/stm32cubeclt_1.17.0/GNU-tools-for-STM32/bin/../lib/gcc/arm-none-eabi/12.3.1/thumb/v7e-m+fp/hard/crti.o
 .ARM.attributes
                0x00000022       0x34 /home/javastral/st/stm32cubeclt_1.17.0/GNU-tools-for-STM32/bin/../lib/gcc/arm-none-eabi/12.3.1/thumb/v7e-m+fp/hard/crtbegin.o
 .ARM.attributes
                0x00000056       0x34 /home/javastral/st/stm32cubeclt_1.17.0/GNU-tools-for-STM32/bin/../lib/gcc/arm-none-eabi/12.3.1/../../../../arm-none-eabi/lib/thumb/v7e-m+fp/hard/libc_nano.a(libc_a-findfp.o)
 .ARM.attributes
                0x0000008a       0x34 /home/javastral/st/stm32cubeclt_1.17.0/GNU-tools-for-STM32/bin/../lib/gcc/arm-none-eabi/12.3.1/../../../../arm-none-eabi/lib/thumb/v7e-m+fp/hard/libc_nano.a(libc_a-fwalk.o)
 .ARM.attributes
                0x000000be       0x34 /home/javastral/st/stm32cubeclt_1.17.0/GNU-tools-for-STM32/bin/../lib/gcc/arm-none-eabi/12.3.1/../../../../arm-none-eabi/lib/thumb/v7e-m+fp/hard/libc_nano.a(libc_a-stdio.o)
 .ARM.attributes
                0x000000f2       0x34 /home/javastral/st/stm32cubeclt_1.17.0/GNU-tools-for-STM32/bin/../lib/gcc/arm-none-eabi/12.3.1/../../../../arm-none-eabi/lib/thumb/v7e-m+fp/hard/libc_nano.a(libc_a-memset.o)
 .ARM.attributes
                0x00000126       0x34 /home/javastral/st/stm32cubeclt_1.17.0/GNU-tools-for-STM32/bin/../lib/gcc/arm-none-eabi/12.3.1/../../../../arm-none-eabi/lib/thumb/v7e-m+fp/hard/libc_nano.a(libc_a-closer.o)
 .ARM.attributes
                0x0000015a       0x34 /home/javastral/st/stm32cubeclt_1.17.0/GNU-tools-for-STM32/bin/../lib/gcc/arm-none-eabi/12.3.1/../../../../arm-none-eabi/lib/thumb/v7e-m+fp/hard/libc_nano.a(libc_a-reent.o)
 .ARM.attributes
                0x0000018e       0x34 /home/javastral/st/stm32cubeclt_1.17.0/GNU-tools-for-STM32/bin/../lib/gcc/arm-none-eabi/12.3.1/../../../../arm-none-eabi/lib/thumb/v7e-m+fp/hard/libc_nano.a(libc_a-impure.o)
 .ARM.attributes
                0x000001c2       0x34 /home/javastral/st/stm32cubeclt_1.17.0/GNU-tools-for-STM32/bin/../lib/gcc/arm-none-eabi/12.3.1/../../../../arm-none-eabi/lib/thumb/v7e-m+fp/hard/libc_nano.a(libc_a-lseekr.o)
 .ARM.attributes
                0x000001f6       0x34 /home/javastral/st/stm32cubeclt_1.17.0/GNU-tools-for-STM32/bin/../lib/gcc/arm-none-eabi/12.3.1/../../../../arm-none-eabi/lib/thumb/v7e-m+fp/hard/libc_nano.a(libc_a-readr.o)
 .ARM.attributes
                0x0000022a       0x34 /home/javastral/st/stm32cubeclt_1.17.0/GNU-tools-for-STM32/bin/../lib/gcc/arm-none-eabi/12.3.1/../../../../arm-none-eabi/lib/thumb/v7e-m+fp/hard/libc_nano.a(libc_a-writer.o)
 .ARM.attributes
                0x0000025e       0x34 /home/javastral/st/stm32cubeclt_1.17.0/GNU-tools-for-STM32/bin/../lib/gcc/arm-none-eabi/12.3.1/../../../../arm-none-eabi/lib/thumb/v7e-m+fp/hard/libc_nano.a(libc_a-init.o)
 .ARM.attributes
                0x00000292       0x34 /home/javastral/st/stm32cubeclt_1.17.0/GNU-tools-for-STM32/bin/../lib/gcc/arm-none-eabi/12.3.1/../../../../arm-none-eabi/lib/thumb/v7e-m+fp/hard/libc_nano.a(libc_a-lock.o)
 .ARM.attributes
                0x000002c6       0x34 /home/javastral/st/stm32cubeclt_1.17.0/GNU-tools-for-STM32/bin/../lib/gcc/arm-none-eabi/12.3.1/../../../../arm-none-eabi/lib/thumb/v7e-m+fp/hard/libc_nano.a(libc_a-freer.o)
 .ARM.attributes
                0x000002fa       0x34 /home/javastral/st/stm32cubeclt_1.17.0/GNU-tools-for-STM32/bin/../lib/gcc/arm-none-eabi/12.3.1/../../../../arm-none-eabi/lib/thumb/v7e-m+fp/hard/libc_nano.a(libc_a-mallocr.o)
 .ARM.attributes
                0x0000032e       0x34 /home/javastral/st/stm32cubeclt_1.17.0/GNU-tools-for-STM32/bin/../lib/gcc/arm-none-eabi/12.3.1/../../../../arm-none-eabi/lib/thumb/v7e-m+fp/hard/libc_nano.a(libc_a-mlock.o)
 .ARM.attributes
                0x00000362       0x34 /home/javastral/st/stm32cubeclt_1.17.0/GNU-tools-for-STM32/bin/../lib/gcc/arm-none-eabi/12.3.1/../../../../arm-none-eabi/lib/thumb/v7e-m+fp/hard/libc_nano.a(libc_a-fflush.o)
 .ARM.attributes
                0x00000396       0x34 /home/javastral/st/stm32cubeclt_1.17.0/GNU-tools-for-STM32/bin/../lib/gcc/arm-none-eabi/12.3.1/../../../../arm-none-eabi/lib/thumb/v7e-m+fp/hard/libc_nano.a(libc_a-sbrkr.o)
 .ARM.attributes
                0x000003ca       0x34 CMakeFiles/Plantilla-final.dir/Core/Src/ring_buffer.c.obj
 .ARM.attributes
                0x000003fe       0x34 CMakeFiles/Plantilla-final.dir/Drivers/ssd1306/ssd1306.c.obj
 .ARM.attributes
                0x00000432       0x34 CMakeFiles/Plantilla-final.dir/Drivers/ssd1306/ssd1306_fonts.c.obj
 .ARM.attributes
                0x00000466       0x34 CMakeFiles/Plantilla-final.dir/Drivers/keypad/keypad.c.obj
 .ARM.attributes
                0x0000049a       0x34 CMakeFiles/Plantilla-final.dir/Core/Src/system.c.obj
 .ARM.attributes
                0x000004ce       0x34 CMakeFiles/Plantilla-final.dir/Core/Src/main.c.obj
 .ARM.attributes
                0x00000502       0x34 CMakeFiles/Plantilla-final.dir/Core/Src/stm32l4xx_it.c.obj
 .ARM.attributes
                0x00000536       0x34 CMakeFiles/Plantilla-final.dir/Core/Src/stm32l4xx_hal_msp.c.obj
 .ARM.attributes
                0x0000056a       0x34 CMakeFiles/Plantilla-final.dir/Drivers/STM32L4xx_HAL_Driver/Src/stm32l4xx_hal_i2c.c.obj
 .ARM.attributes
                0x0000059e       0x34 CMakeFiles/Plantilla-final.dir/Drivers/STM32L4xx_HAL_Driver/Src/stm32l4xx_hal_i2c_ex.c.obj
 .ARM.attributes
                0x000005d2       0x34 CMakeFiles/Plantilla-final.dir/Drivers/STM32L4xx_HAL_Driver/Src/stm32l4xx_hal.c.obj
 .ARM.attributes
                0x00000606       0x34 CMakeFiles/Plantilla-final.dir/Drivers/STM32L4xx_HAL_Driver/Src/stm32l4xx_hal_rcc.c.obj
 .ARM.attributes
                0x0000063a       0x34 CMakeFiles/Plantilla-final.dir/Drivers/STM32L4xx_HAL_Driver/Src/stm32l4xx_hal_rcc_ex.c.obj
 .ARM.attributes
                0x0000066e       0x34 CMakeFiles/Plantilla-final.dir/Drivers/STM32L4xx_HAL_Driver/Src/stm32l4xx_hal_gpio.c.obj
 .ARM.attributes
                0x000006a2       0x34 CMakeFiles/Plantilla-final.dir/Drivers/STM32L4xx_HAL_Driver/Src/stm32l4xx_hal_dma.c.obj
 .ARM.attributes
                0x000006d6       0x34 CMakeFiles/Plantilla-final.dir/Drivers/STM32L4xx_HAL_Driver/Src/stm32l4xx_hal_pwr_ex.c.obj
 .ARM.attributes
                0x0000070a       0x34 CMakeFiles/Plantilla-final.dir/Drivers/STM32L4xx_HAL_Driver/Src/stm32l4xx_hal_cortex.c.obj
 .ARM.attributes
                0x0000073e       0x34 CMakeFiles/Plantilla-final.dir/Drivers/STM32L4xx_HAL_Driver/Src/stm32l4xx_hal_uart.c.obj
 .ARM.attributes
                0x00000772       0x34 CMakeFiles/Plantilla-final.dir/Drivers/STM32L4xx_HAL_Driver/Src/stm32l4xx_hal_uart_ex.c.obj
 .ARM.attributes
                0x000007a6       0x34 CMakeFiles/Plantilla-final.dir/Core/Src/system_stm32l4xx.c.obj
 .ARM.attributes
                0x000007da       0x34 CMakeFiles/Plantilla-final.dir/Core/Src/sysmem.c.obj
 .ARM.attributes
                0x0000080e       0x34 CMakeFiles/Plantilla-final.dir/Core/Src/syscalls.c.obj
 .ARM.attributes
                0x00000842       0x21 CMakeFiles/Plantilla-final.dir/startup_stm32l476xx.s.obj
 .ARM.attributes
                0x00000863       0x22 /home/javastral/st/stm32cubeclt_1.17.0/GNU-tools-for-STM32/bin/../lib/gcc/arm-none-eabi/12.3.1/thumb/v7e-m+fp/hard/libgcc.a(_aeabi_uldivmod.o)
 .ARM.attributes
                0x00000885       0x34 /home/javastral/st/stm32cubeclt_1.17.0/GNU-tools-for-STM32/bin/../lib/gcc/arm-none-eabi/12.3.1/thumb/v7e-m+fp/hard/libgcc.a(_udivmoddi4.o)
 .ARM.attributes
                0x000008b9       0x22 /home/javastral/st/stm32cubeclt_1.17.0/GNU-tools-for-STM32/bin/../lib/gcc/arm-none-eabi/12.3.1/thumb/v7e-m+fp/hard/libgcc.a(_dvmd_tls.o)
 .ARM.attributes
                0x000008db       0x34 /home/javastral/st/stm32cubeclt_1.17.0/GNU-tools-for-STM32/bin/../lib/gcc/arm-none-eabi/12.3.1/../../../../arm-none-eabi/lib/thumb/v7e-m+fp/hard/libg_nano.a(libc_a-printf.o)
 .ARM.attributes
                0x0000090f       0x34 /home/javastral/st/stm32cubeclt_1.17.0/GNU-tools-for-STM32/bin/../lib/gcc/arm-none-eabi/12.3.1/../../../../arm-none-eabi/lib/thumb/v7e-m+fp/hard/libg_nano.a(libc_a-puts.o)
 .ARM.attributes
                0x00000943       0x34 /home/javastral/st/stm32cubeclt_1.17.0/GNU-tools-for-STM32/bin/../lib/gcc/arm-none-eabi/12.3.1/../../../../arm-none-eabi/lib/thumb/v7e-m+fp/hard/libg_nano.a(libc_a-wbuf.o)
 .ARM.attributes
                0x00000977       0x34 /home/javastral/st/stm32cubeclt_1.17.0/GNU-tools-for-STM32/bin/../lib/gcc/arm-none-eabi/12.3.1/../../../../arm-none-eabi/lib/thumb/v7e-m+fp/hard/libg_nano.a(libc_a-wsetup.o)
 .ARM.attributes
                0x000009ab       0x34 /home/javastral/st/stm32cubeclt_1.17.0/GNU-tools-for-STM32/bin/../lib/gcc/arm-none-eabi/12.3.1/../../../../arm-none-eabi/lib/thumb/v7e-m+fp/hard/libg_nano.a(libc_a-errno.o)
 .ARM.attributes
                0x000009df       0x20 /home/javastral/st/stm32cubeclt_1.17.0/GNU-tools-for-STM32/bin/../lib/gcc/arm-none-eabi/12.3.1/../../../../arm-none-eabi/lib/thumb/v7e-m+fp/hard/libg_nano.a(libc_a-strcmp.o)
 .ARM.attributes
                0x000009ff       0x34 /home/javastral/st/stm32cubeclt_1.17.0/GNU-tools-for-STM32/bin/../lib/gcc/arm-none-eabi/12.3.1/../../../../arm-none-eabi/lib/thumb/v7e-m+fp/hard/libg_nano.a(libc_a-nano-vfprintf.o)
 .ARM.attributes
                0x00000a33       0x34 /home/javastral/st/stm32cubeclt_1.17.0/GNU-tools-for-STM32/bin/../lib/gcc/arm-none-eabi/12.3.1/../../../../arm-none-eabi/lib/thumb/v7e-m+fp/hard/libg_nano.a(libc_a-nano-vfprintf_i.o)
 .ARM.attributes
                0x00000a67       0x34 /home/javastral/st/stm32cubeclt_1.17.0/GNU-tools-for-STM32/bin/../lib/gcc/arm-none-eabi/12.3.1/../../../../arm-none-eabi/lib/thumb/v7e-m+fp/hard/libg_nano.a(libc_a-makebuf.o)
 .ARM.attributes
                0x00000a9b       0x34 /home/javastral/st/stm32cubeclt_1.17.0/GNU-tools-for-STM32/bin/../lib/gcc/arm-none-eabi/12.3.1/../../../../arm-none-eabi/lib/thumb/v7e-m+fp/hard/libg_nano.a(libc_a-fstatr.o)
 .ARM.attributes
                0x00000acf       0x34 /home/javastral/st/stm32cubeclt_1.17.0/GNU-tools-for-STM32/bin/../lib/gcc/arm-none-eabi/12.3.1/../../../../arm-none-eabi/lib/thumb/v7e-m+fp/hard/libg_nano.a(libc_a-isattyr.o)
 .ARM.attributes
                0x00000b03       0x1c /home/javastral/st/stm32cubeclt_1.17.0/GNU-tools-for-STM32/bin/../lib/gcc/arm-none-eabi/12.3.1/../../../../arm-none-eabi/lib/thumb/v7e-m+fp/hard/libg_nano.a(libc_a-memchr.o)
 .ARM.attributes
                0x00000b1f       0x22 /home/javastral/st/stm32cubeclt_1.17.0/GNU-tools-for-STM32/bin/../lib/gcc/arm-none-eabi/12.3.1/thumb/v7e-m+fp/hard/crtn.o

.comment        0x00000000       0x43
 .comment       0x00000000       0x43 CMakeFiles/Plantilla-final.dir/Core/Src/ring_buffer.c.obj
                                 0x44 (size before relaxing)
 .comment       0x00000043       0x44 CMakeFiles/Plantilla-final.dir/Drivers/ssd1306/ssd1306.c.obj
 .comment       0x00000043       0x44 CMakeFiles/Plantilla-final.dir/Drivers/ssd1306/ssd1306_fonts.c.obj
 .comment       0x00000043       0x44 CMakeFiles/Plantilla-final.dir/Drivers/keypad/keypad.c.obj
 .comment       0x00000043       0x44 CMakeFiles/Plantilla-final.dir/Core/Src/system.c.obj
 .comment       0x00000043       0x44 CMakeFiles/Plantilla-final.dir/Core/Src/main.c.obj
 .comment       0x00000043       0x44 CMakeFiles/Plantilla-final.dir/Core/Src/stm32l4xx_it.c.obj
 .comment       0x00000043       0x44 CMakeFiles/Plantilla-final.dir/Core/Src/stm32l4xx_hal_msp.c.obj
 .comment       0x00000043       0x44 CMakeFiles/Plantilla-final.dir/Drivers/STM32L4xx_HAL_Driver/Src/stm32l4xx_hal_i2c.c.obj
 .comment       0x00000043       0x44 CMakeFiles/Plantilla-final.dir/Drivers/STM32L4xx_HAL_Driver/Src/stm32l4xx_hal_i2c_ex.c.obj
 .comment       0x00000043       0x44 CMakeFiles/Plantilla-final.dir/Drivers/STM32L4xx_HAL_Driver/Src/stm32l4xx_hal.c.obj
 .comment       0x00000043       0x44 CMakeFiles/Plantilla-final.dir/Drivers/STM32L4xx_HAL_Driver/Src/stm32l4xx_hal_rcc.c.obj
 .comment       0x00000043       0x44 CMakeFiles/Plantilla-final.dir/Drivers/STM32L4xx_HAL_Driver/Src/stm32l4xx_hal_rcc_ex.c.obj
 .comment       0x00000043       0x44 CMakeFiles/Plantilla-final.dir/Drivers/STM32L4xx_HAL_Driver/Src/stm32l4xx_hal_gpio.c.obj
 .comment       0x00000043       0x44 CMakeFiles/Plantilla-final.dir/Drivers/STM32L4xx_HAL_Driver/Src/stm32l4xx_hal_dma.c.obj
 .comment       0x00000043       0x44 CMakeFiles/Plantilla-final.dir/Drivers/STM32L4xx_HAL_Driver/Src/stm32l4xx_hal_pwr_ex.c.obj
 .comment       0x00000043       0x44 CMakeFiles/Plantilla-final.dir/Drivers/STM32L4xx_HAL_Driver/Src/stm32l4xx_hal_cortex.c.obj
 .comment       0x00000043       0x44 CMakeFiles/Plantilla-final.dir/Drivers/STM32L4xx_HAL_Driver/Src/stm32l4xx_hal_uart.c.obj
 .comment       0x00000043       0x44 CMakeFiles/Plantilla-final.dir/Drivers/STM32L4xx_HAL_Driver/Src/stm32l4xx_hal_uart_ex.c.obj
 .comment       0x00000043       0x44 CMakeFiles/Plantilla-final.dir/Core/Src/system_stm32l4xx.c.obj
 .comment       0x00000043       0x44 CMakeFiles/Plantilla-final.dir/Core/Src/sysmem.c.obj
 .comment       0x00000043       0x44 CMakeFiles/Plantilla-final.dir/Core/Src/syscalls.c.obj
 .comment       0x00000043       0x44 /home/javastral/st/stm32cubeclt_1.17.0/GNU-tools-for-STM32/bin/../lib/gcc/arm-none-eabi/12.3.1/../../../../arm-none-eabi/lib/thumb/v7e-m+fp/hard/libg_nano.a(libc_a-printf.o)
 .comment       0x00000043       0x44 /home/javastral/st/stm32cubeclt_1.17.0/GNU-tools-for-STM32/bin/../lib/gcc/arm-none-eabi/12.3.1/../../../../arm-none-eabi/lib/thumb/v7e-m+fp/hard/libg_nano.a(libc_a-puts.o)
 .comment       0x00000043       0x44 /home/javastral/st/stm32cubeclt_1.17.0/GNU-tools-for-STM32/bin/../lib/gcc/arm-none-eabi/12.3.1/../../../../arm-none-eabi/lib/thumb/v7e-m+fp/hard/libg_nano.a(libc_a-wbuf.o)
 .comment       0x00000043       0x44 /home/javastral/st/stm32cubeclt_1.17.0/GNU-tools-for-STM32/bin/../lib/gcc/arm-none-eabi/12.3.1/../../../../arm-none-eabi/lib/thumb/v7e-m+fp/hard/libg_nano.a(libc_a-wsetup.o)
 .comment       0x00000043       0x44 /home/javastral/st/stm32cubeclt_1.17.0/GNU-tools-for-STM32/bin/../lib/gcc/arm-none-eabi/12.3.1/../../../../arm-none-eabi/lib/thumb/v7e-m+fp/hard/libg_nano.a(libc_a-errno.o)
 .comment       0x00000043       0x44 /home/javastral/st/stm32cubeclt_1.17.0/GNU-tools-for-STM32/bin/../lib/gcc/arm-none-eabi/12.3.1/../../../../arm-none-eabi/lib/thumb/v7e-m+fp/hard/libg_nano.a(libc_a-nano-vfprintf.o)
 .comment       0x00000043       0x44 /home/javastral/st/stm32cubeclt_1.17.0/GNU-tools-for-STM32/bin/../lib/gcc/arm-none-eabi/12.3.1/../../../../arm-none-eabi/lib/thumb/v7e-m+fp/hard/libg_nano.a(libc_a-nano-vfprintf_i.o)
 .comment       0x00000043       0x44 /home/javastral/st/stm32cubeclt_1.17.0/GNU-tools-for-STM32/bin/../lib/gcc/arm-none-eabi/12.3.1/../../../../arm-none-eabi/lib/thumb/v7e-m+fp/hard/libg_nano.a(libc_a-makebuf.o)
 .comment       0x00000043       0x44 /home/javastral/st/stm32cubeclt_1.17.0/GNU-tools-for-STM32/bin/../lib/gcc/arm-none-eabi/12.3.1/../../../../arm-none-eabi/lib/thumb/v7e-m+fp/hard/libg_nano.a(libc_a-fstatr.o)
 .comment       0x00000043       0x44 /home/javastral/st/stm32cubeclt_1.17.0/GNU-tools-for-STM32/bin/../lib/gcc/arm-none-eabi/12.3.1/../../../../arm-none-eabi/lib/thumb/v7e-m+fp/hard/libg_nano.a(libc_a-isattyr.o)

.debug_frame    0x00000000     0x46c8
 .debug_frame   0x00000000      0x144 /home/javastral/st/stm32cubeclt_1.17.0/GNU-tools-for-STM32/bin/../lib/gcc/arm-none-eabi/12.3.1/../../../../arm-none-eabi/lib/thumb/v7e-m+fp/hard/libc_nano.a(libc_a-findfp.o)
 .debug_frame   0x00000144       0x34 /home/javastral/st/stm32cubeclt_1.17.0/GNU-tools-for-STM32/bin/../lib/gcc/arm-none-eabi/12.3.1/../../../../arm-none-eabi/lib/thumb/v7e-m+fp/hard/libc_nano.a(libc_a-fwalk.o)
 .debug_frame   0x00000178       0x88 /home/javastral/st/stm32cubeclt_1.17.0/GNU-tools-for-STM32/bin/../lib/gcc/arm-none-eabi/12.3.1/../../../../arm-none-eabi/lib/thumb/v7e-m+fp/hard/libc_nano.a(libc_a-stdio.o)
 .debug_frame   0x00000200       0x20 /home/javastral/st/stm32cubeclt_1.17.0/GNU-tools-for-STM32/bin/../lib/gcc/arm-none-eabi/12.3.1/../../../../arm-none-eabi/lib/thumb/v7e-m+fp/hard/libc_nano.a(libc_a-memset.o)
 .debug_frame   0x00000220       0x2c /home/javastral/st/stm32cubeclt_1.17.0/GNU-tools-for-STM32/bin/../lib/gcc/arm-none-eabi/12.3.1/../../../../arm-none-eabi/lib/thumb/v7e-m+fp/hard/libc_nano.a(libc_a-closer.o)
 .debug_frame   0x0000024c       0x38 /home/javastral/st/stm32cubeclt_1.17.0/GNU-tools-for-STM32/bin/../lib/gcc/arm-none-eabi/12.3.1/../../../../arm-none-eabi/lib/thumb/v7e-m+fp/hard/libc_nano.a(libc_a-reent.o)
 .debug_frame   0x00000284       0x2c /home/javastral/st/stm32cubeclt_1.17.0/GNU-tools-for-STM32/bin/../lib/gcc/arm-none-eabi/12.3.1/../../../../arm-none-eabi/lib/thumb/v7e-m+fp/hard/libc_nano.a(libc_a-lseekr.o)
 .debug_frame   0x000002b0       0x2c /home/javastral/st/stm32cubeclt_1.17.0/GNU-tools-for-STM32/bin/../lib/gcc/arm-none-eabi/12.3.1/../../../../arm-none-eabi/lib/thumb/v7e-m+fp/hard/libc_nano.a(libc_a-readr.o)
 .debug_frame   0x000002dc       0x2c /home/javastral/st/stm32cubeclt_1.17.0/GNU-tools-for-STM32/bin/../lib/gcc/arm-none-eabi/12.3.1/../../../../arm-none-eabi/lib/thumb/v7e-m+fp/hard/libc_nano.a(libc_a-writer.o)
 .debug_frame   0x00000308       0x2c /home/javastral/st/stm32cubeclt_1.17.0/GNU-tools-for-STM32/bin/../lib/gcc/arm-none-eabi/12.3.1/../../../../arm-none-eabi/lib/thumb/v7e-m+fp/hard/libc_nano.a(libc_a-init.o)
 .debug_frame   0x00000334       0xb0 /home/javastral/st/stm32cubeclt_1.17.0/GNU-tools-for-STM32/bin/../lib/gcc/arm-none-eabi/12.3.1/../../../../arm-none-eabi/lib/thumb/v7e-m+fp/hard/libc_nano.a(libc_a-lock.o)
 .debug_frame   0x000003e4       0x38 /home/javastral/st/stm32cubeclt_1.17.0/GNU-tools-for-STM32/bin/../lib/gcc/arm-none-eabi/12.3.1/../../../../arm-none-eabi/lib/thumb/v7e-m+fp/hard/libc_nano.a(libc_a-freer.o)
 .debug_frame   0x0000041c       0x50 /home/javastral/st/stm32cubeclt_1.17.0/GNU-tools-for-STM32/bin/../lib/gcc/arm-none-eabi/12.3.1/../../../../arm-none-eabi/lib/thumb/v7e-m+fp/hard/libc_nano.a(libc_a-mallocr.o)
 .debug_frame   0x0000046c       0x30 /home/javastral/st/stm32cubeclt_1.17.0/GNU-tools-for-STM32/bin/../lib/gcc/arm-none-eabi/12.3.1/../../../../arm-none-eabi/lib/thumb/v7e-m+fp/hard/libc_nano.a(libc_a-mlock.o)
 .debug_frame   0x0000049c       0x5c /home/javastral/st/stm32cubeclt_1.17.0/GNU-tools-for-STM32/bin/../lib/gcc/arm-none-eabi/12.3.1/../../../../arm-none-eabi/lib/thumb/v7e-m+fp/hard/libc_nano.a(libc_a-fflush.o)
 .debug_frame   0x000004f8       0x2c /home/javastral/st/stm32cubeclt_1.17.0/GNU-tools-for-STM32/bin/../lib/gcc/arm-none-eabi/12.3.1/../../../../arm-none-eabi/lib/thumb/v7e-m+fp/hard/libc_nano.a(libc_a-sbrkr.o)
 .debug_frame   0x00000524      0x124 CMakeFiles/Plantilla-final.dir/Core/Src/ring_buffer.c.obj
 .debug_frame   0x00000648      0x3e4 CMakeFiles/Plantilla-final.dir/Drivers/ssd1306/ssd1306.c.obj
 .debug_frame   0x00000a2c       0x9c CMakeFiles/Plantilla-final.dir/Drivers/keypad/keypad.c.obj
 .debug_frame   0x00000ac8       0xd8 CMakeFiles/Plantilla-final.dir/Core/Src/system.c.obj
 .debug_frame   0x00000ba0      0x150 CMakeFiles/Plantilla-final.dir/Core/Src/main.c.obj
 .debug_frame   0x00000cf0      0x1cc CMakeFiles/Plantilla-final.dir/Core/Src/stm32l4xx_it.c.obj
 .debug_frame   0x00000ebc       0xcc CMakeFiles/Plantilla-final.dir/Core/Src/stm32l4xx_hal_msp.c.obj
 .debug_frame   0x00000f88      0xc38 CMakeFiles/Plantilla-final.dir/Drivers/STM32L4xx_HAL_Driver/Src/stm32l4xx_hal_i2c.c.obj
 .debug_frame   0x00001bc0      0x100 CMakeFiles/Plantilla-final.dir/Drivers/STM32L4xx_HAL_Driver/Src/stm32l4xx_hal_i2c_ex.c.obj
 .debug_frame   0x00001cc0      0x498 CMakeFiles/Plantilla-final.dir/Drivers/STM32L4xx_HAL_Driver/Src/stm32l4xx_hal.c.obj
 .debug_frame   0x00002158      0x21c CMakeFiles/Plantilla-final.dir/Drivers/STM32L4xx_HAL_Driver/Src/stm32l4xx_hal_rcc.c.obj
 .debug_frame   0x00002374      0x2fc CMakeFiles/Plantilla-final.dir/Drivers/STM32L4xx_HAL_Driver/Src/stm32l4xx_hal_rcc_ex.c.obj
 .debug_frame   0x00002670      0x14c CMakeFiles/Plantilla-final.dir/Drivers/STM32L4xx_HAL_Driver/Src/stm32l4xx_hal_gpio.c.obj
 .debug_frame   0x000027bc      0x204 CMakeFiles/Plantilla-final.dir/Drivers/STM32L4xx_HAL_Driver/Src/stm32l4xx_hal_dma.c.obj
 .debug_frame   0x000029c0      0x584 CMakeFiles/Plantilla-final.dir/Drivers/STM32L4xx_HAL_Driver/Src/stm32l4xx_hal_pwr_ex.c.obj
 .debug_frame   0x00002f44      0x4e8 CMakeFiles/Plantilla-final.dir/Drivers/STM32L4xx_HAL_Driver/Src/stm32l4xx_hal_cortex.c.obj
 .debug_frame   0x0000342c      0x9f4 CMakeFiles/Plantilla-final.dir/Drivers/STM32L4xx_HAL_Driver/Src/stm32l4xx_hal_uart.c.obj
 .debug_frame   0x00003e20      0x204 CMakeFiles/Plantilla-final.dir/Drivers/STM32L4xx_HAL_Driver/Src/stm32l4xx_hal_uart_ex.c.obj
 .debug_frame   0x00004024       0x58 CMakeFiles/Plantilla-final.dir/Core/Src/system_stm32l4xx.c.obj
 .debug_frame   0x0000407c       0x34 CMakeFiles/Plantilla-final.dir/Core/Src/sysmem.c.obj
 .debug_frame   0x000040b0      0x2ac CMakeFiles/Plantilla-final.dir/Core/Src/syscalls.c.obj
 .debug_frame   0x0000435c       0x2c /home/javastral/st/stm32cubeclt_1.17.0/GNU-tools-for-STM32/bin/../lib/gcc/arm-none-eabi/12.3.1/thumb/v7e-m+fp/hard/libgcc.a(_aeabi_uldivmod.o)
 .debug_frame   0x00004388       0x34 /home/javastral/st/stm32cubeclt_1.17.0/GNU-tools-for-STM32/bin/../lib/gcc/arm-none-eabi/12.3.1/thumb/v7e-m+fp/hard/libgcc.a(_udivmoddi4.o)
 .debug_frame   0x000043bc       0x6c /home/javastral/st/stm32cubeclt_1.17.0/GNU-tools-for-STM32/bin/../lib/gcc/arm-none-eabi/12.3.1/../../../../arm-none-eabi/lib/thumb/v7e-m+fp/hard/libg_nano.a(libc_a-printf.o)
 .debug_frame   0x00004428       0x3c /home/javastral/st/stm32cubeclt_1.17.0/GNU-tools-for-STM32/bin/../lib/gcc/arm-none-eabi/12.3.1/../../../../arm-none-eabi/lib/thumb/v7e-m+fp/hard/libg_nano.a(libc_a-puts.o)
 .debug_frame   0x00004464       0x40 /home/javastral/st/stm32cubeclt_1.17.0/GNU-tools-for-STM32/bin/../lib/gcc/arm-none-eabi/12.3.1/../../../../arm-none-eabi/lib/thumb/v7e-m+fp/hard/libg_nano.a(libc_a-wbuf.o)
 .debug_frame   0x000044a4       0x2c /home/javastral/st/stm32cubeclt_1.17.0/GNU-tools-for-STM32/bin/../lib/gcc/arm-none-eabi/12.3.1/../../../../arm-none-eabi/lib/thumb/v7e-m+fp/hard/libg_nano.a(libc_a-wsetup.o)
 .debug_frame   0x000044d0       0x20 /home/javastral/st/stm32cubeclt_1.17.0/GNU-tools-for-STM32/bin/../lib/gcc/arm-none-eabi/12.3.1/../../../../arm-none-eabi/lib/thumb/v7e-m+fp/hard/libg_nano.a(libc_a-errno.o)
 .debug_frame   0x000044f0       0x20 /home/javastral/st/stm32cubeclt_1.17.0/GNU-tools-for-STM32/bin/../lib/gcc/arm-none-eabi/12.3.1/../../../../arm-none-eabi/lib/thumb/v7e-m+fp/hard/libg_nano.a(libc_a-strcmp.o)
 .debug_frame   0x00004510       0xa8 /home/javastral/st/stm32cubeclt_1.17.0/GNU-tools-for-STM32/bin/../lib/gcc/arm-none-eabi/12.3.1/../../../../arm-none-eabi/lib/thumb/v7e-m+fp/hard/libg_nano.a(libc_a-nano-vfprintf.o)
 .debug_frame   0x000045b8       0x60 /home/javastral/st/stm32cubeclt_1.17.0/GNU-tools-for-STM32/bin/../lib/gcc/arm-none-eabi/12.3.1/../../../../arm-none-eabi/lib/thumb/v7e-m+fp/hard/libg_nano.a(libc_a-nano-vfprintf_i.o)
 .debug_frame   0x00004618       0x58 /home/javastral/st/stm32cubeclt_1.17.0/GNU-tools-for-STM32/bin/../lib/gcc/arm-none-eabi/12.3.1/../../../../arm-none-eabi/lib/thumb/v7e-m+fp/hard/libg_nano.a(libc_a-makebuf.o)
 .debug_frame   0x00004670       0x2c /home/javastral/st/stm32cubeclt_1.17.0/GNU-tools-for-STM32/bin/../lib/gcc/arm-none-eabi/12.3.1/../../../../arm-none-eabi/lib/thumb/v7e-m+fp/hard/libg_nano.a(libc_a-fstatr.o)
 .debug_frame   0x0000469c       0x2c /home/javastral/st/stm32cubeclt_1.17.0/GNU-tools-for-STM32/bin/../lib/gcc/arm-none-eabi/12.3.1/../../../../arm-none-eabi/lib/thumb/v7e-m+fp/hard/libg_nano.a(libc_a-isattyr.o)

.debug_info     0x00000000    0x18513
 .debug_info    0x00000000      0x22b CMakeFiles/Plantilla-final.dir/Core/Src/ring_buffer.c.obj
 .debug_info    0x0000022b     0x1277 CMakeFiles/Plantilla-final.dir/Drivers/ssd1306/ssd1306.c.obj
 .debug_info    0x000014a2      0x2ab CMakeFiles/Plantilla-final.dir/Drivers/ssd1306/ssd1306_fonts.c.obj
 .debug_info    0x0000174d      0x371 CMakeFiles/Plantilla-final.dir/Drivers/keypad/keypad.c.obj
 .debug_info    0x00001abe      0x436 CMakeFiles/Plantilla-final.dir/Core/Src/system.c.obj
 .debug_info    0x00001ef4     0x1777 CMakeFiles/Plantilla-final.dir/Core/Src/main.c.obj
 .debug_info    0x0000366b      0xae7 CMakeFiles/Plantilla-final.dir/Core/Src/stm32l4xx_it.c.obj
 .debug_info    0x00004152     0x1352 CMakeFiles/Plantilla-final.dir/Core/Src/stm32l4xx_hal_msp.c.obj
 .debug_info    0x000054a4     0x20d2 CMakeFiles/Plantilla-final.dir/Drivers/STM32L4xx_HAL_Driver/Src/stm32l4xx_hal_i2c.c.obj
 .debug_info    0x00007576      0x975 CMakeFiles/Plantilla-final.dir/Drivers/STM32L4xx_HAL_Driver/Src/stm32l4xx_hal_i2c_ex.c.obj
 .debug_info    0x00007eeb      0xc09 CMakeFiles/Plantilla-final.dir/Drivers/STM32L4xx_HAL_Driver/Src/stm32l4xx_hal.c.obj
 .debug_info    0x00008af4      0xc14 CMakeFiles/Plantilla-final.dir/Drivers/STM32L4xx_HAL_Driver/Src/stm32l4xx_hal_rcc.c.obj
 .debug_info    0x00009708      0xe11 CMakeFiles/Plantilla-final.dir/Drivers/STM32L4xx_HAL_Driver/Src/stm32l4xx_hal_rcc_ex.c.obj
 .debug_info    0x0000a519      0x757 CMakeFiles/Plantilla-final.dir/Drivers/STM32L4xx_HAL_Driver/Src/stm32l4xx_hal_gpio.c.obj
 .debug_info    0x0000ac70      0x6f4 CMakeFiles/Plantilla-final.dir/Drivers/STM32L4xx_HAL_Driver/Src/stm32l4xx_hal_dma.c.obj
 .debug_info    0x0000b364      0x99e CMakeFiles/Plantilla-final.dir/Drivers/STM32L4xx_HAL_Driver/Src/stm32l4xx_hal_pwr_ex.c.obj
 .debug_info    0x0000bd02      0xd81 CMakeFiles/Plantilla-final.dir/Drivers/STM32L4xx_HAL_Driver/Src/stm32l4xx_hal_cortex.c.obj
 .debug_info    0x0000ca83     0x3b69 CMakeFiles/Plantilla-final.dir/Drivers/STM32L4xx_HAL_Driver/Src/stm32l4xx_hal_uart.c.obj
 .debug_info    0x000105ec      0xdff CMakeFiles/Plantilla-final.dir/Drivers/STM32L4xx_HAL_Driver/Src/stm32l4xx_hal_uart_ex.c.obj
 .debug_info    0x000113eb      0x5b1 CMakeFiles/Plantilla-final.dir/Core/Src/system_stm32l4xx.c.obj
 .debug_info    0x0001199c      0x168 CMakeFiles/Plantilla-final.dir/Core/Src/sysmem.c.obj
 .debug_info    0x00011b04      0x6a3 CMakeFiles/Plantilla-final.dir/Core/Src/syscalls.c.obj
 .debug_info    0x000121a7       0x30 CMakeFiles/Plantilla-final.dir/startup_stm32l476xx.s.obj
 .debug_info    0x000121d7      0x83b /home/javastral/st/stm32cubeclt_1.17.0/GNU-tools-for-STM32/bin/../lib/gcc/arm-none-eabi/12.3.1/../../../../arm-none-eabi/lib/thumb/v7e-m+fp/hard/libg_nano.a(libc_a-printf.o)
 .debug_info    0x00012a12      0x94a /home/javastral/st/stm32cubeclt_1.17.0/GNU-tools-for-STM32/bin/../lib/gcc/arm-none-eabi/12.3.1/../../../../arm-none-eabi/lib/thumb/v7e-m+fp/hard/libg_nano.a(libc_a-puts.o)
 .debug_info    0x0001335c      0x868 /home/javastral/st/stm32cubeclt_1.17.0/GNU-tools-for-STM32/bin/../lib/gcc/arm-none-eabi/12.3.1/../../../../arm-none-eabi/lib/thumb/v7e-m+fp/hard/libg_nano.a(libc_a-wbuf.o)
 .debug_info    0x00013bc4      0x7bb /home/javastral/st/stm32cubeclt_1.17.0/GNU-tools-for-STM32/bin/../lib/gcc/arm-none-eabi/12.3.1/../../../../arm-none-eabi/lib/thumb/v7e-m+fp/hard/libg_nano.a(libc_a-wsetup.o)
 .debug_info    0x0001437f      0x6fb /home/javastral/st/stm32cubeclt_1.17.0/GNU-tools-for-STM32/bin/../lib/gcc/arm-none-eabi/12.3.1/../../../../arm-none-eabi/lib/thumb/v7e-m+fp/hard/libg_nano.a(libc_a-errno.o)